Archive member included to satisfy reference by file (symbol)

c:/mounriver/mounriver_studio/toolchain/risc-v embedded gcc/bin/../lib/gcc/riscv-none-embed/8.2.0/rv32imacxw/ilp32\libgcc.a(_divdi3.o)
                              ./rtthread/components/rt_vsnprintf_full-master/rt_vsnprintf.o (__divdi3)
c:/mounriver/mounriver_studio/toolchain/risc-v embedded gcc/bin/../lib/gcc/riscv-none-embed/8.2.0/rv32imacxw/ilp32\libgcc.a(_moddi3.o)
                              ./rtthread/components/rt_vsnprintf_full-master/rt_vsnprintf.o (__moddi3)
c:/mounriver/mounriver_studio/toolchain/risc-v embedded gcc/bin/../lib/gcc/riscv-none-embed/8.2.0/rv32imacxw/ilp32\libgcc.a(_udivdi3.o)
                              ./rtthread/components/rt_vsnprintf_full-master/rt_vsnprintf.o (__udivdi3)
c:/mounriver/mounriver_studio/toolchain/risc-v embedded gcc/bin/../lib/gcc/riscv-none-embed/8.2.0/rv32imacxw/ilp32\libgcc.a(_umoddi3.o)
                              ./rtthread/components/rt_vsnprintf_full-master/rt_vsnprintf.o (__umoddi3)
c:/mounriver/mounriver_studio/toolchain/risc-v embedded gcc/bin/../lib/gcc/riscv-none-embed/8.2.0/rv32imacxw/ilp32\libgcc.a(adddf3.o)
                              ./rtthread/components/rt_vsnprintf_full-master/rt_vsnprintf.o (__adddf3)
c:/mounriver/mounriver_studio/toolchain/risc-v embedded gcc/bin/../lib/gcc/riscv-none-embed/8.2.0/rv32imacxw/ilp32\libgcc.a(divdf3.o)
                              ./rtthread/components/rt_vsnprintf_full-master/rt_vsnprintf.o (__divdf3)
c:/mounriver/mounriver_studio/toolchain/risc-v embedded gcc/bin/../lib/gcc/riscv-none-embed/8.2.0/rv32imacxw/ilp32\libgcc.a(eqdf2.o)
                              ./rtthread/components/rt_vsnprintf_full-master/rt_vsnprintf.o (__eqdf2)
c:/mounriver/mounriver_studio/toolchain/risc-v embedded gcc/bin/../lib/gcc/riscv-none-embed/8.2.0/rv32imacxw/ilp32\libgcc.a(gedf2.o)
                              ./rtthread/components/rt_vsnprintf_full-master/rt_vsnprintf.o (__gedf2)
c:/mounriver/mounriver_studio/toolchain/risc-v embedded gcc/bin/../lib/gcc/riscv-none-embed/8.2.0/rv32imacxw/ilp32\libgcc.a(ledf2.o)
                              ./rtthread/components/rt_vsnprintf_full-master/rt_vsnprintf.o (__ledf2)
c:/mounriver/mounriver_studio/toolchain/risc-v embedded gcc/bin/../lib/gcc/riscv-none-embed/8.2.0/rv32imacxw/ilp32\libgcc.a(muldf3.o)
                              ./rtthread/components/rt_vsnprintf_full-master/rt_vsnprintf.o (__muldf3)
c:/mounriver/mounriver_studio/toolchain/risc-v embedded gcc/bin/../lib/gcc/riscv-none-embed/8.2.0/rv32imacxw/ilp32\libgcc.a(subdf3.o)
                              ./rtthread/components/rt_vsnprintf_full-master/rt_vsnprintf.o (__subdf3)
c:/mounriver/mounriver_studio/toolchain/risc-v embedded gcc/bin/../lib/gcc/riscv-none-embed/8.2.0/rv32imacxw/ilp32\libgcc.a(fixdfsi.o)
                              ./rtthread/components/rt_vsnprintf_full-master/rt_vsnprintf.o (__fixdfsi)
c:/mounriver/mounriver_studio/toolchain/risc-v embedded gcc/bin/../lib/gcc/riscv-none-embed/8.2.0/rv32imacxw/ilp32\libgcc.a(floatsidf.o)
                              ./rtthread/components/rt_vsnprintf_full-master/rt_vsnprintf.o (__floatsidf)
c:/mounriver/mounriver_studio/toolchain/risc-v embedded gcc/bin/../lib/gcc/riscv-none-embed/8.2.0/rv32imacxw/ilp32\libgcc.a(fixdfdi.o)
                              ./rtthread/components/rt_vsnprintf_full-master/rt_vsnprintf.o (__fixdfdi)
c:/mounriver/mounriver_studio/toolchain/risc-v embedded gcc/bin/../lib/gcc/riscv-none-embed/8.2.0/rv32imacxw/ilp32\libgcc.a(floatdidf.o)
                              ./rtthread/components/rt_vsnprintf_full-master/rt_vsnprintf.o (__floatdidf)
c:/mounriver/mounriver_studio/toolchain/risc-v embedded gcc/bin/../lib/gcc/riscv-none-embed/8.2.0/rv32imacxw/ilp32\libgcc.a(mulsf3.o)
                              ./bsp/src/bsp_vin_detection.o (__mulsf3)
c:/mounriver/mounriver_studio/toolchain/risc-v embedded gcc/bin/../lib/gcc/riscv-none-embed/8.2.0/rv32imacxw/ilp32\libgcc.a(fixunssfsi.o)
                              ./bsp/src/bsp_vin_detection.o (__fixunssfsi)
c:/mounriver/mounriver_studio/toolchain/risc-v embedded gcc/bin/../lib/gcc/riscv-none-embed/8.2.0/rv32imacxw/ilp32\libgcc.a(floatunsisf.o)
                              ./bsp/src/bsp_vin_detection.o (__floatunsisf)
c:/mounriver/mounriver_studio/toolchain/risc-v embedded gcc/bin/../lib/gcc/riscv-none-embed/8.2.0/rv32imacxw/ilp32\libgcc.a(extendsfdf2.o)
                              ./bsp/src/bsp_sensor.o (__extendsfdf2)
c:/mounriver/mounriver_studio/toolchain/risc-v embedded gcc/bin/../lib/gcc/riscv-none-embed/8.2.0/rv32imacxw/ilp32\libgcc.a(truncdfsf2.o)
                              ./bsp/src/bsp_sensor.o (__truncdfsf2)
c:/mounriver/mounriver_studio/toolchain/risc-v embedded gcc/bin/../lib/gcc/riscv-none-embed/8.2.0/rv32imacxw/ilp32\libgcc.a(save-restore.o)
                              ./rtthread/components/utilities/ulog/ulog.o (__riscv_save_12)
[...]
Memory Configuration

Name             Origin             Length             Attributes
FLASH            0x0000000000000000 0x0000000000040000 xr
RAM              0x0000000020000000 0x0000000000010000 xrw
*default*        0x0000000000000000 0xffffffffffffffff

Linker script and memory map

LOAD ./rtthread/src/clock.o
LOAD ./rtthread/src/components.o
LOAD ./rtthread/src/cpu.o
LOAD ./rtthread/src/device.o
LOAD ./rtthread/src/idle.o
LOAD ./rtthread/src/ipc.o
LOAD ./rtthread/src/irq.o
LOAD ./rtthread/src/kservice.o
LOAD ./rtthread/src/mem.o
LOAD ./rtthread/src/memheap.o
LOAD ./rtthread/src/mempool.o
LOAD ./rtthread/src/object.o
LOAD ./rtthread/src/scheduler.o
LOAD ./rtthread/src/slab.o
LOAD ./rtthread/src/thread.o
LOAD ./rtthread/src/timer.o
LOAD ./rtthread/libcpu/risc-v/common/context_gcc.o
LOAD ./rtthread/libcpu/risc-v/common/cpuport.o
LOAD ./rtthread/libcpu/risc-v/common/interrupt_gcc.o
LOAD ./rtthread/components/utilities/ulog/backend/console_be.o
LOAD ./rtthread/components/utilities/ulog/ulog.o
LOAD ./rtthread/components/rt_vsnprintf_full-master/rt_vsnprintf.o
LOAD ./rtthread/components/finsh/cmd.o
LOAD ./rtthread/components/finsh/msh.o
LOAD ./rtthread/components/finsh/msh_cmd.o
LOAD ./rtthread/components/finsh/msh_file.o
LOAD ./rtthread/components/finsh/shell.o
LOAD ./rtthread/components/finsh/symbol.o
LOAD ./rtthread/components/drivers/serial/serial.o
LOAD ./rtthread/components/drivers/misc/pin.o
LOAD ./rtthread/board.o
LOAD ./drivers/drv_gpio.o
LOAD ./drivers/drv_usart.o
LOAD ./common/agile_led/agile_led.o
LOAD ./common/LwRB/lwrb.o
LOAD ./common/LwRB/lwutil.o
LOAD ./common/FlexibleButton-master/flexible_button.o
LOAD ./common/AT-Command-master/src/at_chat.o
LOAD ./common/AT-Command-master/src/at_port.o
LOAD ./common/AT-Command-master/src/ringbuffer.o
LOAD ./bsp/src/bsp_button.o
LOAD ./bsp/src/bsp_flash.o
LOAD ./bsp/src/bsp_hr.o
LOAD ./bsp/src/bsp_led.o
LOAD ./bsp/src/bsp_rtc.o
LOAD ./bsp/src/bsp_sensor.o
LOAD ./bsp/src/bsp_vin_detection.o
LOAD ./bsp/src/bsp_voice.o
LOAD ./bsp/src/bsp_wdg.o
LOAD ./User/ch32v30x_it.o
LOAD ./User/main.o
LOAD ./User/system_ch32v30x.o
LOAD ./Startup/startup_ch32v30x_D8C.o
LOAD ./Peripheral/source/ch32v30x_adc.o
LOAD ./Peripheral/source/ch32v30x_bkp.o
LOAD ./Peripheral/source/ch32v30x_can.o
LOAD ./Peripheral/source/ch32v30x_crc.o
LOAD ./Peripheral/source/ch32v30x_dac.o
LOAD ./Peripheral/source/ch32v30x_dbgmcu.o
LOAD ./Peripheral/source/ch32v30x_dma.o
LOAD ./Peripheral/source/ch32v30x_dvp.o
LOAD ./Peripheral/source/ch32v30x_eth.o
LOAD ./Peripheral/source/ch32v30x_exti.o
LOAD ./Peripheral/source/ch32v30x_flash.o
LOAD ./Peripheral/source/ch32v30x_fsmc.o
LOAD ./Peripheral/source/ch32v30x_gpio.o
LOAD ./Peripheral/source/ch32v30x_i2c.o
LOAD ./Peripheral/source/ch32v30x_iwdg.o
LOAD ./Peripheral/source/ch32v30x_misc.o
LOAD ./Peripheral/source/ch32v30x_opa.o
LOAD ./Peripheral/source/ch32v30x_pwr.o
LOAD ./Peripheral/source/ch32v30x_rcc.o
LOAD ./Peripheral/source/ch32v30x_rng.o
LOAD ./Peripheral/source/ch32v30x_rtc.o
LOAD ./Peripheral/source/ch32v30x_sdio.o
LOAD ./Peripheral/source/ch32v30x_spi.o
LOAD ./Peripheral/source/ch32v30x_tim.o
LOAD ./Peripheral/source/ch32v30x_usart.o
LOAD ./Peripheral/source/ch32v30x_wwdg.o
LOAD ./Debug/debug.o
LOAD ./Core/core_riscv.o
LOAD c:/mounriver/mounriver_studio/toolchain/risc-v embedded gcc/bin/../lib/gcc/riscv-none-embed/8.2.0/../../../../riscv-none-embed/lib/rv32imacxw/ilp32\libm.a
LOAD c:/mounriver/mounriver_studio/toolchain/risc-v embedded gcc/bin/../lib/gcc/riscv-none-embed/8.2.0/../../../../riscv-none-embed/lib/rv32imacxw/ilp32\libprintfloat.a
LOAD c:/mounriver/mounriver_studio/toolchain/risc-v embedded gcc/bin/../lib/gcc/riscv-none-embed/8.2.0/rv32imacxw/ilp32\libgcc.a
LOAD c:/mounriver/mounriver_studio/toolchain/risc-v embedded gcc/bin/../lib/gcc/riscv-none-embed/8.2.0/../../../../riscv-none-embed/lib/rv32imacxw/ilp32\libg_nano.a
LOAD c:/mounriver/mounriver_studio/toolchain/risc-v embedded gcc/bin/../lib/gcc/riscv-none-embed/8.2.0/../../../../riscv-none-embed/lib/rv32imacxw/ilp32\libc_nano.a
LOAD c:/mounriver/mounriver_studio/toolchain/risc-v embedded gcc/bin/../lib/gcc/riscv-none-embed/8.2.0/rv32imacxw/ilp32\libgcc.a
START GROUP
LOAD c:/mounriver/mounriver_studio/toolchain/risc-v embedded gcc/bin/../lib/gcc/riscv-none-embed/8.2.0/rv32imacxw/ilp32\libgcc.a
LOAD c:/mounriver/mounriver_studio/toolchain/risc-v embedded gcc/bin/../lib/gcc/riscv-none-embed/8.2.0/../../../../riscv-none-embed/lib/rv32imacxw/ilp32\libc_nano.a
LOAD c:/mounriver/mounriver_studio/toolchain/risc-v embedded gcc/bin/../lib/gcc/riscv-none-embed/8.2.0/../../../../riscv-none-embed/lib/rv32imacxw/ilp32\libnosys.a
END GROUP
START GROUP
LOAD c:/mounriver/mounriver_studio/toolchain/risc-v embedded gcc/bin/../lib/gcc/riscv-none-embed/8.2.0/rv32imacxw/ilp32\libgcc.a
LOAD c:/mounriver/mounriver_studio/toolchain/risc-v embedded gcc/bin/../lib/gcc/riscv-none-embed/8.2.0/../../../../riscv-none-embed/lib/rv32imacxw/ilp32\libc_nano.a
LOAD c:/mounriver/mounriver_studio/toolchain/risc-v embedded gcc/bin/../lib/gcc/riscv-none-embed/8.2.0/../../../../riscv-none-embed/lib/rv32imacxw/ilp32\libnosys.a
END GROUP
                0x0000000000001000                __stack_size = 0x1000
                [!provide]                        PROVIDE (_stack_size = __stack_size)

.init           0x0000000000000000        0x4
                0x0000000000000000                _sinit = .
                0x0000000000000000                . = ALIGN (0x4)
 *(SORT_NONE(.init))
 .init          0x0000000000000000        0x4 ./Startup/startup_ch32v30x_D8C.o
                0x0000000000000000                _start
                0x0000000000000004                . = ALIGN (0x4)
                0x0000000000000004                _einit = .

.vector         0x0000000000000004      0x1bc
 *(.vector)
 .vector        0x0000000000000004      0x1a0 ./Startup/startup_ch32v30x_D8C.o
                0x00000000000001c0                . = ALIGN (0x40)
 *fill*         0x00000000000001a4       0x1c 

.text           0x00000000000001c0    0x143e0
                0x00000000000001c0                . = ALIGN (0x4)
 *(.text)
 .text          0x00000000000001c0       0xce ./rtthread/libcpu/risc-v/common/context_gcc.o
                0x00000000000001c0                rt_hw_context_switch_to
                0x00000000000001dc                rt_hw_context_switch
                0x0000000000000236                rt_hw_context_switch_exit
 *fill*         0x000000000000028e        0x2 
 .text          0x0000000000000290       0xe2 ./rtthread/libcpu/risc-v/common/interrupt_gcc.o
                0x0000000000000290                SW_Handler
 .text          0x0000000000000372       0x60 c:/mounriver/mounriver_studio/toolchain/risc-v embedded gcc/bin/../lib/gcc/riscv-none-embed/8.2.0/rv32imacxw/ilp32\libgcc.a(save-restore.o)
                0x0000000000000372                __riscv_save_12
                0x000000000000037a                __riscv_save_9
                0x000000000000037a                __riscv_save_11
                0x000000000000037a                __riscv_save_10
                0x000000000000037a                __riscv_save_8
                0x0000000000000388                __riscv_save_4
                0x0000000000000388                __riscv_save_6
                0x0000000000000388                __riscv_save_5
                0x0000000000000388                __riscv_save_7
                0x00000000000003a2                __riscv_save_3
                0x00000000000003a2                __riscv_save_2
                0x00000000000003a2                __riscv_save_1
                0x00000000000003a2                __riscv_save_0
                0x00000000000003ae                __riscv_restore_12
                0x00000000000003b2                __riscv_restore_11
                0x00000000000003b2                __riscv_restore_9
                0x00000000000003b2                __riscv_restore_10
                0x00000000000003b2                __riscv_restore_8
                0x00000000000003bc                __riscv_restore_5
                0x00000000000003bc                __riscv_restore_7
                0x00000000000003bc                __riscv_restore_6
                0x00000000000003bc                __riscv_restore_4
                0x00000000000003c6                __riscv_restore_3
                0x00000000000003c6                __riscv_restore_0
                0x00000000000003c6                __riscv_restore_2
                0x00000000000003c6                __riscv_restore_1
 .text          0x00000000000003d2       0xa8 c:/mounriver/mounriver_studio/toolchain/risc-v embedded gcc/bin/../lib/gcc/riscv-none-embed/8.2.0/../../../../riscv-none-embed/lib/rv32imacxw/ilp32\libg_nano.a(lib_a-memset.o)
                0x00000000000003d2                memset
 *(.text.*)
 .text.rt_tick_get
                0x000000000000047a        0x6 ./rtthread/src/clock.o
                0x000000000000047a                rt_tick_get
 .text.rt_tick_increase
                0x0000000000000480       0x28 ./rtthread/src/clock.o
                0x0000000000000480                rt_tick_increase
 .text.rt_tick_from_millisecond
                0x00000000000004a8       0x28 ./rtthread/src/clock.o
                0x00000000000004a8                rt_tick_from_millisecond
 .text.rti_start
                0x00000000000004d0        0x4 ./rtthread/src/components.o
 .text.rti_end  0x00000000000004d4        0x4 ./rtthread/src/components.o
 .text.rti_board_start
                0x00000000000004d8        0x4 ./rtthread/src/components.o
 .text.rti_board_end
                0x00000000000004dc        0x4 ./rtthread/src/components.o
 .text.rt_components_board_init
                0x00000000000004e0       0x1e ./rtthread/src/components.o
                0x00000000000004e0                rt_components_board_init
 .text.rt_components_init
                0x00000000000004fe       0x1e ./rtthread/src/components.o
                0x00000000000004fe                rt_components_init
 .text.main_thread_entry
                0x000000000000051c        0xc ./rtthread/src/components.o
                0x000000000000051c                main_thread_entry
 .text.rt_application_init
                0x0000000000000528       0x28 ./rtthread/src/components.o
                0x0000000000000528                rt_application_init
 .text.rtthread_startup
                0x0000000000000550       0x28 ./rtthread/src/components.o
                0x0000000000000550                rtthread_startup
 .text.entry    0x0000000000000578        0xa ./rtthread/src/components.o
                0x0000000000000578                entry
 .text.rt_device_find
                0x0000000000000582       0x4a ./rtthread/src/device.o
                0x0000000000000582                rt_device_find
 .text.rt_device_register
                0x00000000000005cc       0x34 ./rtthread/src/device.o
                0x00000000000005cc                rt_device_register
 .text.rt_device_open
                0x0000000000000600       0x7e ./rtthread/src/device.o
                0x0000000000000600                rt_device_open
 .text.rt_device_close
                0x000000000000067e       0x3c ./rtthread/src/device.o
                0x000000000000067e                rt_device_close
 .text.rt_device_read
                0x00000000000006ba       0x20 ./rtthread/src/device.o
                0x00000000000006ba                rt_device_read
 .text.rt_device_write
                0x00000000000006da       0x20 ./rtthread/src/device.o
                0x00000000000006da                rt_device_write
 .text.rt_device_control
                0x00000000000006fa       0x10 ./rtthread/src/device.o
                0x00000000000006fa                rt_device_control
 .text.rt_device_set_rx_indicate
                0x000000000000070a        0x6 ./rtthread/src/device.o
                0x000000000000070a                rt_device_set_rx_indicate
 .text.rt_thread_idle_excute
                0x0000000000000710       0x74 ./rtthread/src/idle.o
                0x0000000000000710                rt_thread_idle_excute
 .text.rt_thread_idle_entry
                0x0000000000000784       0x1c ./rtthread/src/idle.o
 .text.rt_thread_idle_init
                0x00000000000007a0       0x36 ./rtthread/src/idle.o
                0x00000000000007a0                rt_thread_idle_init
 .text.rt_ipc_list_resume_all
                0x00000000000007d6       0x2a ./rtthread/src/ipc.o
 .text.rt_ipc_list_suspend
                0x0000000000000800       0x5a ./rtthread/src/ipc.o
 .text.rt_sem_init
                0x000000000000085a       0x28 ./rtthread/src/ipc.o
                0x000000000000085a                rt_sem_init
 .text.rt_sem_take
                0x0000000000000882       0x80 ./rtthread/src/ipc.o
                0x0000000000000882                rt_sem_take
 .text.rt_sem_trytake
                0x0000000000000902        0xa ./rtthread/src/ipc.o
                0x0000000000000902                rt_sem_trytake
 .text.rt_sem_release
                0x000000000000090c       0x40 ./rtthread/src/ipc.o
                0x000000000000090c                rt_sem_release
 .text.rt_mutex_init
                0x000000000000094c       0x2a ./rtthread/src/ipc.o
                0x000000000000094c                rt_mutex_init
 .text.rt_mutex_create
                0x0000000000000976       0x28 ./rtthread/src/ipc.o
                0x0000000000000976                rt_mutex_create
 .text.rt_mutex_take
                0x000000000000099e       0xd0 ./rtthread/src/ipc.o
                0x000000000000099e                rt_mutex_take
 .text.rt_mutex_release
                0x0000000000000a6e       0xb2 ./rtthread/src/ipc.o
                0x0000000000000a6e                rt_mutex_release
 .text.rt_event_init
                0x0000000000000b20       0x24 ./rtthread/src/ipc.o
                0x0000000000000b20                rt_event_init
 .text.rt_event_send
                0x0000000000000b44       0x90 ./rtthread/src/ipc.o
                0x0000000000000b44                rt_event_send
 .text.rt_event_recv
                0x0000000000000bd4       0xdc ./rtthread/src/ipc.o
                0x0000000000000bd4                rt_event_recv
 .text.rt_mb_init
                0x0000000000000cb0       0x40 ./rtthread/src/ipc.o
                0x0000000000000cb0                rt_mb_init
 .text.rt_mb_detach
                0x0000000000000cf0       0x20 ./rtthread/src/ipc.o
                0x0000000000000cf0                rt_mb_detach
 .text.rt_mb_send_wait
                0x0000000000000d10      0x102 ./rtthread/src/ipc.o
                0x0000000000000d10                rt_mb_send_wait
 .text.rt_mb_send
                0x0000000000000e12        0xc ./rtthread/src/ipc.o
                0x0000000000000e12                rt_mb_send
 .text.rt_mb_recv
                0x0000000000000e1e      0x126 ./rtthread/src/ipc.o
                0x0000000000000e1e                rt_mb_recv
 .text.rt_interrupt_enter
                0x0000000000000f44       0x2e ./rtthread/src/irq.o
                0x0000000000000f44                rt_interrupt_enter
 .text.rt_interrupt_leave
                0x0000000000000f72       0x2e ./rtthread/src/irq.o
                0x0000000000000f72                rt_interrupt_leave
 .text.rt_interrupt_get_nest
                0x0000000000000fa0        0x6 ./rtthread/src/irq.o
                0x0000000000000fa0                rt_interrupt_get_nest
 .text.rt_set_errno
                0x0000000000000fa6       0x1c ./rtthread/src/kservice.o
                0x0000000000000fa6                rt_set_errno
 .text.rt_memset
                0x0000000000000fc2       0x88 ./rtthread/src/kservice.o
                0x0000000000000fc2                rt_memset
 .text.rt_memcpy
                0x000000000000104a       0xb2 ./rtthread/src/kservice.o
                0x000000000000104a                rt_memcpy
 .text.rt_memmove
                0x00000000000010fc       0x48 ./rtthread/src/kservice.o
                0x00000000000010fc                rt_memmove
 .text.rt_strncpy
                0x0000000000001144       0x2c ./rtthread/src/kservice.o
                0x0000000000001144                rt_strncpy
 .text.rt_strncmp
                0x0000000000001170       0x2a ./rtthread/src/kservice.o
                0x0000000000001170                rt_strncmp
 .text.rt_strlen
                0x000000000000119a       0x12 ./rtthread/src/kservice.o
                0x000000000000119a                rt_strlen
 .text.rt_snprintf
                0x00000000000011ac       0x1c ./rtthread/src/kservice.o
                0x00000000000011ac                rt_snprintf
 .text.rt_console_get_device
                0x00000000000011c8        0x6 ./rtthread/src/kservice.o
                0x00000000000011c8                rt_console_get_device
 .text.rt_console_set_device
                0x00000000000011ce       0x2e ./rtthread/src/kservice.o
                0x00000000000011ce                rt_console_set_device
 .text.rt_hw_console_output
                0x00000000000011fc        0x2 ./rtthread/src/kservice.o
                0x00000000000011fc                rt_hw_console_output
 .text.rt_kputs
                0x00000000000011fe       0x3c ./rtthread/src/kservice.o
                0x00000000000011fe                rt_kputs
 .text.rt_kprintf
                0x000000000000123a       0x6a ./rtthread/src/kservice.o
                0x000000000000123a                rt_kprintf
 .text.rt_show_version
                0x00000000000012a4       0x3e ./rtthread/src/kservice.o
                0x00000000000012a4                rt_show_version
 .text.__rt_ffs
                0x00000000000012e2       0x4e ./rtthread/src/kservice.o
                0x00000000000012e2                __rt_ffs
 .text.plug_holes
                0x0000000000001330       0x58 ./rtthread/src/mem.o
 .text.list_mem
                0x0000000000001388       0x32 ./rtthread/src/mem.o
                0x0000000000001388                list_mem
 .text.rt_system_heap_init
                0x00000000000013ba       0x7c ./rtthread/src/mem.o
                0x00000000000013ba                rt_system_heap_init
 .text.rt_malloc
                0x0000000000001436      0x12c ./rtthread/src/mem.o
                0x0000000000001436                rt_malloc
 .text.rt_calloc
                0x0000000000001562       0x24 ./rtthread/src/mem.o
                0x0000000000001562                rt_calloc
 .text.rt_free  0x0000000000001586       0xb0 ./rtthread/src/mem.o
                0x0000000000001586                rt_free
 .text.rt_object_get_information
                0x0000000000001636       0x2a ./rtthread/src/object.o
                0x0000000000001636                rt_object_get_information
 .text.rt_object_init
                0x0000000000001660       0x5e ./rtthread/src/object.o
                0x0000000000001660                rt_object_init
 .text.rt_object_detach
                0x00000000000016be       0x2e ./rtthread/src/object.o
                0x00000000000016be                rt_object_detach
 .text.rt_object_allocate
                0x00000000000016ec       0x58 ./rtthread/src/object.o
                0x00000000000016ec                rt_object_allocate
 .text.rt_object_delete
                0x0000000000001744       0x32 ./rtthread/src/object.o
                0x0000000000001744                rt_object_delete
 .text.rt_object_is_systemobject
                0x0000000000001776        0x8 ./rtthread/src/object.o
                0x0000000000001776                rt_object_is_systemobject
 .text.rt_system_scheduler_init
                0x000000000000177e       0x2e ./rtthread/src/scheduler.o
                0x000000000000177e                rt_system_scheduler_init
 .text.rt_system_scheduler_start
                0x00000000000017ac       0x2c ./rtthread/src/scheduler.o
                0x00000000000017ac                rt_system_scheduler_start
 .text.rt_schedule
                0x00000000000017d8       0xb8 ./rtthread/src/scheduler.o
                0x00000000000017d8                rt_schedule
 .text.rt_schedule_insert_thread
                0x0000000000001890       0x48 ./rtthread/src/scheduler.o
                0x0000000000001890                rt_schedule_insert_thread
 .text.rt_schedule_remove_thread
                0x00000000000018d8       0x46 ./rtthread/src/scheduler.o
                0x00000000000018d8                rt_schedule_remove_thread
 .text.rt_enter_critical
                0x000000000000191e       0x1a ./rtthread/src/scheduler.o
                0x000000000000191e                rt_enter_critical
 .text.rt_exit_critical
                0x0000000000001938       0x36 ./rtthread/src/scheduler.o
                0x0000000000001938                rt_exit_critical
 .text.rt_thread_exit
                0x000000000000196e       0x5c ./rtthread/src/thread.o
                0x000000000000196e                rt_thread_exit
 .text._rt_thread_init.isra.0
                0x00000000000019ca       0x90 ./rtthread/src/thread.o
 .text.rt_thread_timeout
                0x0000000000001a5a       0x24 ./rtthread/src/thread.o
                0x0000000000001a5a                rt_thread_timeout
 .text.rt_thread_init
                0x0000000000001a7e       0x32 ./rtthread/src/thread.o
                0x0000000000001a7e                rt_thread_init
 .text.rt_thread_self
                0x0000000000001ab0        0x6 ./rtthread/src/thread.o
                0x0000000000001ab0                rt_thread_self
 .text.rt_thread_create
                0x0000000000001ab6       0x48 ./rtthread/src/thread.o
                0x0000000000001ab6                rt_thread_create
 .text.rt_thread_delete
                0x0000000000001afe       0x3e ./rtthread/src/thread.o
                0x0000000000001afe                rt_thread_delete
 .text.rt_thread_yield
                0x0000000000001b3c       0x52 ./rtthread/src/thread.o
                0x0000000000001b3c                rt_thread_yield
 .text.rt_thread_suspend
                0x0000000000001b8e       0x4a ./rtthread/src/thread.o
                0x0000000000001b8e                rt_thread_suspend
 .text.rt_thread_sleep
                0x0000000000001bd8       0x40 ./rtthread/src/thread.o
                0x0000000000001bd8                rt_thread_sleep
 .text.rt_thread_delay
                0x0000000000001c18        0xc ./rtthread/src/thread.o
                0x0000000000001c18                rt_thread_delay
 .text.rt_thread_mdelay
                0x0000000000001c24       0x10 ./rtthread/src/thread.o
                0x0000000000001c24                rt_thread_mdelay
 .text.rt_thread_resume
                0x0000000000001c34       0x4c ./rtthread/src/thread.o
                0x0000000000001c34                rt_thread_resume
 .text.rt_thread_startup
                0x0000000000001c80       0x2e ./rtthread/src/thread.o
                0x0000000000001c80                rt_thread_startup
 .text.rt_thread_control
                0x0000000000001cae       0x68 ./rtthread/src/thread.o
                0x0000000000001cae                rt_thread_control
 .text._rt_timer_remove.part.1
                0x0000000000001d16       0x12 ./rtthread/src/timer.o
 .text.rt_timer_init
                0x0000000000001d28       0x3a ./rtthread/src/timer.o
                0x0000000000001d28                rt_timer_init
 .text.rt_timer_detach
                0x0000000000001d62       0x20 ./rtthread/src/timer.o
                0x0000000000001d62                rt_timer_detach
 .text.rt_timer_start
                0x0000000000001d82       0xac ./rtthread/src/timer.o
                0x0000000000001d82                rt_timer_start
 .text.rt_timer_stop
                0x0000000000001e2e       0x32 ./rtthread/src/timer.o
                0x0000000000001e2e                rt_timer_stop
 .text.rt_timer_control
                0x0000000000001e60       0x38 ./rtthread/src/timer.o
                0x0000000000001e60                rt_timer_control
 .text.rt_timer_check
                0x0000000000001e98       0x78 ./rtthread/src/timer.o
                0x0000000000001e98                rt_timer_check
 .text.rt_soft_timer_check
                0x0000000000001f10       0x88 ./rtthread/src/timer.o
                0x0000000000001f10                rt_soft_timer_check
 .text.rt_thread_timer_entry
                0x0000000000001f98       0x42 ./rtthread/src/timer.o
 .text.rt_system_timer_init
                0x0000000000001fda        0xa ./rtthread/src/timer.o
                0x0000000000001fda                rt_system_timer_init
 .text.rt_system_timer_thread_init
                0x0000000000001fe4       0x3e ./rtthread/src/timer.o
                0x0000000000001fe4                rt_system_timer_thread_init
 .text.rt_hw_stack_init
                0x0000000000002022       0x36 ./rtthread/libcpu/risc-v/common/cpuport.o
                0x0000000000002022                rt_hw_stack_init
 .text.sw_setpend
                0x0000000000002058       0x10 ./rtthread/libcpu/risc-v/common/cpuport.o
                0x0000000000002058                sw_setpend
 .text.sw_clearpend
                0x0000000000002068        0xe ./rtthread/libcpu/risc-v/common/cpuport.o
                0x0000000000002068                sw_clearpend
 .text.rt_hw_interrupt_disable
                0x0000000000002076        0xc ./rtthread/libcpu/risc-v/common/cpuport.o
                0x0000000000002076                rt_hw_interrupt_disable
 .text.rt_hw_interrupt_enable
                0x0000000000002082        0x6 ./rtthread/libcpu/risc-v/common/cpuport.o
                0x0000000000002082                rt_hw_interrupt_enable
 .text.rt_hw_context_switch_interrupt
                0x0000000000002088       0x24 ./rtthread/libcpu/risc-v/common/cpuport.o
                0x0000000000002088                rt_hw_context_switch_interrupt
 .text.ulog_console_backend_output
                0x00000000000020ac       0x38 ./rtthread/components/utilities/ulog/backend/console_be.o
                0x00000000000020ac                ulog_console_backend_output
 .text.ulog_console_backend_init
                0x00000000000020e4       0x2a ./rtthread/components/utilities/ulog/backend/console_be.o
                0x00000000000020e4                ulog_console_backend_init
 .text.do_output
                0x000000000000210e       0xc6 ./rtthread/components/utilities/ulog/ulog.o
 .text.output_lock
                0x00000000000021d4       0x34 ./rtthread/components/utilities/ulog/ulog.o
 .text.output_unlock
                0x0000000000002208       0x32 ./rtthread/components/utilities/ulog/ulog.o
 .text.ulog_init
                0x000000000000223a       0x2e ./rtthread/components/utilities/ulog/ulog.o
                0x000000000000223a                ulog_init
 .text.ulog_strcpy
                0x0000000000002268       0x26 ./rtthread/components/utilities/ulog/ulog.o
                0x0000000000002268                ulog_strcpy
 .text.ulog_ultoa
                0x000000000000228e       0x58 ./rtthread/components/utilities/ulog/ulog.o
                0x000000000000228e                ulog_ultoa
 .text.ulog_formater
                0x00000000000022e6      0x188 ./rtthread/components/utilities/ulog/ulog.o
                0x00000000000022e6                ulog_formater
 .text.ulog_voutput
                0x000000000000246e       0x7c ./rtthread/components/utilities/ulog/ulog.o
                0x000000000000246e                ulog_voutput
 .text.ulog_output
                0x00000000000024ea       0x1a ./rtthread/components/utilities/ulog/ulog.o
                0x00000000000024ea                ulog_output
 .text.ulog_hexdump
                0x0000000000002504      0x1fc ./rtthread/components/utilities/ulog/ulog.o
                0x0000000000002504                ulog_hexdump
 .text.ulog_backend_register
                0x0000000000002700       0x4a ./rtthread/components/utilities/ulog/ulog.o
                0x0000000000002700                ulog_backend_register
 .text.putchar_via_gadget
                0x000000000000274a       0x2c ./rtthread/components/rt_vsnprintf_full-master/rt_vsnprintf.o
 .text.out_rev_
                0x0000000000002776       0x64 ./rtthread/components/rt_vsnprintf_full-master/rt_vsnprintf.o
 .text.print_integer
                0x00000000000027da      0x1f0 ./rtthread/components/rt_vsnprintf_full-master/rt_vsnprintf.o
 .text.get_components
                0x00000000000029ca      0x162 ./rtthread/components/rt_vsnprintf_full-master/rt_vsnprintf.o
 .text.print_broken_up_decimal.isra.4
                0x0000000000002b2c      0x1a2 ./rtthread/components/rt_vsnprintf_full-master/rt_vsnprintf.o
 .text.print_exponential_number
                0x0000000000002cce      0x63c ./rtthread/components/rt_vsnprintf_full-master/rt_vsnprintf.o
 .text.print_floating_point
                0x000000000000330a      0x148 ./rtthread/components/rt_vsnprintf_full-master/rt_vsnprintf.o
 .text.rt_vsnprintf
                0x0000000000003452      0x59c ./rtthread/components/rt_vsnprintf_full-master/rt_vsnprintf.o
                0x0000000000003452                rt_vsnprintf
 .text.rt_list_len
                0x00000000000039ee       0x12 ./rtthread/components/finsh/cmd.o
 .text.reboot   0x0000000000003a00       0x12 ./rtthread/components/finsh/cmd.o
                0x0000000000003a00                reboot
 .text.clear    0x0000000000003a12       0x16 ./rtthread/components/finsh/cmd.o
                0x0000000000003a12                clear
 .text.object_split
                0x0000000000003a28       0x20 ./rtthread/components/finsh/cmd.o
 .text.show_wait_queue
                0x0000000000003a48       0x36 ./rtthread/components/finsh/cmd.o
 .text.object_name_maxlen
                0x0000000000003a7e       0x3e ./rtthread/components/finsh/cmd.o
 .text.list_thread
                0x0000000000003abc       0xe4 ./rtthread/components/finsh/cmd.o
                0x0000000000003abc                list_thread
 .text.list_sem
                0x0000000000003ba0       0xb6 ./rtthread/components/finsh/cmd.o
                0x0000000000003ba0                list_sem
 .text.list_event
                0x0000000000003c56       0xac ./rtthread/components/finsh/cmd.o
                0x0000000000003c56                list_event
 .text.list_mutex
                0x0000000000003d02       0x82 ./rtthread/components/finsh/cmd.o
                0x0000000000003d02                list_mutex
 .text.list_mailbox
                0x0000000000003d84       0xbe ./rtthread/components/finsh/cmd.o
                0x0000000000003d84                list_mailbox
 .text.list_msgqueue
                0x0000000000003e42       0xb6 ./rtthread/components/finsh/cmd.o
                0x0000000000003e42                list_msgqueue
 .text.list_memheap
                0x0000000000003ef8       0x70 ./rtthread/components/finsh/cmd.o
                0x0000000000003ef8                list_memheap
 .text.list_mempool
                0x0000000000003f68       0xa0 ./rtthread/components/finsh/cmd.o
                0x0000000000003f68                list_mempool
 .text.list_device
                0x0000000000004008       0x94 ./rtthread/components/finsh/cmd.o
                0x0000000000004008                list_device
 .text.list_timer
                0x000000000000409c       0x9a ./rtthread/components/finsh/cmd.o
                0x000000000000409c                list_timer
 .text.list     0x0000000000004136       0x4a ./rtthread/components/finsh/cmd.o
                0x0000000000004136                list
 .text.msh_help
                0x0000000000004180       0x58 ./rtthread/components/finsh/msh.o
                0x0000000000004180                msh_help
 .text.msh_is_used
                0x00000000000041d8        0x4 ./rtthread/components/finsh/msh.o
                0x00000000000041d8                msh_is_used
 .text.msh_exec
                0x00000000000041dc      0x1aa ./rtthread/components/finsh/msh.o
                0x00000000000041dc                msh_exec
 .text.msh_auto_complete
                0x0000000000004386       0xa2 ./rtthread/components/finsh/msh.o
                0x0000000000004386                msh_auto_complete
 .text.cmd_ps   0x0000000000004428        0xe ./rtthread/components/finsh/msh_cmd.o
                0x0000000000004428                cmd_ps
 .text.cmd_free
                0x0000000000004436        0xe ./rtthread/components/finsh/msh_cmd.o
                0x0000000000004436                cmd_free
 .text.finsh_rx_ind
                0x0000000000004444       0x12 ./rtthread/components/finsh/shell.o
 .text.finsh_system_init
                0x0000000000004456       0x98 ./rtthread/components/finsh/shell.o
                0x0000000000004456                finsh_system_init
 .text.finsh_get_prompt
                0x00000000000044ee       0x3c ./rtthread/components/finsh/shell.o
                0x00000000000044ee                finsh_get_prompt
 .text.shell_handle_history
                0x000000000000452a       0x2e ./rtthread/components/finsh/shell.o
 .text.finsh_set_device
                0x0000000000004558       0x7e ./rtthread/components/finsh/shell.o
                0x0000000000004558                finsh_set_device
 .text.finsh_thread_entry
                0x00000000000045d6      0x410 ./rtthread/components/finsh/shell.o
                0x00000000000045d6                finsh_thread_entry
 .text.rt_serial_init
                0x00000000000049e6       0x20 ./rtthread/components/drivers/serial/serial.o
 .text.rt_serial_write
                0x0000000000004a06       0x42 ./rtthread/components/drivers/serial/serial.o
 .text.rt_serial_open
                0x0000000000004a48       0xbe ./rtthread/components/drivers/serial/serial.o
 .text.rt_serial_control
                0x0000000000004b06       0x70 ./rtthread/components/drivers/serial/serial.o
 .text.rt_serial_read
                0x0000000000004b76       0x9e ./rtthread/components/drivers/serial/serial.o
 .text.rt_serial_close
                0x0000000000004c14       0x42 ./rtthread/components/drivers/serial/serial.o
 .text.rt_hw_serial_register
                0x0000000000004c56       0x5a ./rtthread/components/drivers/serial/serial.o
                0x0000000000004c56                rt_hw_serial_register
 .text.rt_hw_serial_isr
                0x0000000000004cb0       0xaa ./rtthread/components/drivers/serial/serial.o
                0x0000000000004cb0                rt_hw_serial_isr
 .text._pin_control
                0x0000000000004d5a       0x1c ./rtthread/components/drivers/misc/pin.o
 .text.rt_pin_mode
                0x0000000000004d76       0x1a ./rtthread/components/drivers/misc/pin.o
                0x0000000000004d76                rt_pin_mode
 .text.rt_pin_write
                0x0000000000004d90       0x1a ./rtthread/components/drivers/misc/pin.o
                0x0000000000004d90                rt_pin_write
 .text.rt_pin_read
                0x0000000000004daa       0x18 ./rtthread/components/drivers/misc/pin.o
                0x0000000000004daa                rt_pin_read
 .text._pin_read
                0x0000000000004dc2       0x2e ./rtthread/components/drivers/misc/pin.o
 .text._pin_write
                0x0000000000004df0       0x2c ./rtthread/components/drivers/misc/pin.o
 .text.rt_device_pin_register
                0x0000000000004e1c       0x54 ./rtthread/components/drivers/misc/pin.o
                0x0000000000004e1c                rt_device_pin_register
 .text.rt_heap_begin_get
                0x0000000000004e70        0xa ./rtthread/board.o
                0x0000000000004e70                rt_heap_begin_get
 .text.rt_heap_end_get
                0x0000000000004e7a        0xa ./rtthread/board.o
                0x0000000000004e7a                rt_heap_end_get
 .text.rt_hw_board_init
                0x0000000000004e84       0x76 ./rtthread/board.o
                0x0000000000004e84                rt_hw_board_init
 .text.SysTick_Handler
                0x0000000000004efa       0x20 ./rtthread/board.o
                0x0000000000004efa                SysTick_Handler
 .text.get_pin  0x0000000000004f1a       0x22 ./drivers/drv_gpio.o
 .text.bit2bitno
                0x0000000000004f3c       0x1c ./drivers/drv_gpio.o
 .text.rt_hw_pin_init
                0x0000000000004f58       0x26 ./drivers/drv_gpio.o
                0x0000000000004f58                rt_hw_pin_init
 .text.ch32_pin_dettach_irq
                0x0000000000004f7e       0x5a ./drivers/drv_gpio.o
 .text.ch32_pin_attach_irq
                0x0000000000004fd8       0x92 ./drivers/drv_gpio.o
 .text.ch32_pin_mode
                0x000000000000506a       0x60 ./drivers/drv_gpio.o
 .text.ch32_pin_irq_enable
                0x00000000000050ca      0x1ac ./drivers/drv_gpio.o
 .text.ch32_pin_read
                0x0000000000005276       0x1e ./drivers/drv_gpio.o
 .text.ch32_pin_write
                0x0000000000005294       0x22 ./drivers/drv_gpio.o
 .text.HAL_GPIO_EXTI_Callback
                0x00000000000052b6       0x24 ./drivers/drv_gpio.o
                0x00000000000052b6                HAL_GPIO_EXTI_Callback
 .text.EXTI0_IRQHandler
                0x00000000000052da       0x28 ./drivers/drv_gpio.o
                0x00000000000052da                EXTI0_IRQHandler
 .text.EXTI1_IRQHandler
                0x0000000000005302       0x28 ./drivers/drv_gpio.o
                0x0000000000005302                EXTI1_IRQHandler
 .text.EXTI2_IRQHandler
                0x000000000000532a       0x28 ./drivers/drv_gpio.o
                0x000000000000532a                EXTI2_IRQHandler
 .text.EXTI3_IRQHandler
                0x0000000000005352       0x28 ./drivers/drv_gpio.o
                0x0000000000005352                EXTI3_IRQHandler
 .text.EXTI4_IRQHandler
                0x000000000000537a       0x28 ./drivers/drv_gpio.o
                0x000000000000537a                EXTI4_IRQHandler
 .text.EXTI9_5_IRQHandler
                0x00000000000053a2       0x78 ./drivers/drv_gpio.o
                0x00000000000053a2                EXTI9_5_IRQHandler
 .text.ch32dma_transmit
                0x000000000000541a        0x4 ./drivers/drv_usart.o
 .text.uart_isr
                0x000000000000541e       0x4e ./drivers/drv_usart.o
 .text.ch32_getc
                0x000000000000546c       0x26 ./drivers/drv_usart.o
 .text.ch32_putc
                0x0000000000005492       0x26 ./drivers/drv_usart.o
 .text.ch32_control
                0x00000000000054b8       0x8a ./drivers/drv_usart.o
 .text.UART2_RxCheck
                0x0000000000005542       0x64 ./drivers/drv_usart.o
                0x0000000000005542                UART2_RxCheck
 .text.UART4_RxCheck
                0x00000000000055a6       0x64 ./drivers/drv_usart.o
                0x00000000000055a6                UART4_RxCheck
 .text.uart_dma_rx_configure
                0x000000000000560a       0xaa ./drivers/drv_usart.o
                0x000000000000560a                uart_dma_rx_configure
 .text.ch32_configure
                0x00000000000056b4      0x2ae ./drivers/drv_usart.o
 .text.USART1_IRQHandler
                0x0000000000005962       0x20 ./drivers/drv_usart.o
                0x0000000000005962                USART1_IRQHandler
 .text.USART2_IRQHandler
                0x0000000000005982       0x20 ./drivers/drv_usart.o
                0x0000000000005982                USART2_IRQHandler
 .text.USART3_IRQHandler
                0x00000000000059a2       0x20 ./drivers/drv_usart.o
                0x00000000000059a2                USART3_IRQHandler
 .text.UART4_IRQHandler
                0x00000000000059c2       0x20 ./drivers/drv_usart.o
                0x00000000000059c2                UART4_IRQHandler
 .text.UART5_IRQHandler
                0x00000000000059e2       0x20 ./drivers/drv_usart.o
                0x00000000000059e2                UART5_IRQHandler
 .text.rt_hw_usart_init
                0x0000000000005a02       0xc4 ./drivers/drv_usart.o
                0x0000000000005a02                rt_hw_usart_init
 .text.agile_led_default_compelete_callback
                0x0000000000005ac6       0x22 ./common/agile_led/agile_led.o
 .text.agile_led_get_light_arr
                0x0000000000005ae8       0x86 ./common/agile_led/agile_led.o
 .text.agile_led_create
                0x0000000000005b6e       0x9c ./common/agile_led/agile_led.o
                0x0000000000005b6e                agile_led_create
 .text.agile_led_start
                0x0000000000005c0a       0x62 ./common/agile_led/agile_led.o
                0x0000000000005c0a                agile_led_start
 .text.agile_led_stop
                0x0000000000005c6c       0x4c ./common/agile_led/agile_led.o
                0x0000000000005c6c                agile_led_stop
 .text.agile_led_dynamic_change_light_mode
                0x0000000000005cb8       0x68 ./common/agile_led/agile_led.o
                0x0000000000005cb8                agile_led_dynamic_change_light_mode
 .text.agile_led_set_light_mode
                0x0000000000005d20        0xc ./common/agile_led/agile_led.o
                0x0000000000005d20                agile_led_set_light_mode
 .text.agile_led_on
                0x0000000000005d2c       0x10 ./common/agile_led/agile_led.o
                0x0000000000005d2c                agile_led_on
 .text.agile_led_off
                0x0000000000005d3c       0x14 ./common/agile_led/agile_led.o
                0x0000000000005d3c                agile_led_off
 .text.agile_led_process
                0x0000000000005d50       0xce ./common/agile_led/agile_led.o
                0x0000000000005d50                agile_led_process
 .text.agile_led_auto_thread_entry
                0x0000000000005e1e       0x10 ./common/agile_led/agile_led.o
 .text.agile_led_env_init
                0x0000000000005e2e       0x2a ./common/agile_led/agile_led.o
                0x0000000000005e2e                agile_led_env_init
 .text.agile_led_auto_thread_init
                0x0000000000005e58       0x44 ./common/agile_led/agile_led.o
 .text.lwrb_init
                0x0000000000005e9c       0x26 ./common/LwRB/lwrb.o
                0x0000000000005e9c                lwrb_init
 .text.lwrb_free
                0x0000000000005ec2       0x10 ./common/LwRB/lwrb.o
                0x0000000000005ec2                lwrb_free
 .text.lwrb_get_free
                0x0000000000005ed2       0x26 ./common/LwRB/lwrb.o
                0x0000000000005ed2                lwrb_get_free
 .text.lwrb_write_ex
                0x0000000000005ef8       0xa6 ./common/LwRB/lwrb.o
                0x0000000000005ef8                lwrb_write_ex
 .text.lwrb_write
                0x0000000000005f9e       0x1e ./common/LwRB/lwrb.o
                0x0000000000005f9e                lwrb_write
 .text.lwrb_get_full
                0x0000000000005fbc       0x22 ./common/LwRB/lwrb.o
                0x0000000000005fbc                lwrb_get_full
 .text.lwrb_read_ex
                0x0000000000005fde       0xa6 ./common/LwRB/lwrb.o
                0x0000000000005fde                lwrb_read_ex
 .text.lwrb_read
                0x0000000000006084       0x1e ./common/LwRB/lwrb.o
                0x0000000000006084                lwrb_read
 .text.flex_button_register
                0x00000000000060a2       0x64 ./common/FlexibleButton-master/flexible_button.o
                0x00000000000060a2                flex_button_register
 .text.flex_button_event_read
                0x0000000000006106        0x8 ./common/FlexibleButton-master/flexible_button.o
                0x0000000000006106                flex_button_event_read
 .text.flex_button_scan
                0x000000000000610e      0x200 ./common/FlexibleButton-master/flexible_button.o
                0x000000000000610e                flex_button_scan
 .text.BSP_Button_thread
                0x000000000000630e       0x28 ./bsp/src/bsp_button.o
 .text.common_btn_evt_cb
                0x0000000000006336       0x94 ./bsp/src/bsp_button.o
 .text.flex_button_main
                0x00000000000063ca       0xae ./bsp/src/bsp_button.o
                0x00000000000063ca                flex_button_main
 .text.common_btn_read
                0x0000000000006478       0x1a ./bsp/src/bsp_button.o
 .text.Flash_Read
                0x0000000000006492       0x18 ./bsp/src/bsp_flash.o
 .text.Flash_GetMaxIndex_Records
                0x00000000000064aa       0x78 ./bsp/src/bsp_flash.o
 .text.Flash_ErasePage_Records
                0x0000000000006522       0x8e ./bsp/src/bsp_flash.o
 .text.TEST_Flash_GetMaxIndex_Records
                0x00000000000065b0       0x56 ./bsp/src/bsp_flash.o
 .text.Flash_Write
                0x0000000000006606       0x8e ./bsp/src/bsp_flash.o
 .text.Flash_Erase_Records
                0x0000000000006694       0x48 ./bsp/src/bsp_flash.o
                0x0000000000006694                Flash_Erase_Records
 .text.TEST_Flash_Erase_Records
                0x00000000000066dc       0x32 ./bsp/src/bsp_flash.o
 .text.Flash_GetNum_Records
                0x000000000000670e       0x40 ./bsp/src/bsp_flash.o
                0x000000000000670e                Flash_GetNum_Records
 .text.TEST_Flash_GetNum_Records
                0x000000000000674e       0x56 ./bsp/src/bsp_flash.o
 .text.Flash_Read_Record
                0x00000000000067a4      0x190 ./bsp/src/bsp_flash.o
                0x00000000000067a4                Flash_Read_Record
 .text.Flash_Write_RecordIndex
                0x0000000000006934       0xf0 ./bsp/src/bsp_flash.o
                0x0000000000006934                Flash_Write_RecordIndex
 .text.Flash_Write_Record
                0x0000000000006a24      0x14a ./bsp/src/bsp_flash.o
                0x0000000000006a24                Flash_Write_Record
 .text.TEST_Flash_Write_Record
                0x0000000000006b6e       0x5a ./bsp/src/bsp_flash.o
 .text.Flash_ErasePage_ConfigInfo
                0x0000000000006bc8       0x2c ./bsp/src/bsp_flash.o
                0x0000000000006bc8                Flash_ErasePage_ConfigInfo
 .text.Flash_ErasePage_ReadConfigInfo
                0x0000000000006bf4       0x1e ./bsp/src/bsp_flash.o
                0x0000000000006bf4                Flash_ErasePage_ReadConfigInfo
 .text.Flash_Write_ConfigInfo
                0x0000000000006c12       0x1a ./bsp/src/bsp_flash.o
                0x0000000000006c12                Flash_Write_ConfigInfo
 .text.Flash_GetProductTimeLimit
                0x0000000000006c2c       0x8e ./bsp/src/bsp_flash.o
                0x0000000000006c2c                Flash_GetProductTimeLimit
 .text.TEST_Flash_GetProductTimeLimit
                0x0000000000006cba       0x3a ./bsp/src/bsp_flash.o
 .text.Flash_SetProductTimeLimit
                0x0000000000006cf4       0x82 ./bsp/src/bsp_flash.o
                0x0000000000006cf4                Flash_SetProductTimeLimit
 .text.TEST_Flash_SetProductTimeLimit
                0x0000000000006d76       0x80 ./bsp/src/bsp_flash.o
 .text.Set_FactoryRtcTime
                0x0000000000006df6       0x5a ./bsp/src/bsp_flash.o
                0x0000000000006df6                Set_FactoryRtcTime
 .text.Flash_Get_AlarmLel
                0x0000000000006e50       0x5e ./bsp/src/bsp_flash.o
                0x0000000000006e50                Flash_Get_AlarmLel
 .text.TEST_Flash_Get_AlarmValue
                0x0000000000006eae       0x26 ./bsp/src/bsp_flash.o
 .text.Flash_Set_AlarmLel
                0x0000000000006ed4       0x24 ./bsp/src/bsp_flash.o
                0x0000000000006ed4                Flash_Set_AlarmLel
 .text.TEST_Flash_Set_AlarmValue
                0x0000000000006ef8       0x50 ./bsp/src/bsp_flash.o
 .text.Flash_GetTotalRecord
                0x0000000000006f48       0x44 ./bsp/src/bsp_flash.o
                0x0000000000006f48                Flash_GetTotalRecord
 .text.Flash_GetRecord
                0x0000000000006f8c       0x86 ./bsp/src/bsp_flash.o
                0x0000000000006f8c                Flash_GetRecord
 .text.BSP_Flash_EraseRecodrs
                0x0000000000007012       0x34 ./bsp/src/bsp_flash.o
                0x0000000000007012                BSP_Flash_EraseRecodrs
 .text.BSP_Flash_Init
                0x0000000000007046       0x7e ./bsp/src/bsp_flash.o
                0x0000000000007046                BSP_Flash_Init
 .text.Uart2_Rec_Cb
                0x00000000000070c4       0x16 ./bsp/src/bsp_hr.o
 .text.BSP_HR_Init
                0x00000000000070da      0x120 ./bsp/src/bsp_hr.o
                0x00000000000070da                BSP_HR_Init
 .text.HR_GetFrameData
                0x00000000000071fa       0xda ./bsp/src/bsp_hr.o
                0x00000000000071fa                HR_GetFrameData
 .text.HR_GenerateRawFrame
                0x00000000000072d4       0x72 ./bsp/src/bsp_hr.o
                0x00000000000072d4                HR_GenerateRawFrame
 .text.HR_ProcessData
                0x0000000000007346      0x40a ./bsp/src/bsp_hr.o
                0x0000000000007346                HR_ProcessData
 .text.hr_thread_entry
                0x0000000000007750       0xac ./bsp/src/bsp_hr.o
 .text.BSP_Led_Init
                0x00000000000077fc       0x6c ./bsp/src/bsp_led.o
                0x00000000000077fc                BSP_Led_Init
 .text.RTC_Get_Week
                0x0000000000007868       0x4e ./bsp/src/bsp_rtc.o
                0x0000000000007868                RTC_Get_Week
 .text.Is_Leap_Year
                0x00000000000078b6       0x26 ./bsp/src/bsp_rtc.o
                0x00000000000078b6                Is_Leap_Year
 .text.RTC_Get  0x00000000000078dc       0xf8 ./bsp/src/bsp_rtc.o
                0x00000000000078dc                RTC_Get
 .text.BSP_Get_RTC_Time
                0x00000000000079d4       0x58 ./bsp/src/bsp_rtc.o
                0x00000000000079d4                BSP_Get_RTC_Time
 .text.BSP_RTC_Init
                0x0000000000007a2c      0x166 ./bsp/src/bsp_rtc.o
                0x0000000000007a2c                BSP_RTC_Init
 .text.RTC_Set  0x0000000000007b92       0xde ./bsp/src/bsp_rtc.o
                0x0000000000007b92                RTC_Set
 .text.BSP_Rtc_Set
                0x0000000000007c70       0x5e ./bsp/src/bsp_rtc.o
                0x0000000000007c70                BSP_Rtc_Set
 .text.RTC_IRQHandler
                0x0000000000007cce       0x40 ./bsp/src/bsp_rtc.o
                0x0000000000007cce                RTC_IRQHandler
 .text.Print_SensorData
                0x0000000000007d0e       0x54 ./bsp/src/bsp_sensor.o
                0x0000000000007d0e                Print_SensorData
 .text.Sensor_Gpio_Cfg
                0x0000000000007d62       0x1a ./bsp/src/bsp_sensor.o
 .text.Uart4_Rec_Cb
                0x0000000000007d7c       0x16 ./bsp/src/bsp_sensor.o
 .text.Sensor_Rec_Data
                0x0000000000007d92      0x130 ./bsp/src/bsp_sensor.o
 .text.Extract_SensorData
                0x0000000000007ec2      0x12e ./bsp/src/bsp_sensor.o
                0x0000000000007ec2                Extract_SensorData
 .text.Update_Sensor_Data
                0x0000000000007ff0       0xf4 ./bsp/src/bsp_sensor.o
                0x0000000000007ff0                Update_Sensor_Data
 .text.Sensor_Thread_Entry
                0x00000000000080e4       0xee ./bsp/src/bsp_sensor.o
 .text.BSP_VIN_Detection_Init
                0x00000000000081d2      0x222 ./bsp/src/bsp_vin_detection.o
                0x00000000000081d2                BSP_VIN_Detection_Init
 .text.Get_ADC_Average
                0x00000000000083f4       0x60 ./bsp/src/bsp_vin_detection.o
                0x00000000000083f4                Get_ADC_Average
 .text.Get_ADC_Voltage
                0x0000000000008454       0x34 ./bsp/src/bsp_vin_detection.o
                0x0000000000008454                Get_ADC_Voltage
 .text.Get_VIN_Voltage
                0x0000000000008488       0x3c ./bsp/src/bsp_vin_detection.o
                0x0000000000008488                Get_VIN_Voltage
 .text.Get_VIN_VoltageInt1000x
                0x00000000000084c4       0x3e ./bsp/src/bsp_vin_detection.o
                0x00000000000084c4                Get_VIN_VoltageInt1000x
 .text.vin_thread_entry
                0x0000000000008502       0x22 ./bsp/src/bsp_vin_detection.o
 .text.ADC1_2_IRQHandler
                0x0000000000008524       0x94 ./bsp/src/bsp_vin_detection.o
                0x0000000000008524                ADC1_2_IRQHandler
 .text.Rt_Voice_Thread_Init
                0x00000000000085b8      0x124 ./bsp/src/bsp_voice.o
 .text.Voice_Timer_Cb
                0x00000000000086dc       0x2a ./bsp/src/bsp_voice.o
 .text.Line_2A_WT588F
                0x0000000000008706       0x80 ./bsp/src/bsp_voice.o
                0x0000000000008706                Line_2A_WT588F
 .text.BSP_Play_Specified_Voice.part.2
                0x0000000000008786       0x22 ./bsp/src/bsp_voice.o
 .text.BSP_Voice_Set_Volume
                0x00000000000087a8       0x1c ./bsp/src/bsp_voice.o
                0x00000000000087a8                BSP_Voice_Set_Volume
 .text.TEST_Set_Volume
                0x00000000000087c4       0x54 ./bsp/src/bsp_voice.o
                0x00000000000087c4                TEST_Set_Volume
 .text.BSP_Play_Specified_Voice
                0x0000000000008818       0x16 ./bsp/src/bsp_voice.o
                0x0000000000008818                BSP_Play_Specified_Voice
 .text.Loop_Playback
                0x000000000000882e       0x16 ./bsp/src/bsp_voice.o
                0x000000000000882e                Loop_Playback
 .text.Voice_Play_Thread_Entry
                0x0000000000008844       0x64 ./bsp/src/bsp_voice.o
                0x0000000000008844                Voice_Play_Thread_Entry
 .text.AudioPlayControl_Ctrl
                0x00000000000088a8        0xa ./bsp/src/bsp_voice.o
                0x00000000000088a8                AudioPlayControl_Ctrl
 .text.AudioPlayControl_Start
                0x00000000000088b2       0x5c ./bsp/src/bsp_voice.o
                0x00000000000088b2                AudioPlayControl_Start
 .text.Voice_Thread_Entry
                0x000000000000890e       0xf2 ./bsp/src/bsp_voice.o
                0x000000000000890e                Voice_Thread_Entry
 .text.BSP_Play_Voice
                0x0000000000008a00       0x58 ./bsp/src/bsp_voice.o
                0x0000000000008a00                BSP_Play_Voice
 .text.TEST_Play_Voice
                0x0000000000008a58       0x88 ./bsp/src/bsp_voice.o
                0x0000000000008a58                TEST_Play_Voice
 .text.Send_Voice_Event
                0x0000000000008ae0       0x40 ./bsp/src/bsp_voice.o
                0x0000000000008ae0                Send_Voice_Event
 .text.wdg_thread_entry
                0x0000000000008b20       0x12 ./bsp/src/bsp_wdg.o
 .text.IWDG_Init
                0x0000000000008b32       0x4a ./bsp/src/bsp_wdg.o
                0x0000000000008b32                IWDG_Init
 .text.BSP_WDG_Init
                0x0000000000008b7c       0x4e ./bsp/src/bsp_wdg.o
                0x0000000000008b7c                BSP_WDG_Init
 .text.NMI_Handler
                0x0000000000008bca       0x20 ./User/ch32v30x_it.o
                0x0000000000008bca                NMI_Handler
 .text.HardFault_Handler
                0x0000000000008bea       0x4c ./User/ch32v30x_it.o
                0x0000000000008bea                HardFault_Handler
 .text.Alarm_Linkage_Device_Thread
                0x0000000000008c36       0x70 ./User/main.o
                0x0000000000008c36                Alarm_Linkage_Device_Thread
 .text.Alarm_Linkage_Device_Thread_Entry
                0x0000000000008ca6       0x98 ./User/main.o
 .text.startup.main
                0x0000000000008d3e       0x58 ./User/main.o
                0x0000000000008d3e                main
 .text.Alarm_Init_event
                0x0000000000008d96       0x46 ./User/main.o
                0x0000000000008d96                Alarm_Init_event
 .text.Alarm_Handle
                0x0000000000008ddc       0x48 ./User/main.o
                0x0000000000008ddc                Alarm_Handle
 .text.Send_Laser_Alarm_Event
                0x0000000000008e24       0x40 ./User/main.o
                0x0000000000008e24                Send_Laser_Alarm_Event
 .text.Warm_Up_Timer_Timeout_Cb
                0x0000000000008e64       0x3e ./User/main.o
 .text._Self_Check_Mode
                0x0000000000008ea2       0xee ./User/main.o
                0x0000000000008ea2                _Self_Check_Mode
 .text.Alarm_Thread_Recv_Event
                0x0000000000008f90      0x3c0 ./User/main.o
 .text.SystemInit
                0x0000000000009350       0xea ./User/system_ch32v30x.o
                0x0000000000009350                SystemInit
 .text.SystemCoreClockUpdate
                0x000000000000943a       0x8e ./User/system_ch32v30x.o
                0x000000000000943a                SystemCoreClockUpdate
 .text.vector_handler
                0x00000000000094c8        0x2 ./Startup/startup_ch32v30x_D8C.o
                0x00000000000094c8                TIM8_TRG_COM_IRQHandler
                0x00000000000094c8                TIM8_CC_IRQHandler
                0x00000000000094c8                UART8_IRQHandler
                0x00000000000094c8                TIM1_CC_IRQHandler
                0x00000000000094c8                TIM6_IRQHandler
                0x00000000000094c8                PVD_IRQHandler
                0x00000000000094c8                SDIO_IRQHandler
                0x00000000000094c8                TIM9_BRK_IRQHandler
                0x00000000000094c8                DMA2_Channel8_IRQHandler
                0x00000000000094c8                CAN2_RX1_IRQHandler
                0x00000000000094c8                USBHS_IRQHandler
                0x00000000000094c8                DMA2_Channel9_IRQHandler
                0x00000000000094c8                TIM10_CC_IRQHandler
                0x00000000000094c8                USBFS_IRQHandler
                0x00000000000094c8                I2C2_EV_IRQHandler
                0x00000000000094c8                TIM10_TRG_COM_IRQHandler
                0x00000000000094c8                CAN2_SCE_IRQHandler
                0x00000000000094c8                Break_Point_Handler
                0x00000000000094c8                SPI1_IRQHandler
                0x00000000000094c8                TAMPER_IRQHandler
                0x00000000000094c8                CAN2_RX0_IRQHandler
                0x00000000000094c8                TIM8_UP_IRQHandler
                0x00000000000094c8                Ecall_M_Mode_Handler
                0x00000000000094c8                DMA2_Channel2_IRQHandler
                0x00000000000094c8                DMA1_Channel4_IRQHandler
                0x00000000000094c8                TIM9_UP_IRQHandler
                0x00000000000094c8                DMA1_Channel7_IRQHandler
                0x00000000000094c8                CAN1_RX1_IRQHandler
                0x00000000000094c8                DVP_IRQHandler
                0x00000000000094c8                TIM4_IRQHandler
                0x00000000000094c8                DMA2_Channel1_IRQHandler
                0x00000000000094c8                I2C1_EV_IRQHandler
                0x00000000000094c8                DMA1_Channel6_IRQHandler
                0x00000000000094c8                DMA2_Channel4_IRQHandler
                0x00000000000094c8                TIM3_IRQHandler
                0x00000000000094c8                RCC_IRQHandler
                0x00000000000094c8                TIM1_TRG_COM_IRQHandler
                0x00000000000094c8                DMA1_Channel1_IRQHandler
                0x00000000000094c8                DMA2_Channel7_IRQHandler
                0x00000000000094c8                EXTI15_10_IRQHandler
                0x00000000000094c8                TIM7_IRQHandler
                0x00000000000094c8                CAN2_TX_IRQHandler
                0x00000000000094c8                TIM5_IRQHandler
                0x00000000000094c8                ETH_WKUP_IRQHandler
                0x00000000000094c8                SPI2_IRQHandler
                0x00000000000094c8                TIM10_BRK_IRQHandler
                0x00000000000094c8                TIM9_CC_IRQHandler
                0x00000000000094c8                DMA2_Channel5_IRQHandler
                0x00000000000094c8                DMA1_Channel5_IRQHandler
                0x00000000000094c8                USB_LP_CAN1_RX0_IRQHandler
                0x00000000000094c8                RNG_IRQHandler
                0x00000000000094c8                USB_HP_CAN1_TX_IRQHandler
                0x00000000000094c8                DMA1_Channel3_IRQHandler
                0x00000000000094c8                ETH_IRQHandler
                0x00000000000094c8                TIM1_UP_IRQHandler
                0x00000000000094c8                WWDG_IRQHandler
                0x00000000000094c8                USBHSWakeup_IRQHandler
                0x00000000000094c8                DMA2_Channel11_IRQHandler
                0x00000000000094c8                Ecall_U_Mode_Handler
                0x00000000000094c8                DMA2_Channel6_IRQHandler
                0x00000000000094c8                TIM2_IRQHandler
                0x00000000000094c8                TIM1_BRK_IRQHandler
                0x00000000000094c8                DMA2_Channel10_IRQHandler
                0x00000000000094c8                RTCAlarm_IRQHandler
                0x00000000000094c8                TIM10_UP_IRQHandler
                0x00000000000094c8                TIM9_TRG_COM_IRQHandler
                0x00000000000094c8                UART7_IRQHandler
                0x00000000000094c8                UART6_IRQHandler
                0x00000000000094c8                I2C2_ER_IRQHandler
                0x00000000000094c8                DMA1_Channel2_IRQHandler
                0x00000000000094c8                TIM8_BRK_IRQHandler
                0x00000000000094c8                CAN1_SCE_IRQHandler
                0x00000000000094c8                FLASH_IRQHandler
                0x00000000000094c8                SPI3_IRQHandler
                0x00000000000094c8                I2C1_ER_IRQHandler
                0x00000000000094c8                USBWakeUp_IRQHandler
                0x00000000000094c8                DMA2_Channel3_IRQHandler
 .text.handle_reset
                0x00000000000094ca       0x92 ./Startup/startup_ch32v30x_D8C.o
                0x00000000000094ca                handle_reset
 .text.ADC_DeInit
                0x000000000000955c       0x46 ./Peripheral/source/ch32v30x_adc.o
                0x000000000000955c                ADC_DeInit
 .text.ADC_Init
                0x00000000000095a2       0x56 ./Peripheral/source/ch32v30x_adc.o
                0x00000000000095a2                ADC_Init
 .text.ADC_Cmd  0x00000000000095f8       0x10 ./Peripheral/source/ch32v30x_adc.o
                0x00000000000095f8                ADC_Cmd
 .text.ADC_DMACmd
                0x0000000000009608       0x12 ./Peripheral/source/ch32v30x_adc.o
                0x0000000000009608                ADC_DMACmd
 .text.ADC_ITConfig
                0x000000000000961a       0x16 ./Peripheral/source/ch32v30x_adc.o
                0x000000000000961a                ADC_ITConfig
 .text.ADC_ResetCalibration
                0x0000000000009630        0xa ./Peripheral/source/ch32v30x_adc.o
                0x0000000000009630                ADC_ResetCalibration
 .text.ADC_GetResetCalibrationStatus
                0x000000000000963a        0x8 ./Peripheral/source/ch32v30x_adc.o
                0x000000000000963a                ADC_GetResetCalibrationStatus
 .text.ADC_StartCalibration
                0x0000000000009642        0xa ./Peripheral/source/ch32v30x_adc.o
                0x0000000000009642                ADC_StartCalibration
 .text.ADC_GetCalibrationStatus
                0x000000000000964c        0x8 ./Peripheral/source/ch32v30x_adc.o
                0x000000000000964c                ADC_GetCalibrationStatus
 .text.ADC_SoftwareStartConvCmd
                0x0000000000009654       0x18 ./Peripheral/source/ch32v30x_adc.o
                0x0000000000009654                ADC_SoftwareStartConvCmd
 .text.ADC_RegularChannelConfig
                0x000000000000966c       0xb8 ./Peripheral/source/ch32v30x_adc.o
                0x000000000000966c                ADC_RegularChannelConfig
 .text.ADC_AnalogWatchdogCmd
                0x0000000000009724       0x12 ./Peripheral/source/ch32v30x_adc.o
                0x0000000000009724                ADC_AnalogWatchdogCmd
 .text.ADC_AnalogWatchdogThresholdsConfig
                0x0000000000009736        0x6 ./Peripheral/source/ch32v30x_adc.o
                0x0000000000009736                ADC_AnalogWatchdogThresholdsConfig
 .text.ADC_AnalogWatchdogSingleChannelConfig
                0x000000000000973c        0xa ./Peripheral/source/ch32v30x_adc.o
                0x000000000000973c                ADC_AnalogWatchdogSingleChannelConfig
 .text.ADC_GetITStatus
                0x0000000000009746       0x1c ./Peripheral/source/ch32v30x_adc.o
                0x0000000000009746                ADC_GetITStatus
 .text.ADC_ClearITPendingBit
                0x0000000000009762        0xa ./Peripheral/source/ch32v30x_adc.o
                0x0000000000009762                ADC_ClearITPendingBit
 .text.ADC_BufferCmd
                0x000000000000976c       0x18 ./Peripheral/source/ch32v30x_adc.o
                0x000000000000976c                ADC_BufferCmd
 .text.Get_CalibrationValue
                0x0000000000009784      0x134 ./Peripheral/source/ch32v30x_adc.o
                0x0000000000009784                Get_CalibrationValue
 .text.BKP_WriteBackupRegister
                0x00000000000098b8       0x1c ./Peripheral/source/ch32v30x_bkp.o
                0x00000000000098b8                BKP_WriteBackupRegister
 .text.BKP_ReadBackupRegister
                0x00000000000098d4       0x1c ./Peripheral/source/ch32v30x_bkp.o
                0x00000000000098d4                BKP_ReadBackupRegister
 .text.DBGMCU_GetCHIPID
                0x00000000000098f0        0xa ./Peripheral/source/ch32v30x_dbgmcu.o
                0x00000000000098f0                DBGMCU_GetCHIPID
 .text.DMA_DeInit
                0x00000000000098fa      0x16c ./Peripheral/source/ch32v30x_dma.o
                0x00000000000098fa                DMA_DeInit
 .text.DMA_Init
                0x0000000000009a66       0x38 ./Peripheral/source/ch32v30x_dma.o
                0x0000000000009a66                DMA_Init
 .text.DMA_Cmd  0x0000000000009a9e       0x14 ./Peripheral/source/ch32v30x_dma.o
                0x0000000000009a9e                DMA_Cmd
 .text.DMA_GetCurrDataCounter
                0x0000000000009ab2        0x8 ./Peripheral/source/ch32v30x_dma.o
                0x0000000000009ab2                DMA_GetCurrDataCounter
 .text.EXTI_Init
                0x0000000000009aba       0x6a ./Peripheral/source/ch32v30x_exti.o
                0x0000000000009aba                EXTI_Init
 .text.EXTI_GetITStatus
                0x0000000000009b24       0x1e ./Peripheral/source/ch32v30x_exti.o
                0x0000000000009b24                EXTI_GetITStatus
 .text.EXTI_ClearITPendingBit
                0x0000000000009b42        0xa ./Peripheral/source/ch32v30x_exti.o
                0x0000000000009b42                EXTI_ClearITPendingBit
 .text.FLASH_Unlock
                0x0000000000009b4c       0x1a ./Peripheral/source/ch32v30x_flash.o
                0x0000000000009b4c                FLASH_Unlock
 .text.FLASH_Lock
                0x0000000000009b66        0xe ./Peripheral/source/ch32v30x_flash.o
                0x0000000000009b66                FLASH_Lock
 .text.FLASH_ClearFlag
                0x0000000000009b74        0x8 ./Peripheral/source/ch32v30x_flash.o
                0x0000000000009b74                FLASH_ClearFlag
 .text.FLASH_GetBank1Status
                0x0000000000009b7c       0x18 ./Peripheral/source/ch32v30x_flash.o
                0x0000000000009b7c                FLASH_GetBank1Status
 .text.FLASH_WaitForLastOperation
                0x0000000000009b94       0x24 ./Peripheral/source/ch32v30x_flash.o
                0x0000000000009b94                FLASH_WaitForLastOperation
 .text.FLASH_ProgramHalfWord
                0x0000000000009bb8       0x38 ./Peripheral/source/ch32v30x_flash.o
                0x0000000000009bb8                FLASH_ProgramHalfWord
 .text.FLASH_Unlock_Fast
                0x0000000000009bf0       0x1e ./Peripheral/source/ch32v30x_flash.o
                0x0000000000009bf0                FLASH_Unlock_Fast
 .text.FLASH_Lock_Fast
                0x0000000000009c0e        0xe ./Peripheral/source/ch32v30x_flash.o
                0x0000000000009c0e                FLASH_Lock_Fast
 .text.FLASH_ErasePage_Fast
                0x0000000000009c1c       0x4c ./Peripheral/source/ch32v30x_flash.o
                0x0000000000009c1c                FLASH_ErasePage_Fast
 .text.GPIO_Init
                0x0000000000009c68       0xc0 ./Peripheral/source/ch32v30x_gpio.o
                0x0000000000009c68                GPIO_Init
 .text.GPIO_ReadInputDataBit
                0x0000000000009d28        0xa ./Peripheral/source/ch32v30x_gpio.o
                0x0000000000009d28                GPIO_ReadInputDataBit
 .text.GPIO_WriteBit
                0x0000000000009d32        0xa ./Peripheral/source/ch32v30x_gpio.o
                0x0000000000009d32                GPIO_WriteBit
 .text.GPIO_EXTILineConfig
                0x0000000000009d3c       0x2c ./Peripheral/source/ch32v30x_gpio.o
                0x0000000000009d3c                GPIO_EXTILineConfig
 .text.IWDG_WriteAccessCmd
                0x0000000000009d68        0x8 ./Peripheral/source/ch32v30x_iwdg.o
                0x0000000000009d68                IWDG_WriteAccessCmd
 .text.IWDG_SetPrescaler
                0x0000000000009d70        0x8 ./Peripheral/source/ch32v30x_iwdg.o
                0x0000000000009d70                IWDG_SetPrescaler
 .text.IWDG_SetReload
                0x0000000000009d78        0x8 ./Peripheral/source/ch32v30x_iwdg.o
                0x0000000000009d78                IWDG_SetReload
 .text.IWDG_ReloadCounter
                0x0000000000009d80        0xe ./Peripheral/source/ch32v30x_iwdg.o
                0x0000000000009d80                IWDG_ReloadCounter
 .text.IWDG_Enable
                0x0000000000009d8e       0x18 ./Peripheral/source/ch32v30x_iwdg.o
                0x0000000000009d8e                IWDG_Enable
 .text.NVIC_Init
                0x0000000000009da6       0x4e ./Peripheral/source/ch32v30x_misc.o
                0x0000000000009da6                NVIC_Init
 .text.PWR_BackupAccessCmd
                0x0000000000009df4       0x16 ./Peripheral/source/ch32v30x_pwr.o
                0x0000000000009df4                PWR_BackupAccessCmd
 .text.RCC_ADCCLKConfig
                0x0000000000009e0a       0x12 ./Peripheral/source/ch32v30x_rcc.o
                0x0000000000009e0a                RCC_ADCCLKConfig
 .text.RCC_LSEConfig
                0x0000000000009e1c       0x28 ./Peripheral/source/ch32v30x_rcc.o
                0x0000000000009e1c                RCC_LSEConfig
 .text.RCC_RTCCLKConfig
                0x0000000000009e44        0xc ./Peripheral/source/ch32v30x_rcc.o
                0x0000000000009e44                RCC_RTCCLKConfig
 .text.RCC_RTCCLKCmd
                0x0000000000009e50       0x20 ./Peripheral/source/ch32v30x_rcc.o
                0x0000000000009e50                RCC_RTCCLKCmd
 .text.RCC_GetClocksFreq
                0x0000000000009e70      0x106 ./Peripheral/source/ch32v30x_rcc.o
                0x0000000000009e70                RCC_GetClocksFreq
 .text.RCC_AHBPeriphClockCmd
                0x0000000000009f76       0x1e ./Peripheral/source/ch32v30x_rcc.o
                0x0000000000009f76                RCC_AHBPeriphClockCmd
 .text.RCC_APB2PeriphClockCmd
                0x0000000000009f94       0x1e ./Peripheral/source/ch32v30x_rcc.o
                0x0000000000009f94                RCC_APB2PeriphClockCmd
 .text.RCC_APB1PeriphClockCmd
                0x0000000000009fb2       0x1e ./Peripheral/source/ch32v30x_rcc.o
                0x0000000000009fb2                RCC_APB1PeriphClockCmd
 .text.RCC_APB2PeriphResetCmd
                0x0000000000009fd0       0x1e ./Peripheral/source/ch32v30x_rcc.o
                0x0000000000009fd0                RCC_APB2PeriphResetCmd
 .text.RCC_GetFlagStatus
                0x0000000000009fee       0x2e ./Peripheral/source/ch32v30x_rcc.o
                0x0000000000009fee                RCC_GetFlagStatus
 .text.RCC_ClearFlag
                0x000000000000a01c       0x10 ./Peripheral/source/ch32v30x_rcc.o
                0x000000000000a01c                RCC_ClearFlag
 .text.RTC_EnterConfigMode
                0x000000000000a02c       0x12 ./Peripheral/source/ch32v30x_rtc.o
                0x000000000000a02c                RTC_EnterConfigMode
 .text.RTC_ExitConfigMode
                0x000000000000a03e       0x18 ./Peripheral/source/ch32v30x_rtc.o
                0x000000000000a03e                RTC_ExitConfigMode
 .text.RTC_GetCounter
                0x000000000000a056       0x5a ./Peripheral/source/ch32v30x_rtc.o
                0x000000000000a056                RTC_GetCounter
 .text.RTC_SetCounter
                0x000000000000a0b0       0x2c ./Peripheral/source/ch32v30x_rtc.o
                0x000000000000a0b0                RTC_SetCounter
 .text.RTC_SetPrescaler
                0x000000000000a0dc       0x2e ./Peripheral/source/ch32v30x_rtc.o
                0x000000000000a0dc                RTC_SetPrescaler
 .text.RTC_WaitForLastTask
                0x000000000000a10a       0x10 ./Peripheral/source/ch32v30x_rtc.o
                0x000000000000a10a                RTC_WaitForLastTask
 .text.RTC_WaitForSynchro
                0x000000000000a11a       0x24 ./Peripheral/source/ch32v30x_rtc.o
                0x000000000000a11a                RTC_WaitForSynchro
 .text.RTC_ClearFlag
                0x000000000000a13e       0x14 ./Peripheral/source/ch32v30x_rtc.o
                0x000000000000a13e                RTC_ClearFlag
 .text.RTC_GetITStatus
                0x000000000000a152       0x20 ./Peripheral/source/ch32v30x_rtc.o
                0x000000000000a152                RTC_GetITStatus
 .text.RTC_ClearITPendingBit
                0x000000000000a172        0xc ./Peripheral/source/ch32v30x_rtc.o
                0x000000000000a172                RTC_ClearITPendingBit
 .text.USART_Init
                0x000000000000a17e       0x90 ./Peripheral/source/ch32v30x_usart.o
                0x000000000000a17e                USART_Init
 .text.USART_Cmd
                0x000000000000a20e       0x16 ./Peripheral/source/ch32v30x_usart.o
                0x000000000000a20e                USART_Cmd
 .text.USART_ITConfig
                0x000000000000a224       0x36 ./Peripheral/source/ch32v30x_usart.o
                0x000000000000a224                USART_ITConfig
 .text.USART_DMACmd
                0x000000000000a25a       0x12 ./Peripheral/source/ch32v30x_usart.o
                0x000000000000a25a                USART_DMACmd
 .text.USART_GetFlagStatus
                0x000000000000a26c        0xa ./Peripheral/source/ch32v30x_usart.o
                0x000000000000a26c                USART_GetFlagStatus
 .text.USART_GetITStatus
                0x000000000000a276       0x3c ./Peripheral/source/ch32v30x_usart.o
                0x000000000000a276                USART_GetITStatus
 .text.USART_ClearITPendingBit
                0x000000000000a2b2       0x14 ./Peripheral/source/ch32v30x_usart.o
                0x000000000000a2b2                USART_ClearITPendingBit
 .text._sbrk    0x000000000000a2c6       0x2a ./Debug/debug.o
                0x000000000000a2c6                _sbrk
 .text.__get_MEPC
                0x000000000000a2f0        0x6 ./Core/core_riscv.o
                0x000000000000a2f0                __get_MEPC
 .text.__get_MCAUSE
                0x000000000000a2f6        0x6 ./Core/core_riscv.o
                0x000000000000a2f6                __get_MCAUSE
 .text.__get_MTVAL
                0x000000000000a2fc        0x6 ./Core/core_riscv.o
                0x000000000000a2fc                __get_MTVAL
 .text.__divdi3
                0x000000000000a302      0x3d4 c:/mounriver/mounriver_studio/toolchain/risc-v embedded gcc/bin/../lib/gcc/riscv-none-embed/8.2.0/rv32imacxw/ilp32\libgcc.a(_divdi3.o)
                0x000000000000a302                __divdi3
 .text.__moddi3
                0x000000000000a6d6      0x3c0 c:/mounriver/mounriver_studio/toolchain/risc-v embedded gcc/bin/../lib/gcc/riscv-none-embed/8.2.0/rv32imacxw/ilp32\libgcc.a(_moddi3.o)
                0x000000000000a6d6                __moddi3
 .text.__udivdi3
                0x000000000000aa96      0x392 c:/mounriver/mounriver_studio/toolchain/risc-v embedded gcc/bin/../lib/gcc/riscv-none-embed/8.2.0/rv32imacxw/ilp32\libgcc.a(_udivdi3.o)
                0x000000000000aa96                __udivdi3
 .text.__umoddi3
                0x000000000000ae28      0x38a c:/mounriver/mounriver_studio/toolchain/risc-v embedded gcc/bin/../lib/gcc/riscv-none-embed/8.2.0/rv32imacxw/ilp32\libgcc.a(_umoddi3.o)
                0x000000000000ae28                __umoddi3
 .text.__adddf3
                0x000000000000b1b2      0x730 c:/mounriver/mounriver_studio/toolchain/risc-v embedded gcc/bin/../lib/gcc/riscv-none-embed/8.2.0/rv32imacxw/ilp32\libgcc.a(adddf3.o)
                0x000000000000b1b2                __adddf3
 .text.__divdf3
                0x000000000000b8e2      0x5b4 c:/mounriver/mounriver_studio/toolchain/risc-v embedded gcc/bin/../lib/gcc/riscv-none-embed/8.2.0/rv32imacxw/ilp32\libgcc.a(divdf3.o)
                0x000000000000b8e2                __divdf3
 .text.__eqdf2  0x000000000000be96       0x6a c:/mounriver/mounriver_studio/toolchain/risc-v embedded gcc/bin/../lib/gcc/riscv-none-embed/8.2.0/rv32imacxw/ilp32\libgcc.a(eqdf2.o)
                0x000000000000be96                __nedf2
                0x000000000000be96                __eqdf2
 .text.__gedf2  0x000000000000bf00       0xae c:/mounriver/mounriver_studio/toolchain/risc-v embedded gcc/bin/../lib/gcc/riscv-none-embed/8.2.0/rv32imacxw/ilp32\libgcc.a(gedf2.o)
                0x000000000000bf00                __gedf2
                0x000000000000bf00                __gtdf2
 .text.__ledf2  0x000000000000bfae       0xb6 c:/mounriver/mounriver_studio/toolchain/risc-v embedded gcc/bin/../lib/gcc/riscv-none-embed/8.2.0/rv32imacxw/ilp32\libgcc.a(ledf2.o)
                0x000000000000bfae                __ledf2
                0x000000000000bfae                __ltdf2
 .text.__muldf3
                0x000000000000c064      0x4b8 c:/mounriver/mounriver_studio/toolchain/risc-v embedded gcc/bin/../lib/gcc/riscv-none-embed/8.2.0/rv32imacxw/ilp32\libgcc.a(muldf3.o)
                0x000000000000c064                __muldf3
 .text.__subdf3
                0x000000000000c51c      0x73e c:/mounriver/mounriver_studio/toolchain/risc-v embedded gcc/bin/../lib/gcc/riscv-none-embed/8.2.0/rv32imacxw/ilp32\libgcc.a(subdf3.o)
                0x000000000000c51c                __subdf3
 .text.__fixdfsi
                0x000000000000cc5a       0x68 c:/mounriver/mounriver_studio/toolchain/risc-v embedded gcc/bin/../lib/gcc/riscv-none-embed/8.2.0/rv32imacxw/ilp32\libgcc.a(fixdfsi.o)
                0x000000000000cc5a                __fixdfsi
 .text.__floatsidf
                0x000000000000ccc2       0x72 c:/mounriver/mounriver_studio/toolchain/risc-v embedded gcc/bin/../lib/gcc/riscv-none-embed/8.2.0/rv32imacxw/ilp32\libgcc.a(floatsidf.o)
                0x000000000000ccc2                __floatsidf
 .text.__fixdfdi
                0x000000000000cd34       0xbc c:/mounriver/mounriver_studio/toolchain/risc-v embedded gcc/bin/../lib/gcc/riscv-none-embed/8.2.0/rv32imacxw/ilp32\libgcc.a(fixdfdi.o)
                0x000000000000cd34                __fixdfdi
 .text.__floatdidf
                0x000000000000cdf0      0x1b2 c:/mounriver/mounriver_studio/toolchain/risc-v embedded gcc/bin/../lib/gcc/riscv-none-embed/8.2.0/rv32imacxw/ilp32\libgcc.a(floatdidf.o)
                0x000000000000cdf0                __floatdidf
 .text.__mulsf3
                0x000000000000cfa2      0x290 c:/mounriver/mounriver_studio/toolchain/risc-v embedded gcc/bin/../lib/gcc/riscv-none-embed/8.2.0/rv32imacxw/ilp32\libgcc.a(mulsf3.o)
                0x000000000000cfa2                __mulsf3
 .text.__fixunssfsi
                0x000000000000d232       0x56 c:/mounriver/mounriver_studio/toolchain/risc-v embedded gcc/bin/../lib/gcc/riscv-none-embed/8.2.0/rv32imacxw/ilp32\libgcc.a(fixunssfsi.o)
                0x000000000000d232                __fixunssfsi
 .text.__floatunsisf
                0x000000000000d288       0xce c:/mounriver/mounriver_studio/toolchain/risc-v embedded gcc/bin/../lib/gcc/riscv-none-embed/8.2.0/rv32imacxw/ilp32\libgcc.a(floatunsisf.o)
                0x000000000000d288                __floatunsisf
 .text.__extendsfdf2
                0x000000000000d356       0xac c:/mounriver/mounriver_studio/toolchain/risc-v embedded gcc/bin/../lib/gcc/riscv-none-embed/8.2.0/rv32imacxw/ilp32\libgcc.a(extendsfdf2.o)
                0x000000000000d356                __extendsfdf2
 .text.__truncdfsf2
                0x000000000000d402      0x16a c:/mounriver/mounriver_studio/toolchain/risc-v embedded gcc/bin/../lib/gcc/riscv-none-embed/8.2.0/rv32imacxw/ilp32\libgcc.a(truncdfsf2.o)
                0x000000000000d402                __truncdfsf2
 .text.__clzsi2
                0x000000000000d56c       0x6e c:/mounriver/mounriver_studio/toolchain/risc-v embedded gcc/bin/../lib/gcc/riscv-none-embed/8.2.0/rv32imacxw/ilp32\libgcc.a(_clzsi2.o)
                0x000000000000d56c                __clzsi2
 .text.atof     0x000000000000d5da        0x6 c:/mounriver/mounriver_studio/toolchain/risc-v embedded gcc/bin/../lib/gcc/riscv-none-embed/8.2.0/../../../../riscv-none-embed/lib/rv32imacxw/ilp32\libg_nano.a(lib_a-atof.o)
                0x000000000000d5da                atof
 .text.atoi     0x000000000000d5e0        0x8 c:/mounriver/mounriver_studio/toolchain/risc-v embedded gcc/bin/../lib/gcc/riscv-none-embed/8.2.0/../../../../riscv-none-embed/lib/rv32imacxw/ilp32\libg_nano.a(lib_a-atoi.o)
                0x000000000000d5e0                atoi
 .text.malloc   0x000000000000d5e8        0xa c:/mounriver/mounriver_studio/toolchain/risc-v embedded gcc/bin/../lib/gcc/riscv-none-embed/8.2.0/../../../../riscv-none-embed/lib/rv32imacxw/ilp32\libg_nano.a(lib_a-malloc.o)
                0x000000000000d5e8                malloc
 .text.memcmp   0x000000000000d5f2       0x24 c:/mounriver/mounriver_studio/toolchain/risc-v embedded gcc/bin/../lib/gcc/riscv-none-embed/8.2.0/../../../../riscv-none-embed/lib/rv32imacxw/ilp32\libg_nano.a(lib_a-memcmp.o)
                0x000000000000d5f2                memcmp
 .text.memcpy   0x000000000000d616       0xb2 c:/mounriver/mounriver_studio/toolchain/risc-v embedded gcc/bin/../lib/gcc/riscv-none-embed/8.2.0/../../../../riscv-none-embed/lib/rv32imacxw/ilp32\libg_nano.a(lib_a-memcpy.o)
                0x000000000000d616                memcpy
 .text._free_r  0x000000000000d6c8       0xa8 c:/mounriver/mounriver_studio/toolchain/risc-v embedded gcc/bin/../lib/gcc/riscv-none-embed/8.2.0/../../../../riscv-none-embed/lib/rv32imacxw/ilp32\libg_nano.a(lib_a-nano-freer.o)
                0x000000000000d6c8                _free_r
 .text._malloc_r
                0x000000000000d770       0xd4 c:/mounriver/mounriver_studio/toolchain/risc-v embedded gcc/bin/../lib/gcc/riscv-none-embed/8.2.0/../../../../riscv-none-embed/lib/rv32imacxw/ilp32\libg_nano.a(lib_a-nano-mallocr.o)
                0x000000000000d770                _malloc_r
 .text._scanf_float
                0x000000000000d844      0x46c c:/mounriver/mounriver_studio/toolchain/risc-v embedded gcc/bin/../lib/gcc/riscv-none-embed/8.2.0/../../../../riscv-none-embed/lib/rv32imacxw/ilp32\libg_nano.a(lib_a-nano-vfscanf_float.o)
                0x000000000000d844                _scanf_float
 .text._sbrk_r  0x000000000000dcb0       0x32 c:/mounriver/mounriver_studio/toolchain/risc-v embedded gcc/bin/../lib/gcc/riscv-none-embed/8.2.0/../../../../riscv-none-embed/lib/rv32imacxw/ilp32\libg_nano.a(lib_a-sbrkr.o)
                0x000000000000dcb0                _sbrk_r
 .text.nanf     0x000000000000dce2        0xc c:/mounriver/mounriver_studio/toolchain/risc-v embedded gcc/bin/../lib/gcc/riscv-none-embed/8.2.0/../../../../riscv-none-embed/lib/rv32imacxw/ilp32\libg_nano.a(lib_a-sf_nan.o)
                0x000000000000dce2                nanf
 .text.sprintf  0x000000000000dcee       0x46 c:/mounriver/mounriver_studio/toolchain/risc-v embedded gcc/bin/../lib/gcc/riscv-none-embed/8.2.0/../../../../riscv-none-embed/lib/rv32imacxw/ilp32\libg_nano.a(lib_a-sprintf.o)
                0x000000000000dcee                siprintf
                0x000000000000dcee                sprintf
 .text.sscanf   0x000000000000dd34       0x52 c:/mounriver/mounriver_studio/toolchain/risc-v embedded gcc/bin/../lib/gcc/riscv-none-embed/8.2.0/../../../../riscv-none-embed/lib/rv32imacxw/ilp32\libg_nano.a(lib_a-sscanf.o)
                0x000000000000dd34                siscanf
                0x000000000000dd34                sscanf
 .text.__seofread
                0x000000000000dd86        0x4 c:/mounriver/mounriver_studio/toolchain/risc-v embedded gcc/bin/../lib/gcc/riscv-none-embed/8.2.0/../../../../riscv-none-embed/lib/rv32imacxw/ilp32\libg_nano.a(lib_a-stdio.o)
                0x000000000000dd86                __seofread
 .text.strcat   0x000000000000dd8a       0x1e c:/mounriver/mounriver_studio/toolchain/risc-v embedded gcc/bin/../lib/gcc/riscv-none-embed/8.2.0/../../../../riscv-none-embed/lib/rv32imacxw/ilp32\libg_nano.a(lib_a-strcat.o)
                0x000000000000dd8a                strcat
 .text.strchr   0x000000000000dda8       0x18 c:/mounriver/mounriver_studio/toolchain/risc-v embedded gcc/bin/../lib/gcc/riscv-none-embed/8.2.0/../../../../riscv-none-embed/lib/rv32imacxw/ilp32\libg_nano.a(lib_a-strchr.o)
                0x000000000000dda8                strchr
 .text.strcpy   0x000000000000ddc0       0x10 c:/mounriver/mounriver_studio/toolchain/risc-v embedded gcc/bin/../lib/gcc/riscv-none-embed/8.2.0/../../../../riscv-none-embed/lib/rv32imacxw/ilp32\libg_nano.a(lib_a-strcpy.o)
                0x000000000000ddc0                strcpy
 .text.strlen   0x000000000000ddd0       0x12 c:/mounriver/mounriver_studio/toolchain/risc-v embedded gcc/bin/../lib/gcc/riscv-none-embed/8.2.0/../../../../riscv-none-embed/lib/rv32imacxw/ilp32\libg_nano.a(lib_a-strlen.o)
                0x000000000000ddd0                strlen
 .text.strncmp  0x000000000000dde2       0x28 c:/mounriver/mounriver_studio/toolchain/risc-v embedded gcc/bin/../lib/gcc/riscv-none-embed/8.2.0/../../../../riscv-none-embed/lib/rv32imacxw/ilp32\libg_nano.a(lib_a-strncmp.o)
                0x000000000000dde2                strncmp
 .text.sulp     0x000000000000de0a       0x4e c:/mounriver/mounriver_studio/toolchain/risc-v embedded gcc/bin/../lib/gcc/riscv-none-embed/8.2.0/../../../../riscv-none-embed/lib/rv32imacxw/ilp32\libg_nano.a(lib_a-strtod.o)
 .text._strtod_l
                0x000000000000de58      0xc6c c:/mounriver/mounriver_studio/toolchain/risc-v embedded gcc/bin/../lib/gcc/riscv-none-embed/8.2.0/../../../../riscv-none-embed/lib/rv32imacxw/ilp32\libg_nano.a(lib_a-strtod.o)
                0x000000000000de58                _strtod_l
 .text._strtod_r
                0x000000000000eac4       0x16 c:/mounriver/mounriver_studio/toolchain/risc-v embedded gcc/bin/../lib/gcc/riscv-none-embed/8.2.0/../../../../riscv-none-embed/lib/rv32imacxw/ilp32\libg_nano.a(lib_a-strtod.o)
                0x000000000000eac4                _strtod_r
 .text.strtod   0x000000000000eada       0x1c c:/mounriver/mounriver_studio/toolchain/risc-v embedded gcc/bin/../lib/gcc/riscv-none-embed/8.2.0/../../../../riscv-none-embed/lib/rv32imacxw/ilp32\libg_nano.a(lib_a-strtod.o)
                0x000000000000eada                strtod
 .text._strtol_l.isra.0
                0x000000000000eaf6      0x13a c:/mounriver/mounriver_studio/toolchain/risc-v embedded gcc/bin/../lib/gcc/riscv-none-embed/8.2.0/../../../../riscv-none-embed/lib/rv32imacxw/ilp32\libg_nano.a(lib_a-strtol.o)
 .text._strtol_r
                0x000000000000ec30       0x16 c:/mounriver/mounriver_studio/toolchain/risc-v embedded gcc/bin/../lib/gcc/riscv-none-embed/8.2.0/../../../../riscv-none-embed/lib/rv32imacxw/ilp32\libg_nano.a(lib_a-strtol.o)
                0x000000000000ec30                _strtol_r
 .text.strtol   0x000000000000ec46       0x1e c:/mounriver/mounriver_studio/toolchain/risc-v embedded gcc/bin/../lib/gcc/riscv-none-embed/8.2.0/../../../../riscv-none-embed/lib/rv32imacxw/ilp32\libg_nano.a(lib_a-strtol.o)
                0x000000000000ec46                strtol
 .text.rshift   0x000000000000ec64       0x76 c:/mounriver/mounriver_studio/toolchain/risc-v embedded gcc/bin/../lib/gcc/riscv-none-embed/8.2.0/../../../../riscv-none-embed/lib/rv32imacxw/ilp32\libg_nano.a(lib_a-gdtoa-gethex.o)
 .text.__hexdig_fun
                0x000000000000ecda       0x40 c:/mounriver/mounriver_studio/toolchain/risc-v embedded gcc/bin/../lib/gcc/riscv-none-embed/8.2.0/../../../../riscv-none-embed/lib/rv32imacxw/ilp32\libg_nano.a(lib_a-gdtoa-gethex.o)
                0x000000000000ecda                __hexdig_fun
 .text.__gethex
                0x000000000000ed1a      0x4ca c:/mounriver/mounriver_studio/toolchain/risc-v embedded gcc/bin/../lib/gcc/riscv-none-embed/8.2.0/../../../../riscv-none-embed/lib/rv32imacxw/ilp32\libg_nano.a(lib_a-gdtoa-gethex.o)
                0x000000000000ed1a                __gethex
 .text.L_shift  0x000000000000f1e4       0x2c c:/mounriver/mounriver_studio/toolchain/risc-v embedded gcc/bin/../lib/gcc/riscv-none-embed/8.2.0/../../../../riscv-none-embed/lib/rv32imacxw/ilp32\libg_nano.a(lib_a-gdtoa-hexnan.o)
 .text.__match  0x000000000000f210       0x2e c:/mounriver/mounriver_studio/toolchain/risc-v embedded gcc/bin/../lib/gcc/riscv-none-embed/8.2.0/../../../../riscv-none-embed/lib/rv32imacxw/ilp32\libg_nano.a(lib_a-gdtoa-hexnan.o)
                0x000000000000f210                __match
 .text.__hexnan
                0x000000000000f23e      0x15e c:/mounriver/mounriver_studio/toolchain/risc-v embedded gcc/bin/../lib/gcc/riscv-none-embed/8.2.0/../../../../riscv-none-embed/lib/rv32imacxw/ilp32\libg_nano.a(lib_a-gdtoa-hexnan.o)
                0x000000000000f23e                __hexnan
 .text.__locale_ctype_ptr_l
                0x000000000000f39c        0x6 c:/mounriver/mounriver_studio/toolchain/risc-v embedded gcc/bin/../lib/gcc/riscv-none-embed/8.2.0/../../../../riscv-none-embed/lib/rv32imacxw/ilp32\libg_nano.a(lib_a-locale.o)
                0x000000000000f39c                __locale_ctype_ptr_l
 .text.__locale_ctype_ptr
                0x000000000000f3a2       0x18 c:/mounriver/mounriver_studio/toolchain/risc-v embedded gcc/bin/../lib/gcc/riscv-none-embed/8.2.0/../../../../riscv-none-embed/lib/rv32imacxw/ilp32\libg_nano.a(lib_a-locale.o)
                0x000000000000f3a2                __locale_ctype_ptr
 .text.__localeconv_l
                0x000000000000f3ba        0x6 c:/mounriver/mounriver_studio/toolchain/risc-v embedded gcc/bin/../lib/gcc/riscv-none-embed/8.2.0/../../../../riscv-none-embed/lib/rv32imacxw/ilp32\libg_nano.a(lib_a-localeconv.o)
                0x000000000000f3ba                __localeconv_l
 .text.__ascii_mbtowc
                0x000000000000f3c0       0x32 c:/mounriver/mounriver_studio/toolchain/risc-v embedded gcc/bin/../lib/gcc/riscv-none-embed/8.2.0/../../../../riscv-none-embed/lib/rv32imacxw/ilp32\libg_nano.a(lib_a-mbtowc_r.o)
                0x000000000000f3c0                __ascii_mbtowc
 .text.__malloc_lock
                0x000000000000f3f2        0x2 c:/mounriver/mounriver_studio/toolchain/risc-v embedded gcc/bin/../lib/gcc/riscv-none-embed/8.2.0/../../../../riscv-none-embed/lib/rv32imacxw/ilp32\libg_nano.a(lib_a-mlock.o)
                0x000000000000f3f2                __malloc_lock
 .text.__malloc_unlock
                0x000000000000f3f4        0x2 c:/mounriver/mounriver_studio/toolchain/risc-v embedded gcc/bin/../lib/gcc/riscv-none-embed/8.2.0/../../../../riscv-none-embed/lib/rv32imacxw/ilp32\libg_nano.a(lib_a-mlock.o)
                0x000000000000f3f4                __malloc_unlock
 .text._Balloc  0x000000000000f3f6       0x8c c:/mounriver/mounriver_studio/toolchain/risc-v embedded gcc/bin/../lib/gcc/riscv-none-embed/8.2.0/../../../../riscv-none-embed/lib/rv32imacxw/ilp32\libg_nano.a(lib_a-mprec.o)
                0x000000000000f3f6                _Balloc
 .text._Bfree   0x000000000000f482       0x44 c:/mounriver/mounriver_studio/toolchain/risc-v embedded gcc/bin/../lib/gcc/riscv-none-embed/8.2.0/../../../../riscv-none-embed/lib/rv32imacxw/ilp32\libg_nano.a(lib_a-mprec.o)
                0x000000000000f482                _Bfree
 .text.__multadd
                0x000000000000f4c6       0x98 c:/mounriver/mounriver_studio/toolchain/risc-v embedded gcc/bin/../lib/gcc/riscv-none-embed/8.2.0/../../../../riscv-none-embed/lib/rv32imacxw/ilp32\libg_nano.a(lib_a-mprec.o)
                0x000000000000f4c6                __multadd
 .text.__s2b    0x000000000000f55e       0xa4 c:/mounriver/mounriver_studio/toolchain/risc-v embedded gcc/bin/../lib/gcc/riscv-none-embed/8.2.0/../../../../riscv-none-embed/lib/rv32imacxw/ilp32\libg_nano.a(lib_a-mprec.o)
                0x000000000000f55e                __s2b
 .text.__hi0bits
                0x000000000000f602       0x46 c:/mounriver/mounriver_studio/toolchain/risc-v embedded gcc/bin/../lib/gcc/riscv-none-embed/8.2.0/../../../../riscv-none-embed/lib/rv32imacxw/ilp32\libg_nano.a(lib_a-mprec.o)
                0x000000000000f602                __hi0bits
 .text.__lo0bits
                0x000000000000f648       0x6a c:/mounriver/mounriver_studio/toolchain/risc-v embedded gcc/bin/../lib/gcc/riscv-none-embed/8.2.0/../../../../riscv-none-embed/lib/rv32imacxw/ilp32\libg_nano.a(lib_a-mprec.o)
                0x000000000000f648                __lo0bits
 .text.__i2b    0x000000000000f6b2       0x1c c:/mounriver/mounriver_studio/toolchain/risc-v embedded gcc/bin/../lib/gcc/riscv-none-embed/8.2.0/../../../../riscv-none-embed/lib/rv32imacxw/ilp32\libg_nano.a(lib_a-mprec.o)
                0x000000000000f6b2                __i2b
 .text.__multiply
                0x000000000000f6ce      0x144 c:/mounriver/mounriver_studio/toolchain/risc-v embedded gcc/bin/../lib/gcc/riscv-none-embed/8.2.0/../../../../riscv-none-embed/lib/rv32imacxw/ilp32\libg_nano.a(lib_a-mprec.o)
                0x000000000000f6ce                __multiply
 .text.__pow5mult