Archive member included to satisfy reference by file (symbol)

c:/mounriver/mounriver_studio/toolchain/risc-v embedded gcc12/bin/../lib/gcc/riscv-none-elf/12.2.0/rv32imac_xw/ilp32\libgcc.a(_divdi3.o)
                              ./rtthread/components/rt_vsnprintf_full/rt_vsnprintf.o (__divdi3)
c:/mounriver/mounriver_studio/toolchain/risc-v embedded gcc12/bin/../lib/gcc/riscv-none-elf/12.2.0/rv32imac_xw/ilp32\libgcc.a(_moddi3.o)
                              ./rtthread/components/rt_vsnprintf_full/rt_vsnprintf.o (__moddi3)
c:/mounriver/mounriver_studio/toolchain/risc-v embedded gcc12/bin/../lib/gcc/riscv-none-elf/12.2.0/rv32imac_xw/ilp32\libgcc.a(_udivdi3.o)
                              ./rtthread/components/rt_vsnprintf_full/rt_vsnprintf.o (__udivdi3)
c:/mounriver/mounriver_studio/toolchain/risc-v embedded gcc12/bin/../lib/gcc/riscv-none-elf/12.2.0/rv32imac_xw/ilp32\libgcc.a(_umoddi3.o)
                              ./rtthread/components/rt_vsnprintf_full/rt_vsnprintf.o (__umoddi3)
c:/mounriver/mounriver_studio/toolchain/risc-v embedded gcc12/bin/../lib/gcc/riscv-none-elf/12.2.0/rv32imac_xw/ilp32\libgcc.a(adddf3.o)
                              ./rtthread/components/rt_vsnprintf_full/rt_vsnprintf.o (__adddf3)
c:/mounriver/mounriver_studio/toolchain/risc-v embedded gcc12/bin/../lib/gcc/riscv-none-elf/12.2.0/rv32imac_xw/ilp32\libgcc.a(divdf3.o)
                              ./rtthread/components/rt_vsnprintf_full/rt_vsnprintf.o (__divdf3)
c:/mounriver/mounriver_studio/toolchain/risc-v embedded gcc12/bin/../lib/gcc/riscv-none-elf/12.2.0/rv32imac_xw/ilp32\libgcc.a(eqdf2.o)
                              ./rtthread/components/rt_vsnprintf_full/rt_vsnprintf.o (__eqdf2)
c:/mounriver/mounriver_studio/toolchain/risc-v embedded gcc12/bin/../lib/gcc/riscv-none-elf/12.2.0/rv32imac_xw/ilp32\libgcc.a(gedf2.o)
                              ./rtthread/components/rt_vsnprintf_full/rt_vsnprintf.o (__gedf2)
c:/mounriver/mounriver_studio/toolchain/risc-v embedded gcc12/bin/../lib/gcc/riscv-none-elf/12.2.0/rv32imac_xw/ilp32\libgcc.a(ledf2.o)
                              ./rtthread/components/rt_vsnprintf_full/rt_vsnprintf.o (__ledf2)
c:/mounriver/mounriver_studio/toolchain/risc-v embedded gcc12/bin/../lib/gcc/riscv-none-elf/12.2.0/rv32imac_xw/ilp32\libgcc.a(muldf3.o)
                              ./rtthread/components/rt_vsnprintf_full/rt_vsnprintf.o (__muldf3)
c:/mounriver/mounriver_studio/toolchain/risc-v embedded gcc12/bin/../lib/gcc/riscv-none-elf/12.2.0/rv32imac_xw/ilp32\libgcc.a(subdf3.o)
                              ./rtthread/components/rt_vsnprintf_full/rt_vsnprintf.o (__subdf3)
c:/mounriver/mounriver_studio/toolchain/risc-v embedded gcc12/bin/../lib/gcc/riscv-none-elf/12.2.0/rv32imac_xw/ilp32\libgcc.a(fixdfsi.o)
                              ./rtthread/components/rt_vsnprintf_full/rt_vsnprintf.o (__fixdfsi)
c:/mounriver/mounriver_studio/toolchain/risc-v embedded gcc12/bin/../lib/gcc/riscv-none-elf/12.2.0/rv32imac_xw/ilp32\libgcc.a(floatsidf.o)
                              ./rtthread/components/rt_vsnprintf_full/rt_vsnprintf.o (__floatsidf)
c:/mounriver/mounriver_studio/toolchain/risc-v embedded gcc12/bin/../lib/gcc/riscv-none-elf/12.2.0/rv32imac_xw/ilp32\libgcc.a(fixdfdi.o)
                              ./rtthread/components/rt_vsnprintf_full/rt_vsnprintf.o (__fixdfdi)
c:/mounriver/mounriver_studio/toolchain/risc-v embedded gcc12/bin/../lib/gcc/riscv-none-elf/12.2.0/rv32imac_xw/ilp32\libgcc.a(floatdidf.o)
                              ./rtthread/components/rt_vsnprintf_full/rt_vsnprintf.o (__floatdidf)
c:/mounriver/mounriver_studio/toolchain/risc-v embedded gcc12/bin/../lib/gcc/riscv-none-elf/12.2.0/rv32imac_xw/ilp32\libgcc.a(mulsf3.o)
                              ./bsp/src/bsp_vin_detection.o (__mulsf3)
c:/mounriver/mounriver_studio/toolchain/risc-v embedded gcc12/bin/../lib/gcc/riscv-none-elf/12.2.0/rv32imac_xw/ilp32\libgcc.a(fixunssfsi.o)
                              ./bsp/src/bsp_vin_detection.o (__fixunssfsi)
c:/mounriver/mounriver_studio/toolchain/risc-v embedded gcc12/bin/../lib/gcc/riscv-none-elf/12.2.0/rv32imac_xw/ilp32\libgcc.a(floatunsisf.o)
                              ./bsp/src/bsp_vin_detection.o (__floatunsisf)
c:/mounriver/mounriver_studio/toolchain/risc-v embedded gcc12/bin/../lib/gcc/riscv-none-elf/12.2.0/rv32imac_xw/ilp32\libgcc.a(extendsfdf2.o)
                              ./bsp/src/bsp_vin_detection.o (__extendsfdf2)
c:/mounriver/mounriver_studio/toolchain/risc-v embedded gcc12/bin/../lib/gcc/riscv-none-elf/12.2.0/rv32imac_xw/ilp32\libgcc.a(truncdfsf2.o)
                              ./bsp/src/bsp_vin_detection.o (__truncdfsf2)
c:/mounriver/mounriver_studio/toolchain/risc-v embedded gcc12/bin/../lib/gcc/riscv-none-elf/12.2.0/rv32imac_xw/ilp32\libgcc.a(save-restore.o)
                              ./rtthread/components/utilities/ulog/ulog.o (__riscv_save_12)
c:/mounriver/mounriver_studio/toolchain/risc-v embedded gcc12/bin/../lib/gcc/riscv-none-elf/12.2.0/rv32imac_xw/ilp32\libgcc.a(_clz.o)
[...]
Memory Configuration

Name             Origin             Length             Attributes
FLASH            0x0000000000000000 0x0000000000040000 xr
RAM              0x0000000020000000 0x0000000000010000 xrw
*default*        0x0000000000000000 0xffffffffffffffff

Linker script and memory map

LOAD ./rtthread/src/clock.o
LOAD ./rtthread/src/components.o
LOAD ./rtthread/src/cpu.o
LOAD ./rtthread/src/device.o
LOAD ./rtthread/src/idle.o
LOAD ./rtthread/src/ipc.o
LOAD ./rtthread/src/irq.o
LOAD ./rtthread/src/kservice.o
LOAD ./rtthread/src/mem.o
LOAD ./rtthread/src/memheap.o
LOAD ./rtthread/src/mempool.o
LOAD ./rtthread/src/object.o
LOAD ./rtthread/src/scheduler.o
LOAD ./rtthread/src/slab.o
LOAD ./rtthread/src/thread.o
LOAD ./rtthread/src/timer.o
LOAD ./rtthread/libcpu/risc-v/common/context_gcc.o
LOAD ./rtthread/libcpu/risc-v/common/cpuport.o
LOAD ./rtthread/libcpu/risc-v/common/interrupt_gcc.o
LOAD ./rtthread/components/utilities/ulog/backend/console_be.o
LOAD ./rtthread/components/utilities/ulog/ulog.o
LOAD ./rtthread/components/rt_vsnprintf_full/rt_vsnprintf.o
LOAD ./rtthread/components/net/at/src/at_base_cmd.o
LOAD ./rtthread/components/net/at/src/at_cli.o
LOAD ./rtthread/components/net/at/src/at_client.o
LOAD ./rtthread/components/net/at/src/at_server.o
LOAD ./rtthread/components/net/at/src/at_utils.o
LOAD ./rtthread/components/finsh/cmd.o
LOAD ./rtthread/components/finsh/msh.o
LOAD ./rtthread/components/finsh/msh_cmd.o
LOAD ./rtthread/components/finsh/msh_file.o
LOAD ./rtthread/components/finsh/shell.o
LOAD ./rtthread/components/finsh/symbol.o
LOAD ./rtthread/components/drivers/serial/serial.o
LOAD ./rtthread/components/drivers/misc/pin.o
LOAD ./rtthread/board.o
LOAD ./drivers/drv_gpio.o
LOAD ./drivers/drv_usart.o
LOAD ./common/rt_kprintf_threadsafe/rt_kprintf.o
LOAD ./common/agile_led/agile_led.o
LOAD ./common/LwUtil/lwutil.o
LOAD ./common/LwRB/lwrb.o
LOAD ./common/FlexibleButton/flexible_button.o
LOAD ./common/AT Command/at_chat.o
LOAD ./common/AT Command/at_port.o
LOAD ./bsp/src/bsp_button.o
LOAD ./bsp/src/bsp_flash.o
LOAD ./bsp/src/bsp_hr.o
LOAD ./bsp/src/bsp_lcd_1621.o
LOAD ./bsp/src/bsp_led.o
LOAD ./bsp/src/bsp_rtc.o
LOAD ./bsp/src/bsp_vin_detection.o
LOAD ./bsp/src/bsp_wdg.o
LOAD ./User/ch32v30x_it.o
LOAD ./User/main.o
LOAD ./User/system_ch32v30x.o
LOAD ./Startup/startup_ch32v30x_D8C.o
LOAD ./Peripheral/src/ch32v30x_adc.o
LOAD ./Peripheral/src/ch32v30x_bkp.o
LOAD ./Peripheral/src/ch32v30x_can.o
LOAD ./Peripheral/src/ch32v30x_crc.o
LOAD ./Peripheral/src/ch32v30x_dac.o
LOAD ./Peripheral/src/ch32v30x_dbgmcu.o
LOAD ./Peripheral/src/ch32v30x_dma.o
LOAD ./Peripheral/src/ch32v30x_dvp.o
LOAD ./Peripheral/src/ch32v30x_eth.o
LOAD ./Peripheral/src/ch32v30x_exti.o
LOAD ./Peripheral/src/ch32v30x_flash.o
LOAD ./Peripheral/src/ch32v30x_fsmc.o
LOAD ./Peripheral/src/ch32v30x_gpio.o
LOAD ./Peripheral/src/ch32v30x_i2c.o
LOAD ./Peripheral/src/ch32v30x_iwdg.o
LOAD ./Peripheral/src/ch32v30x_misc.o
LOAD ./Peripheral/src/ch32v30x_opa.o
LOAD ./Peripheral/src/ch32v30x_pwr.o
LOAD ./Peripheral/src/ch32v30x_rcc.o
LOAD ./Peripheral/src/ch32v30x_rng.o
LOAD ./Peripheral/src/ch32v30x_rtc.o
LOAD ./Peripheral/src/ch32v30x_sdio.o
LOAD ./Peripheral/src/ch32v30x_spi.o
LOAD ./Peripheral/src/ch32v30x_tim.o
LOAD ./Peripheral/src/ch32v30x_usart.o
LOAD ./Peripheral/src/ch32v30x_wwdg.o
LOAD ./Debug/debug.o
LOAD ./Core/core_riscv.o
LOAD c:/mounriver/mounriver_studio/toolchain/risc-v embedded gcc12/bin/../lib/gcc/riscv-none-elf/12.2.0/../../../../riscv-none-elf/lib/rv32imac_xw/ilp32\libm_nano.a
LOAD c:/mounriver/mounriver_studio/toolchain/risc-v embedded gcc12/bin/../lib/gcc/riscv-none-elf/12.2.0/rv32imac_xw/ilp32\libgcc.a
LOAD c:/mounriver/mounriver_studio/toolchain/risc-v embedded gcc12/bin/../lib/gcc/riscv-none-elf/12.2.0/../../../../riscv-none-elf/lib/rv32imac_xw/ilp32\libg_nano.a
LOAD c:/mounriver/mounriver_studio/toolchain/risc-v embedded gcc12/bin/../lib/gcc/riscv-none-elf/12.2.0/../../../../riscv-none-elf/lib/rv32imac_xw/ilp32\libc_nano.a
LOAD c:/mounriver/mounriver_studio/toolchain/risc-v embedded gcc12/bin/../lib/gcc/riscv-none-elf/12.2.0/rv32imac_xw/ilp32\libgcc.a
START GROUP
LOAD c:/mounriver/mounriver_studio/toolchain/risc-v embedded gcc12/bin/../lib/gcc/riscv-none-elf/12.2.0/rv32imac_xw/ilp32\libgcc.a
LOAD c:/mounriver/mounriver_studio/toolchain/risc-v embedded gcc12/bin/../lib/gcc/riscv-none-elf/12.2.0/../../../../riscv-none-elf/lib/rv32imac_xw/ilp32\libc_nano.a
LOAD c:/mounriver/mounriver_studio/toolchain/risc-v embedded gcc12/bin/../lib/gcc/riscv-none-elf/12.2.0/../../../../riscv-none-elf/lib/rv32imac_xw/ilp32\libnosys.a
END GROUP
START GROUP
LOAD c:/mounriver/mounriver_studio/toolchain/risc-v embedded gcc12/bin/../lib/gcc/riscv-none-elf/12.2.0/rv32imac_xw/ilp32\libgcc.a
LOAD c:/mounriver/mounriver_studio/toolchain/risc-v embedded gcc12/bin/../lib/gcc/riscv-none-elf/12.2.0/../../../../riscv-none-elf/lib/rv32imac_xw/ilp32\libc_nano.a
LOAD c:/mounriver/mounriver_studio/toolchain/risc-v embedded gcc12/bin/../lib/gcc/riscv-none-elf/12.2.0/../../../../riscv-none-elf/lib/rv32imac_xw/ilp32\libnosys.a
END GROUP
                0x0000000000001000                __stack_size = 0x1000
                [!provide]                        PROVIDE (_stack_size = __stack_size)

.init           0x0000000000000000        0x4
                0x0000000000000000                _sinit = .
                0x0000000000000000                . = ALIGN (0x4)
 *(SORT_NONE(.init))
 .init          0x0000000000000000        0x4 ./Startup/startup_ch32v30x_D8C.o
                0x0000000000000000                _start
                0x0000000000000004                . = ALIGN (0x4)
                0x0000000000000004                _einit = .

.vector         0x0000000000000004      0x1bc
 *(.vector)
 .vector        0x0000000000000004      0x1a0 ./Startup/startup_ch32v30x_D8C.o
                0x00000000000001c0                . = ALIGN (0x40)
 *fill*         0x00000000000001a4       0x1c 

.text           0x00000000000001c0     0xe968
                0x00000000000001c0                . = ALIGN (0x4)
 *(.text)
 .text          0x00000000000001c0       0xcc ./rtthread/libcpu/risc-v/common/context_gcc.o
                0x00000000000001c0                rt_hw_context_switch_to
                0x00000000000001dc                rt_hw_context_switch
                0x0000000000000236                rt_hw_context_switch_exit
 .text          0x000000000000028c       0xde ./rtthread/libcpu/risc-v/common/interrupt_gcc.o
                0x000000000000028c                SW_Handler
 .text          0x000000000000036a       0x60 c:/mounriver/mounriver_studio/toolchain/risc-v embedded gcc12/bin/../lib/gcc/riscv-none-elf/12.2.0/rv32imac_xw/ilp32\libgcc.a(save-restore.o)
                0x000000000000036a                __riscv_save_12
                0x0000000000000372                __riscv_save_9
                0x0000000000000372                __riscv_save_11
                0x0000000000000372                __riscv_save_10
                0x0000000000000372                __riscv_save_8
                0x0000000000000380                __riscv_save_4
                0x0000000000000380                __riscv_save_6
                0x0000000000000380                __riscv_save_5
                0x0000000000000380                __riscv_save_7
                0x000000000000039a                __riscv_save_3
                0x000000000000039a                __riscv_save_2
                0x000000000000039a                __riscv_save_1
                0x000000000000039a                __riscv_save_0
                0x00000000000003a6                __riscv_restore_12
                0x00000000000003aa                __riscv_restore_11
                0x00000000000003aa                __riscv_restore_9
                0x00000000000003aa                __riscv_restore_10
                0x00000000000003aa                __riscv_restore_8
                0x00000000000003b4                __riscv_restore_5
                0x00000000000003b4                __riscv_restore_7
                0x00000000000003b4                __riscv_restore_6
                0x00000000000003b4                __riscv_restore_4
                0x00000000000003be                __riscv_restore_3
                0x00000000000003be                __riscv_restore_0
                0x00000000000003be                __riscv_restore_2
                0x00000000000003be                __riscv_restore_1
 .text          0x00000000000003ca       0x16 c:/mounriver/mounriver_studio/toolchain/risc-v embedded gcc12/bin/../lib/gcc/riscv-none-elf/12.2.0/../../../../riscv-none-elf/lib/rv32imac_xw/ilp32\libg_nano.a(lib_a-memcpy-asm.o)
                0x00000000000003ca                memcpy
 .text          0x00000000000003e0       0x10 c:/mounriver/mounriver_studio/toolchain/risc-v embedded gcc12/bin/../lib/gcc/riscv-none-elf/12.2.0/../../../../riscv-none-elf/lib/rv32imac_xw/ilp32\libg_nano.a(lib_a-memset.o)
                0x00000000000003e0                memset
 *(.text.*)
 .text.rt_tick_get
                0x00000000000003f0        0x6 ./rtthread/src/clock.o
                0x00000000000003f0                rt_tick_get
 .text.rt_tick_increase
                0x00000000000003f6       0x28 ./rtthread/src/clock.o
                0x00000000000003f6                rt_tick_increase
 .text.rt_tick_from_millisecond
                0x000000000000041e       0x24 ./rtthread/src/clock.o
                0x000000000000041e                rt_tick_from_millisecond
 .text.rti_start
                0x0000000000000442        0x4 ./rtthread/src/components.o
 .text.rti_end  0x0000000000000446        0x4 ./rtthread/src/components.o
 .text.rti_board_start
                0x000000000000044a        0x4 ./rtthread/src/components.o
 .text.rti_board_end
                0x000000000000044e        0x4 ./rtthread/src/components.o
 .text.rt_components_board_init
                0x0000000000000452       0x1e ./rtthread/src/components.o
                0x0000000000000452                rt_components_board_init
 .text.rt_components_init
                0x0000000000000470       0x1e ./rtthread/src/components.o
                0x0000000000000470                rt_components_init
 .text.main_thread_entry
                0x000000000000048e        0xc ./rtthread/src/components.o
                0x000000000000048e                main_thread_entry
 .text.rt_application_init
                0x000000000000049a       0x22 ./rtthread/src/components.o
                0x000000000000049a                rt_application_init
 .text.rtthread_startup
                0x00000000000004bc       0x28 ./rtthread/src/components.o
                0x00000000000004bc                rtthread_startup
 .text.entry    0x00000000000004e4        0xa ./rtthread/src/components.o
                0x00000000000004e4                entry
 .text.rt_device_find
                0x00000000000004ee       0x56 ./rtthread/src/device.o
                0x00000000000004ee                rt_device_find
 .text.rt_device_register
                0x0000000000000544       0x34 ./rtthread/src/device.o
                0x0000000000000544                rt_device_register
 .text.rt_device_open
                0x0000000000000578       0x7c ./rtthread/src/device.o
                0x0000000000000578                rt_device_open
 .text.rt_device_close
                0x00000000000005f4       0x3c ./rtthread/src/device.o
                0x00000000000005f4                rt_device_close
 .text.rt_device_read
                0x0000000000000630       0x1e ./rtthread/src/device.o
                0x0000000000000630                rt_device_read
 .text.rt_device_write
                0x000000000000064e       0x1e ./rtthread/src/device.o
                0x000000000000064e                rt_device_write
 .text.rt_device_control
                0x000000000000066c        0xa ./rtthread/src/device.o
                0x000000000000066c                rt_device_control
 .text.rt_device_set_rx_indicate
                0x0000000000000676        0x6 ./rtthread/src/device.o
                0x0000000000000676                rt_device_set_rx_indicate
 .text.rt_thread_idle_excute
                0x000000000000067c       0x6e ./rtthread/src/idle.o
                0x000000000000067c                rt_thread_idle_excute
 .text.rt_thread_idle_entry
                0x00000000000006ea       0x1c ./rtthread/src/idle.o
 .text.rt_thread_idle_init
                0x0000000000000706       0x34 ./rtthread/src/idle.o
                0x0000000000000706                rt_thread_idle_init
 .text.rt_ipc_list_resume.isra.0
                0x000000000000073a        0x6 ./rtthread/src/ipc.o
 .text.rt_ipc_list_suspend.isra.0
                0x0000000000000740       0x52 ./rtthread/src/ipc.o
 .text.rt_sem_init
                0x0000000000000792       0x24 ./rtthread/src/ipc.o
                0x0000000000000792                rt_sem_init
 .text.rt_sem_take
                0x00000000000007b6       0x80 ./rtthread/src/ipc.o
                0x00000000000007b6                rt_sem_take
 .text.rt_sem_release
                0x0000000000000836       0x3c ./rtthread/src/ipc.o
                0x0000000000000836                rt_sem_release
 .text.rt_mutex_init
                0x0000000000000872       0x2a ./rtthread/src/ipc.o
                0x0000000000000872                rt_mutex_init
 .text.rt_mutex_take
                0x000000000000089c       0xd2 ./rtthread/src/ipc.o
                0x000000000000089c                rt_mutex_take
 .text.rt_mutex_release
                0x000000000000096e       0xa6 ./rtthread/src/ipc.o
                0x000000000000096e                rt_mutex_release
 .text.rt_interrupt_enter
                0x0000000000000a14       0x2e ./rtthread/src/irq.o
                0x0000000000000a14                rt_interrupt_enter
 .text.rt_interrupt_leave
                0x0000000000000a42       0x2e ./rtthread/src/irq.o
                0x0000000000000a42                rt_interrupt_leave
 .text.rt_interrupt_get_nest
                0x0000000000000a70        0x6 ./rtthread/src/irq.o
                0x0000000000000a70                rt_interrupt_get_nest
 .text.rt_set_errno
                0x0000000000000a76       0x1c ./rtthread/src/kservice.o
                0x0000000000000a76                rt_set_errno
 .text.rt_memset
                0x0000000000000a92       0x82 ./rtthread/src/kservice.o
                0x0000000000000a92                rt_memset
 .text.rt_memcpy
                0x0000000000000b14       0x8a ./rtthread/src/kservice.o
                0x0000000000000b14                rt_memcpy
 .text.rt_memmove
                0x0000000000000b9e       0x48 ./rtthread/src/kservice.o
                0x0000000000000b9e                rt_memmove
 .text.rt_strncpy
                0x0000000000000be6       0x28 ./rtthread/src/kservice.o
                0x0000000000000be6                rt_strncpy
 .text.rt_strncmp
                0x0000000000000c0e       0x2e ./rtthread/src/kservice.o
                0x0000000000000c0e                rt_strncmp
 .text.rt_strlen
                0x0000000000000c3c       0x12 ./rtthread/src/kservice.o
                0x0000000000000c3c                rt_strlen
 .text.rt_snprintf
                0x0000000000000c4e       0x1c ./rtthread/src/kservice.o
                0x0000000000000c4e                rt_snprintf
 .text.rt_console_get_device
                0x0000000000000c6a        0x6 ./rtthread/src/kservice.o
                0x0000000000000c6a                rt_console_get_device
 .text.rt_console_set_device
                0x0000000000000c70       0x2e ./rtthread/src/kservice.o
                0x0000000000000c70                rt_console_set_device
 .text.rt_hw_console_output
                0x0000000000000c9e        0x2 ./rtthread/src/kservice.o
                0x0000000000000c9e                rt_hw_console_output
 .text.rt_kputs
                0x0000000000000ca0       0x38 ./rtthread/src/kservice.o
                0x0000000000000ca0                rt_kputs
 .text.rt_kprintf
                0x0000000000000cd8       0x6a ./rtthread/src/kservice.o
                0x0000000000000cd8                rt_kprintf
 .text.rt_show_version
                0x0000000000000d42       0x34 ./rtthread/src/kservice.o
                0x0000000000000d42                rt_show_version
 .text.__rt_ffs
                0x0000000000000d76       0x4e ./rtthread/src/kservice.o
                0x0000000000000d76                __rt_ffs
 .text.plug_holes
                0x0000000000000dc4       0x54 ./rtthread/src/mem.o
 .text.list_mem
                0x0000000000000e18       0x2c ./rtthread/src/mem.o
                0x0000000000000e18                list_mem
 .text.rt_system_heap_init
                0x0000000000000e44       0x78 ./rtthread/src/mem.o
                0x0000000000000e44                rt_system_heap_init
 .text.rt_malloc
                0x0000000000000ebc      0x10e ./rtthread/src/mem.o
                0x0000000000000ebc                rt_malloc
 .text.rt_calloc
                0x0000000000000fca       0x24 ./rtthread/src/mem.o
                0x0000000000000fca                rt_calloc
 .text.rt_free  0x0000000000000fee       0xa0 ./rtthread/src/mem.o
                0x0000000000000fee                rt_free
 .text.rt_object_get_information
                0x000000000000108e       0x2a ./rtthread/src/object.o
                0x000000000000108e                rt_object_get_information
 .text.rt_object_init
                0x00000000000010b8       0x5a ./rtthread/src/object.o
                0x00000000000010b8                rt_object_init
 .text.rt_object_detach
                0x0000000000001112       0x2e ./rtthread/src/object.o
                0x0000000000001112                rt_object_detach
 .text.rt_object_allocate
                0x0000000000001140       0x56 ./rtthread/src/object.o
                0x0000000000001140                rt_object_allocate
 .text.rt_object_delete
                0x0000000000001196       0x32 ./rtthread/src/object.o
                0x0000000000001196                rt_object_delete
 .text.rt_object_is_systemobject
                0x00000000000011c8        0x8 ./rtthread/src/object.o
                0x00000000000011c8                rt_object_is_systemobject
 .text.rt_system_scheduler_init
                0x00000000000011d0       0x2e ./rtthread/src/scheduler.o
                0x00000000000011d0                rt_system_scheduler_init
 .text.rt_system_scheduler_start
                0x00000000000011fe       0x2a ./rtthread/src/scheduler.o
                0x00000000000011fe                rt_system_scheduler_start
 .text.rt_schedule
                0x0000000000001228       0xb0 ./rtthread/src/scheduler.o
                0x0000000000001228                rt_schedule
 .text.rt_schedule_insert_thread
                0x00000000000012d8       0x46 ./rtthread/src/scheduler.o
                0x00000000000012d8                rt_schedule_insert_thread
 .text.rt_schedule_remove_thread
                0x000000000000131e       0x44 ./rtthread/src/scheduler.o
                0x000000000000131e                rt_schedule_remove_thread
 .text.rt_enter_critical
                0x0000000000001362       0x1a ./rtthread/src/scheduler.o
                0x0000000000001362                rt_enter_critical
 .text.rt_exit_critical
                0x000000000000137c       0x34 ./rtthread/src/scheduler.o
                0x000000000000137c                rt_exit_critical
 .text.rt_thread_exit
                0x00000000000013b0       0x54 ./rtthread/src/thread.o
                0x00000000000013b0                rt_thread_exit
 .text.rt_thread_timeout
                0x0000000000001404       0x20 ./rtthread/src/thread.o
                0x0000000000001404                rt_thread_timeout
 .text._rt_thread_init.constprop.0
                0x0000000000001424       0x82 ./rtthread/src/thread.o
 .text.rt_thread_init
                0x00000000000014a6       0x32 ./rtthread/src/thread.o
                0x00000000000014a6                rt_thread_init
 .text.rt_thread_self
                0x00000000000014d8        0x6 ./rtthread/src/thread.o
                0x00000000000014d8                rt_thread_self
 .text.rt_thread_create
                0x00000000000014de       0x42 ./rtthread/src/thread.o
                0x00000000000014de                rt_thread_create
 .text.rt_thread_delete
                0x0000000000001520       0x3a ./rtthread/src/thread.o
                0x0000000000001520                rt_thread_delete
 .text.rt_thread_yield
                0x000000000000155a       0x54 ./rtthread/src/thread.o
                0x000000000000155a                rt_thread_yield
 .text.rt_thread_suspend
                0x00000000000015ae       0x4a ./rtthread/src/thread.o
                0x00000000000015ae                rt_thread_suspend
 .text.rt_thread_sleep
                0x00000000000015f8       0x40 ./rtthread/src/thread.o
                0x00000000000015f8                rt_thread_sleep
 .text.rt_thread_delay
                0x0000000000001638        0x2 ./rtthread/src/thread.o
                0x0000000000001638                rt_thread_delay
 .text.rt_thread_mdelay
                0x000000000000163a        0xe ./rtthread/src/thread.o
                0x000000000000163a                rt_thread_mdelay
 .text.rt_thread_resume
                0x0000000000001648       0x4c ./rtthread/src/thread.o
                0x0000000000001648                rt_thread_resume
 .text.rt_thread_startup
                0x0000000000001694       0x2c ./rtthread/src/thread.o
                0x0000000000001694                rt_thread_startup
 .text.rt_thread_control
                0x00000000000016c0       0x64 ./rtthread/src/thread.o
                0x00000000000016c0                rt_thread_control
 .text._rt_timer_remove
                0x0000000000001724       0x12 ./rtthread/src/timer.o
 .text.rt_timer_init
                0x0000000000001736       0x36 ./rtthread/src/timer.o
                0x0000000000001736                rt_timer_init
 .text.rt_timer_detach
                0x000000000000176c       0x1e ./rtthread/src/timer.o
                0x000000000000176c                rt_timer_detach
 .text.rt_timer_start
                0x000000000000178a       0xaa ./rtthread/src/timer.o
                0x000000000000178a                rt_timer_start
 .text.rt_timer_stop
                0x0000000000001834       0x32 ./rtthread/src/timer.o
                0x0000000000001834                rt_timer_stop
 .text.rt_timer_control
                0x0000000000001866       0x38 ./rtthread/src/timer.o
                0x0000000000001866                rt_timer_control
 .text.rt_timer_check
                0x000000000000189e       0x78 ./rtthread/src/timer.o
                0x000000000000189e                rt_timer_check
 .text.rt_soft_timer_check
                0x0000000000001916       0x88 ./rtthread/src/timer.o
                0x0000000000001916                rt_soft_timer_check
 .text.rt_thread_timer_entry
                0x000000000000199e       0x40 ./rtthread/src/timer.o
 .text.rt_system_timer_init
                0x00000000000019de        0xa ./rtthread/src/timer.o
                0x00000000000019de                rt_system_timer_init
 .text.rt_system_timer_thread_init
                0x00000000000019e8       0x3a ./rtthread/src/timer.o
                0x00000000000019e8                rt_system_timer_thread_init
 .text.rt_hw_stack_init
                0x0000000000001a22       0x32 ./rtthread/libcpu/risc-v/common/cpuport.o
                0x0000000000001a22                rt_hw_stack_init
 .text.sw_setpend
                0x0000000000001a54       0x10 ./rtthread/libcpu/risc-v/common/cpuport.o
                0x0000000000001a54                sw_setpend
 .text.sw_clearpend
                0x0000000000001a64        0xe ./rtthread/libcpu/risc-v/common/cpuport.o
                0x0000000000001a64                sw_clearpend
 .text.rt_hw_interrupt_disable
                0x0000000000001a72        0xc ./rtthread/libcpu/risc-v/common/cpuport.o
                0x0000000000001a72                rt_hw_interrupt_disable
 .text.rt_hw_interrupt_enable
                0x0000000000001a7e        0x6 ./rtthread/libcpu/risc-v/common/cpuport.o
                0x0000000000001a7e                rt_hw_interrupt_enable
 .text.rt_hw_context_switch_interrupt
                0x0000000000001a84       0x18 ./rtthread/libcpu/risc-v/common/cpuport.o
                0x0000000000001a84                rt_hw_context_switch_interrupt
 .text.ulog_console_backend_output
                0x0000000000001a9c       0x34 ./rtthread/components/utilities/ulog/backend/console_be.o
                0x0000000000001a9c                ulog_console_backend_output
 .text.ulog_console_backend_init
                0x0000000000001ad0       0x26 ./rtthread/components/utilities/ulog/backend/console_be.o
                0x0000000000001ad0                ulog_console_backend_init
 .text.output_lock
                0x0000000000001af6       0x36 ./rtthread/components/utilities/ulog/ulog.o
 .text.do_output
                0x0000000000001b2c       0xc4 ./rtthread/components/utilities/ulog/ulog.o
 .text.output_unlock
                0x0000000000001bf0       0x34 ./rtthread/components/utilities/ulog/ulog.o
 .text.ulog_init
                0x0000000000001c24       0x2c ./rtthread/components/utilities/ulog/ulog.o
                0x0000000000001c24                ulog_init
 .text.ulog_strcpy
                0x0000000000001c50       0x26 ./rtthread/components/utilities/ulog/ulog.o
                0x0000000000001c50                ulog_strcpy
 .text.ulog_ultoa
                0x0000000000001c76       0x54 ./rtthread/components/utilities/ulog/ulog.o
                0x0000000000001c76                ulog_ultoa
 .text.ulog_formater
                0x0000000000001cca      0x178 ./rtthread/components/utilities/ulog/ulog.o
                0x0000000000001cca                ulog_formater
 .text.ulog_voutput
                0x0000000000001e42       0x7a ./rtthread/components/utilities/ulog/ulog.o
                0x0000000000001e42                ulog_voutput
 .text.ulog_output
                0x0000000000001ebc       0x1a ./rtthread/components/utilities/ulog/ulog.o
                0x0000000000001ebc                ulog_output
 .text.ulog_hexdump
                0x0000000000001ed6      0x1ea ./rtthread/components/utilities/ulog/ulog.o
                0x0000000000001ed6                ulog_hexdump
 .text.ulog_backend_register
                0x00000000000020c0       0x46 ./rtthread/components/utilities/ulog/ulog.o
                0x00000000000020c0                ulog_backend_register
 .text.putchar_via_gadget
                0x0000000000002106       0x24 ./rtthread/components/rt_vsnprintf_full/rt_vsnprintf.o
 .text.out_rev_
                0x000000000000212a       0x64 ./rtthread/components/rt_vsnprintf_full/rt_vsnprintf.o
 .text.print_integer
                0x000000000000218e      0x302 ./rtthread/components/rt_vsnprintf_full/rt_vsnprintf.o
 .text.get_components
                0x0000000000002490      0x158 ./rtthread/components/rt_vsnprintf_full/rt_vsnprintf.o
 .text.print_broken_up_decimal.isra.0
                0x00000000000025e8      0x196 ./rtthread/components/rt_vsnprintf_full/rt_vsnprintf.o
 .text.print_exponential_number
                0x000000000000277e      0x674 ./rtthread/components/rt_vsnprintf_full/rt_vsnprintf.o
 .text.print_floating_point
                0x0000000000002df2      0x158 ./rtthread/components/rt_vsnprintf_full/rt_vsnprintf.o
 .text.rt_vsnprintf
                0x0000000000002f4a      0x554 ./rtthread/components/rt_vsnprintf_full/rt_vsnprintf.o
                0x0000000000002f4a                rt_vsnprintf
 .text.rt_list_len
                0x000000000000349e       0x12 ./rtthread/components/finsh/cmd.o
 .text.reboot   0x00000000000034b0       0x12 ./rtthread/components/finsh/cmd.o
                0x00000000000034b0                reboot
 .text.clear    0x00000000000034c2       0x14 ./rtthread/components/finsh/cmd.o
                0x00000000000034c2                clear
 .text.object_split
                0x00000000000034d6       0x1a ./rtthread/components/finsh/cmd.o
 .text.show_wait_queue
                0x00000000000034f0       0x32 ./rtthread/components/finsh/cmd.o
 .text.object_name_maxlen
                0x0000000000003522       0x40 ./rtthread/components/finsh/cmd.o
 .text.list_thread
                0x0000000000003562       0xd2 ./rtthread/components/finsh/cmd.o
                0x0000000000003562                list_thread
 .text.list_sem
                0x0000000000003634       0xaa ./rtthread/components/finsh/cmd.o
                0x0000000000003634                list_sem
 .text.list_event
                0x00000000000036de       0xa0 ./rtthread/components/finsh/cmd.o
                0x00000000000036de                list_event
 .text.list_mutex
                0x000000000000377e       0x7a ./rtthread/components/finsh/cmd.o
                0x000000000000377e                list_mutex
 .text.list_mailbox
                0x00000000000037f8       0xb2 ./rtthread/components/finsh/cmd.o
                0x00000000000037f8                list_mailbox
 .text.list_msgqueue
                0x00000000000038aa       0xaa ./rtthread/components/finsh/cmd.o
                0x00000000000038aa                list_msgqueue
 .text.list_memheap
                0x0000000000003954       0x68 ./rtthread/components/finsh/cmd.o
                0x0000000000003954                list_memheap
 .text.list_mempool
                0x00000000000039bc       0x94 ./rtthread/components/finsh/cmd.o
                0x00000000000039bc                list_mempool
 .text.list_device
                0x0000000000003a50       0x8e ./rtthread/components/finsh/cmd.o
                0x0000000000003a50                list_device
 .text.list_timer
                0x0000000000003ade       0x8c ./rtthread/components/finsh/cmd.o
                0x0000000000003ade                list_timer
 .text.list     0x0000000000003b6a       0x44 ./rtthread/components/finsh/cmd.o
                0x0000000000003b6a                list
 .text.msh_help
                0x0000000000003bae       0x50 ./rtthread/components/finsh/msh.o
                0x0000000000003bae                msh_help
 .text.msh_is_used
                0x0000000000003bfe        0x4 ./rtthread/components/finsh/msh.o
                0x0000000000003bfe                msh_is_used
 .text.msh_exec
                0x0000000000003c02      0x19e ./rtthread/components/finsh/msh.o
                0x0000000000003c02                msh_exec
 .text.msh_auto_complete
                0x0000000000003da0       0xa0 ./rtthread/components/finsh/msh.o
                0x0000000000003da0                msh_auto_complete
 .text.cmd_ps   0x0000000000003e40        0xe ./rtthread/components/finsh/msh_cmd.o
                0x0000000000003e40                cmd_ps
 .text.cmd_free
                0x0000000000003e4e        0xe ./rtthread/components/finsh/msh_cmd.o
                0x0000000000003e4e                cmd_free
 .text.finsh_rx_ind
                0x0000000000003e5c       0x12 ./rtthread/components/finsh/shell.o
 .text.finsh_system_init
                0x0000000000003e6e       0x88 ./rtthread/components/finsh/shell.o
                0x0000000000003e6e                finsh_system_init
 .text.finsh_get_prompt
                0x0000000000003ef6       0x36 ./rtthread/components/finsh/shell.o
                0x0000000000003ef6                finsh_get_prompt
 .text.shell_handle_history.isra.0
                0x0000000000003f2c       0x28 ./rtthread/components/finsh/shell.o
 .text.finsh_set_device
                0x0000000000003f54       0x7c ./rtthread/components/finsh/shell.o
                0x0000000000003f54                finsh_set_device
 .text.finsh_thread_entry
                0x0000000000003fd0      0x426 ./rtthread/components/finsh/shell.o
                0x0000000000003fd0                finsh_thread_entry
 .text.rt_serial_init
                0x00000000000043f6       0x18 ./rtthread/components/drivers/serial/serial.o
 .text.rt_serial_write
                0x000000000000440e       0x42 ./rtthread/components/drivers/serial/serial.o
 .text.rt_serial_control
                0x0000000000004450       0x78 ./rtthread/components/drivers/serial/serial.o
 .text.rt_serial_open
                0x00000000000044c8       0xba ./rtthread/components/drivers/serial/serial.o
 .text.rt_serial_read
                0x0000000000004582       0xaa ./rtthread/components/drivers/serial/serial.o
 .text.rt_serial_close
                0x000000000000462c       0x42 ./rtthread/components/drivers/serial/serial.o
 .text.rt_hw_serial_register
                0x000000000000466e       0x46 ./rtthread/components/drivers/serial/serial.o
                0x000000000000466e                rt_hw_serial_register
 .text.rt_hw_serial_isr
                0x00000000000046b4       0xa2 ./rtthread/components/drivers/serial/serial.o
                0x00000000000046b4                rt_hw_serial_isr
 .text._pin_control
                0x0000000000004756       0x1c ./rtthread/components/drivers/misc/pin.o
 .text.rt_pin_mode
                0x0000000000004772       0x12 ./rtthread/components/drivers/misc/pin.o
                0x0000000000004772                rt_pin_mode
 .text.rt_pin_write
                0x0000000000004784       0x12 ./rtthread/components/drivers/misc/pin.o
                0x0000000000004784                rt_pin_write
 .text.rt_pin_read
                0x0000000000004796       0x10 ./rtthread/components/drivers/misc/pin.o
                0x0000000000004796                rt_pin_read
 .text._pin_read
                0x00000000000047a6       0x24 ./rtthread/components/drivers/misc/pin.o
 .text._pin_write
                0x00000000000047ca       0x24 ./rtthread/components/drivers/misc/pin.o
 .text.rt_device_pin_register
                0x00000000000047ee       0x4e ./rtthread/components/drivers/misc/pin.o
                0x00000000000047ee                rt_device_pin_register
 .text.rt_heap_begin_get
                0x000000000000483c        0xa ./rtthread/board.o
                0x000000000000483c                rt_heap_begin_get
 .text.rt_heap_end_get
                0x0000000000004846        0xa ./rtthread/board.o
                0x0000000000004846                rt_heap_end_get
 .text.rt_hw_board_init
                0x0000000000004850       0x80 ./rtthread/board.o
                0x0000000000004850                rt_hw_board_init
 .text.SysTick_Handler
                0x00000000000048d0       0x20 ./rtthread/board.o
                0x00000000000048d0                SysTick_Handler
 .text.get_pin  0x00000000000048f0       0x22 ./drivers/drv_gpio.o
 .text.bit2bitno
                0x0000000000004912       0x24 ./drivers/drv_gpio.o
 .text.rt_hw_pin_init
                0x0000000000004936       0x24 ./drivers/drv_gpio.o
                0x0000000000004936                rt_hw_pin_init
 .text.ch32_pin_dettach_irq
                0x000000000000495a       0x5a ./drivers/drv_gpio.o
 .text.ch32_pin_attach_irq
                0x00000000000049b4       0x98 ./drivers/drv_gpio.o
 .text.ch32_pin_mode
                0x0000000000004a4c       0x5c ./drivers/drv_gpio.o
 .text.ch32_pin_irq_enable
                0x0000000000004aa8      0x1c0 ./drivers/drv_gpio.o
 .text.ch32_pin_read
                0x0000000000004c68       0x1e ./drivers/drv_gpio.o
 .text.ch32_pin_write
                0x0000000000004c86       0x22 ./drivers/drv_gpio.o
 .text.HAL_GPIO_EXTI_Callback
                0x0000000000004ca8       0x24 ./drivers/drv_gpio.o
                0x0000000000004ca8                HAL_GPIO_EXTI_Callback
 .text.EXTI0_IRQHandler
                0x0000000000004ccc       0x28 ./drivers/drv_gpio.o
                0x0000000000004ccc                EXTI0_IRQHandler
 .text.EXTI1_IRQHandler
                0x0000000000004cf4       0x28 ./drivers/drv_gpio.o
                0x0000000000004cf4                EXTI1_IRQHandler
 .text.EXTI2_IRQHandler
                0x0000000000004d1c       0x28 ./drivers/drv_gpio.o
                0x0000000000004d1c                EXTI2_IRQHandler
 .text.EXTI3_IRQHandler
                0x0000000000004d44       0x28 ./drivers/drv_gpio.o
                0x0000000000004d44                EXTI3_IRQHandler
 .text.EXTI4_IRQHandler
                0x0000000000004d6c       0x28 ./drivers/drv_gpio.o
                0x0000000000004d6c                EXTI4_IRQHandler
 .text.EXTI9_5_IRQHandler
                0x0000000000004d94       0x78 ./drivers/drv_gpio.o
                0x0000000000004d94                EXTI9_5_IRQHandler
 .text.ch32dma_transmit
                0x0000000000004e0c        0x4 ./drivers/drv_usart.o
 .text.uart_isr
                0x0000000000004e10       0x4e ./drivers/drv_usart.o
 .text.ch32_getc
                0x0000000000004e5e       0x26 ./drivers/drv_usart.o
 .text.ch32_putc
                0x0000000000004e84       0x26 ./drivers/drv_usart.o
 .text.ch32_control
                0x0000000000004eaa       0x84 ./drivers/drv_usart.o
 .text.UART2_RxCheck
                0x0000000000004f2e       0x5e ./drivers/drv_usart.o
                0x0000000000004f2e                UART2_RxCheck
 .text.uart_dma_rx_configure
                0x0000000000004f8c       0xae ./drivers/drv_usart.o
                0x0000000000004f8c                uart_dma_rx_configure
 .text.ch32_configure
                0x000000000000503a      0x286 ./drivers/drv_usart.o
 .text.USART1_IRQHandler
                0x00000000000052c0       0x1c ./drivers/drv_usart.o
                0x00000000000052c0                USART1_IRQHandler
 .text.USART2_IRQHandler
                0x00000000000052dc       0x1c ./drivers/drv_usart.o
                0x00000000000052dc                USART2_IRQHandler
 .text.USART3_IRQHandler
                0x00000000000052f8       0x1c ./drivers/drv_usart.o
                0x00000000000052f8                USART3_IRQHandler
 .text.UART4_IRQHandler
                0x0000000000005314       0x1c ./drivers/drv_usart.o
                0x0000000000005314                UART4_IRQHandler
 .text.UART5_IRQHandler
                0x0000000000005330       0x1c ./drivers/drv_usart.o
                0x0000000000005330                UART5_IRQHandler
 .text.rt_hw_usart_init
                0x000000000000534c       0xb2 ./drivers/drv_usart.o
                0x000000000000534c                rt_hw_usart_init
 .text.agile_led_default_compelete_callback
                0x00000000000053fe        0x2 ./common/agile_led/agile_led.o
 .text.agile_led_get_light_arr.constprop.0
                0x0000000000005400       0x86 ./common/agile_led/agile_led.o
 .text.agile_led_create
                0x0000000000005486       0x94 ./common/agile_led/agile_led.o
                0x0000000000005486                agile_led_create
 .text.agile_led_start
                0x000000000000551a       0x60 ./common/agile_led/agile_led.o
                0x000000000000551a                agile_led_start
 .text.agile_led_stop
                0x000000000000557a       0x46 ./common/agile_led/agile_led.o
                0x000000000000557a                agile_led_stop
 .text.agile_led_dynamic_change_light_mode
                0x00000000000055c0       0x64 ./common/agile_led/agile_led.o
                0x00000000000055c0                agile_led_dynamic_change_light_mode
 .text.agile_led_set_light_mode
                0x0000000000005624        0x4 ./common/agile_led/agile_led.o
                0x0000000000005624                agile_led_set_light_mode
 .text.agile_led_on
                0x0000000000005628        0x8 ./common/agile_led/agile_led.o
                0x0000000000005628                agile_led_on
 .text.agile_led_off
                0x0000000000005630        0xc ./common/agile_led/agile_led.o
                0x0000000000005630                agile_led_off
 .text.agile_led_process
                0x000000000000563c       0xc6 ./common/agile_led/agile_led.o
                0x000000000000563c                agile_led_process
 .text.agile_led_auto_thread_entry
                0x0000000000005702       0x10 ./common/agile_led/agile_led.o
 .text.agile_led_env_init
                0x0000000000005712       0x28 ./common/agile_led/agile_led.o
                0x0000000000005712                agile_led_env_init
 .text.agile_led_auto_thread_init
                0x000000000000573a       0x42 ./common/agile_led/agile_led.o
 .text.lwrb_init
                0x000000000000577c       0x26 ./common/LwRB/lwrb.o
                0x000000000000577c                lwrb_init
 .text.lwrb_get_free
                0x00000000000057a2       0x2a ./common/LwRB/lwrb.o
                0x00000000000057a2                lwrb_get_free
 .text.lwrb_write_ex
                0x00000000000057cc       0xa8 ./common/LwRB/lwrb.o
                0x00000000000057cc                lwrb_write_ex
 .text.lwrb_write
                0x0000000000005874       0x1e ./common/LwRB/lwrb.o
                0x0000000000005874                lwrb_write
 .text.lwrb_get_full
                0x0000000000005892       0x26 ./common/LwRB/lwrb.o
                0x0000000000005892                lwrb_get_full
 .text.lwrb_read_ex
                0x00000000000058b8       0xa8 ./common/LwRB/lwrb.o
                0x00000000000058b8                lwrb_read_ex
 .text.lwrb_read
                0x0000000000005960       0x1e ./common/LwRB/lwrb.o
                0x0000000000005960                lwrb_read
 .text.flex_button_register
                0x000000000000597e       0x5e ./common/FlexibleButton/flexible_button.o
                0x000000000000597e                flex_button_register
 .text.flex_button_event_read
                0x00000000000059dc        0x8 ./common/FlexibleButton/flexible_button.o
                0x00000000000059dc                flex_button_event_read
 .text.flex_button_scan
                0x00000000000059e4      0x1f4 ./common/FlexibleButton/flexible_button.o
                0x00000000000059e4                flex_button_scan
 .text.BSP_Button_thread
                0x0000000000005bd8       0x24 ./bsp/src/bsp_button.o
 .text.common_btn_evt_cb
                0x0000000000005bfc       0x6c ./bsp/src/bsp_button.o
 .text.flex_button_main
                0x0000000000005c68       0xa4 ./bsp/src/bsp_button.o
                0x0000000000005c68                flex_button_main
 .text.common_btn_read
                0x0000000000005d0c       0x1a ./bsp/src/bsp_button.o
 .text.Flash_GetMaxIndex_Records
                0x0000000000005d26       0x78 ./bsp/src/bsp_flash.o
 .text.TEST_Flash_GetMaxIndex_Records
                0x0000000000005d9e       0x50 ./bsp/src/bsp_flash.o
 .text.Flash_ErasePage_Records.isra.0
                0x0000000000005dee       0x82 ./bsp/src/bsp_flash.o
 .text.Flash_Read.isra.0
                0x0000000000005e70       0x16 ./bsp/src/bsp_flash.o
 .text.Flash_Write.isra.0
                0x0000000000005e86       0x84 ./bsp/src/bsp_flash.o
 .text.Flash_Erase_Records
                0x0000000000005f0a       0x44 ./bsp/src/bsp_flash.o
                0x0000000000005f0a                Flash_Erase_Records
 .text.TEST_Flash_Erase_Records
                0x0000000000005f4e       0x2e ./bsp/src/bsp_flash.o
 .text.Flash_GetNum_Records
                0x0000000000005f7c       0x3c ./bsp/src/bsp_flash.o
                0x0000000000005f7c                Flash_GetNum_Records
 .text.TEST_Flash_GetNum_Records
                0x0000000000005fb8       0x50 ./bsp/src/bsp_flash.o
 .text.Flash_Read_Record
                0x0000000000006008      0x162 ./bsp/src/bsp_flash.o
                0x0000000000006008                Flash_Read_Record
 .text.Flash_Write_RecordIndex
                0x000000000000616a       0xe2 ./bsp/src/bsp_flash.o
                0x000000000000616a                Flash_Write_RecordIndex
 .text.Flash_Write_Record
                0x000000000000624c      0x14a ./bsp/src/bsp_flash.o
                0x000000000000624c                Flash_Write_Record
 .text.TEST_Flash_Write_Record
                0x0000000000006396       0x50 ./bsp/src/bsp_flash.o
 .text.Flash_ErasePage_ConfigInfo
                0x00000000000063e6       0x2c ./bsp/src/bsp_flash.o
                0x00000000000063e6                Flash_ErasePage_ConfigInfo
 .text.Flash_ErasePage_ReadConfigInfo
                0x0000000000006412       0x1e ./bsp/src/bsp_flash.o
                0x0000000000006412                Flash_ErasePage_ReadConfigInfo
 .text.Flash_Write_ConfigInfo
                0x0000000000006430       0x12 ./bsp/src/bsp_flash.o
                0x0000000000006430                Flash_Write_ConfigInfo
 .text.Flash_GetProductTimeLimit
                0x0000000000006442       0x88 ./bsp/src/bsp_flash.o
                0x0000000000006442                Flash_GetProductTimeLimit
 .text.TEST_Flash_GetProductTimeLimit
                0x00000000000064ca       0x36 ./bsp/src/bsp_flash.o
 .text.Flash_SetProductTimeLimit
                0x0000000000006500       0x6a ./bsp/src/bsp_flash.o
                0x0000000000006500                Flash_SetProductTimeLimit
 .text.TEST_Flash_SetProductTimeLimit
                0x000000000000656a       0x7c ./bsp/src/bsp_flash.o
 .text.Set_FactoryRtcTime
                0x00000000000065e6       0x52 ./bsp/src/bsp_flash.o
                0x00000000000065e6                Set_FactoryRtcTime
 .text.Flash_Get_AlarmLel
                0x0000000000006638       0x58 ./bsp/src/bsp_flash.o
                0x0000000000006638                Flash_Get_AlarmLel
 .text.TEST_Flash_Get_AlarmValue
                0x0000000000006690       0x22 ./bsp/src/bsp_flash.o
 .text.Flash_Set_AlarmLel
                0x00000000000066b2       0x24 ./bsp/src/bsp_flash.o
                0x00000000000066b2                Flash_Set_AlarmLel
 .text.TEST_Flash_Set_AlarmValue
                0x00000000000066d6       0x4a ./bsp/src/bsp_flash.o
 .text.Flash_GetTotalRecord
                0x0000000000006720       0x44 ./bsp/src/bsp_flash.o
                0x0000000000006720                Flash_GetTotalRecord
 .text.Flash_GetRecord
                0x0000000000006764       0x82 ./bsp/src/bsp_flash.o
                0x0000000000006764                Flash_GetRecord
 .text.BSP_Flash_EraseRecodrs
                0x00000000000067e6       0x38 ./bsp/src/bsp_flash.o
                0x00000000000067e6                BSP_Flash_EraseRecodrs
 .text.BSP_Flash_Init
                0x000000000000681e       0x7a ./bsp/src/bsp_flash.o
                0x000000000000681e                BSP_Flash_Init
 .text.BSP_HR_Init
                0x0000000000006898      0x10e ./bsp/src/bsp_hr.o
                0x0000000000006898                BSP_HR_Init
 .text.Uart2_Rec_Cb
                0x00000000000069a6       0x16 ./bsp/src/bsp_hr.o
 .text.HR_GetFrameData
                0x00000000000069bc       0xce ./bsp/src/bsp_hr.o
                0x00000000000069bc                HR_GetFrameData
 .text.HR_GenerateRawFrame
                0x0000000000006a8a       0x6c ./bsp/src/bsp_hr.o
                0x0000000000006a8a                HR_GenerateRawFrame
 .text.HR_ProcessData
                0x0000000000006af6      0x420 ./bsp/src/bsp_hr.o
                0x0000000000006af6                HR_ProcessData
 .text.hr_thread_entry
                0x0000000000006f16       0xa2 ./bsp/src/bsp_hr.o
 .text.BSP_LED_Init
                0x0000000000006fb8       0x86 ./bsp/src/bsp_led.o
                0x0000000000006fb8                BSP_LED_Init
 .text.LED_NetInComm
                0x000000000000703e       0x40 ./bsp/src/bsp_led.o
                0x000000000000703e                LED_NetInComm
 .text.LED_NetFail
                0x000000000000707e       0x40 ./bsp/src/bsp_led.o
                0x000000000000707e                LED_NetFail
 .text.TEST_LED
                0x00000000000070be       0x40 ./bsp/src/bsp_led.o
 .text.RTC_Get_Week
                0x00000000000070fe       0x52 ./bsp/src/bsp_rtc.o
                0x00000000000070fe                RTC_Get_Week
 .text.Is_Leap_Year
                0x0000000000007150       0x26 ./bsp/src/bsp_rtc.o
                0x0000000000007150                Is_Leap_Year
 .text.RTC_Get  0x0000000000007176       0xf8 ./bsp/src/bsp_rtc.o
                0x0000000000007176                RTC_Get
 .text.BSP_Get_RTC_Time
                0x000000000000726e       0x54 ./bsp/src/bsp_rtc.o
                0x000000000000726e                BSP_Get_RTC_Time
 .text.BSP_RTC_Init
                0x00000000000072c2      0x156 ./bsp/src/bsp_rtc.o
                0x00000000000072c2                BSP_RTC_Init
 .text.RTC_Set  0x0000000000007418       0xda ./bsp/src/bsp_rtc.o
                0x0000000000007418                RTC_Set
 .text.BSP_Rtc_Set
                0x00000000000074f2       0x5e ./bsp/src/bsp_rtc.o
                0x00000000000074f2                BSP_Rtc_Set
 .text.RTC_IRQHandler
                0x0000000000007550       0x40 ./bsp/src/bsp_rtc.o
                0x0000000000007550                RTC_IRQHandler
 .text.BSP_VIN_Detection_Init
                0x0000000000007590      0x212 ./bsp/src/bsp_vin_detection.o
                0x0000000000007590                BSP_VIN_Detection_Init
 .text.Get_ADC_Average
                0x00000000000077a2       0x58 ./bsp/src/bsp_vin_detection.o
                0x00000000000077a2                Get_ADC_Average
 .text.Get_ADC_Voltage
                0x00000000000077fa       0x2c ./bsp/src/bsp_vin_detection.o
                0x00000000000077fa                Get_ADC_Voltage
 .text.Get_VIN_Voltage
                0x0000000000007826       0x34 ./bsp/src/bsp_vin_detection.o
                0x0000000000007826                Get_VIN_Voltage
 .text.Get_VIN_VoltageInt1000x
                0x000000000000785a       0x36 ./bsp/src/bsp_vin_detection.o
                0x000000000000785a                Get_VIN_VoltageInt1000x
 .text.vin_thread_entry
                0x0000000000007890       0x22 ./bsp/src/bsp_vin_detection.o
 .text.ADC1_2_IRQHandler
                0x00000000000078b2       0x8e ./bsp/src/bsp_vin_detection.o
                0x00000000000078b2                ADC1_2_IRQHandler
 .text.wdg_thread_entry
                0x0000000000007940       0x12 ./bsp/src/bsp_wdg.o
 .text.IWDG_Init
                0x0000000000007952       0x40 ./bsp/src/bsp_wdg.o
                0x0000000000007952                IWDG_Init
 .text.BSP_WDG_Init
                0x0000000000007992       0x4a ./bsp/src/bsp_wdg.o
                0x0000000000007992                BSP_WDG_Init
 .text.NMI_Handler
                0x00000000000079dc       0x1e ./User/ch32v30x_it.o
                0x00000000000079dc                NMI_Handler
 .text.HardFault_Handler
                0x00000000000079fa       0x44 ./User/ch32v30x_it.o
                0x00000000000079fa                HardFault_Handler
 .text.startup.main
                0x0000000000007a3e       0x58 ./User/main.o
                0x0000000000007a3e                main
 .text.SystemInit
                0x0000000000007a96       0xea ./User/system_ch32v30x.o
                0x0000000000007a96                SystemInit
 .text.SystemCoreClockUpdate
                0x0000000000007b80       0x84 ./User/system_ch32v30x.o
                0x0000000000007b80                SystemCoreClockUpdate
 .text.vector_handler
                0x0000000000007c04        0x2 ./Startup/startup_ch32v30x_D8C.o
                0x0000000000007c04                TIM8_TRG_COM_IRQHandler
                0x0000000000007c04                TIM8_CC_IRQHandler
                0x0000000000007c04                UART8_IRQHandler
                0x0000000000007c04                TIM1_CC_IRQHandler
                0x0000000000007c04                TIM6_IRQHandler
                0x0000000000007c04                PVD_IRQHandler
                0x0000000000007c04                SDIO_IRQHandler
                0x0000000000007c04                TIM9_BRK_IRQHandler
                0x0000000000007c04                DMA2_Channel8_IRQHandler
                0x0000000000007c04                CAN2_RX1_IRQHandler
                0x0000000000007c04                USBHS_IRQHandler
                0x0000000000007c04                DMA2_Channel9_IRQHandler
                0x0000000000007c04                TIM10_CC_IRQHandler
                0x0000000000007c04                USBFS_IRQHandler
                0x0000000000007c04                I2C2_EV_IRQHandler
                0x0000000000007c04                TIM10_TRG_COM_IRQHandler
                0x0000000000007c04                CAN2_SCE_IRQHandler
                0x0000000000007c04                Break_Point_Handler
                0x0000000000007c04                SPI1_IRQHandler
                0x0000000000007c04                TAMPER_IRQHandler
                0x0000000000007c04                CAN2_RX0_IRQHandler
                0x0000000000007c04                TIM8_UP_IRQHandler
                0x0000000000007c04                Ecall_M_Mode_Handler
                0x0000000000007c04                DMA2_Channel2_IRQHandler
                0x0000000000007c04                DMA1_Channel4_IRQHandler
                0x0000000000007c04                TIM9_UP_IRQHandler
                0x0000000000007c04                DMA1_Channel7_IRQHandler
                0x0000000000007c04                CAN1_RX1_IRQHandler
                0x0000000000007c04                DVP_IRQHandler
                0x0000000000007c04                TIM4_IRQHandler
                0x0000000000007c04                DMA2_Channel1_IRQHandler
                0x0000000000007c04                I2C1_EV_IRQHandler
                0x0000000000007c04                DMA1_Channel6_IRQHandler
                0x0000000000007c04                DMA2_Channel4_IRQHandler
                0x0000000000007c04                TIM3_IRQHandler
                0x0000000000007c04                RCC_IRQHandler
                0x0000000000007c04                TIM1_TRG_COM_IRQHandler
                0x0000000000007c04                DMA1_Channel1_IRQHandler
                0x0000000000007c04                DMA2_Channel7_IRQHandler
                0x0000000000007c04                EXTI15_10_IRQHandler
                0x0000000000007c04                TIM7_IRQHandler
                0x0000000000007c04                CAN2_TX_IRQHandler
                0x0000000000007c04                TIM5_IRQHandler
                0x0000000000007c04                ETH_WKUP_IRQHandler
                0x0000000000007c04                SPI2_IRQHandler
                0x0000000000007c04                TIM10_BRK_IRQHandler
                0x0000000000007c04                TIM9_CC_IRQHandler
                0x0000000000007c04                DMA2_Channel5_IRQHandler
                0x0000000000007c04                DMA1_Channel5_IRQHandler
                0x0000000000007c04                USB_LP_CAN1_RX0_IRQHandler
                0x0000000000007c04                RNG_IRQHandler
                0x0000000000007c04                USB_HP_CAN1_TX_IRQHandler
                0x0000000000007c04                DMA1_Channel3_IRQHandler
                0x0000000000007c04                ETH_IRQHandler
                0x0000000000007c04                TIM1_UP_IRQHandler
                0x0000000000007c04                WWDG_IRQHandler
                0x0000000000007c04                USBHSWakeup_IRQHandler
                0x0000000000007c04                DMA2_Channel11_IRQHandler
                0x0000000000007c04                Ecall_U_Mode_Handler
                0x0000000000007c04                DMA2_Channel6_IRQHandler
                0x0000000000007c04                TIM2_IRQHandler
                0x0000000000007c04                TIM1_BRK_IRQHandler
                0x0000000000007c04                DMA2_Channel10_IRQHandler
                0x0000000000007c04                RTCAlarm_IRQHandler
                0x0000000000007c04                TIM10_UP_IRQHandler
                0x0000000000007c04                TIM9_TRG_COM_IRQHandler
                0x0000000000007c04                UART7_IRQHandler
                0x0000000000007c04                UART6_IRQHandler
                0x0000000000007c04                I2C2_ER_IRQHandler
                0x0000000000007c04                DMA1_Channel2_IRQHandler
                0x0000000000007c04                TIM8_BRK_IRQHandler
                0x0000000000007c04                CAN1_SCE_IRQHandler
                0x0000000000007c04                FLASH_IRQHandler
                0x0000000000007c04                SPI3_IRQHandler
                0x0000000000007c04                I2C1_ER_IRQHandler
                0x0000000000007c04                USBWakeUp_IRQHandler
                0x0000000000007c04                DMA2_Channel3_IRQHandler
 .text.handle_reset
                0x0000000000007c06       0x90 ./Startup/startup_ch32v30x_D8C.o
                0x0000000000007c06                handle_reset
 .text.ADC_DeInit
                0x0000000000007c96       0x46 ./Peripheral/src/ch32v30x_adc.o
                0x0000000000007c96                ADC_DeInit
 .text.ADC_Init
                0x0000000000007cdc       0x56 ./Peripheral/src/ch32v30x_adc.o
                0x0000000000007cdc                ADC_Init
 .text.ADC_Cmd  0x0000000000007d32       0x10 ./Peripheral/src/ch32v30x_adc.o
                0x0000000000007d32                ADC_Cmd
 .text.ADC_DMACmd
                0x0000000000007d42       0x12 ./Peripheral/src/ch32v30x_adc.o
                0x0000000000007d42                ADC_DMACmd
 .text.ADC_ITConfig
                0x0000000000007d54       0x18 ./Peripheral/src/ch32v30x_adc.o
                0x0000000000007d54                ADC_ITConfig
 .text.ADC_ResetCalibration
                0x0000000000007d6c        0xa ./Peripheral/src/ch32v30x_adc.o
                0x0000000000007d6c                ADC_ResetCalibration
 .text.ADC_GetResetCalibrationStatus
                0x0000000000007d76        0x8 ./Peripheral/src/ch32v30x_adc.o
                0x0000000000007d76                ADC_GetResetCalibrationStatus
 .text.ADC_StartCalibration
                0x0000000000007d7e        0xa ./Peripheral/src/ch32v30x_adc.o
                0x0000000000007d7e                ADC_StartCalibration
 .text.ADC_GetCalibrationStatus
                0x0000000000007d88        0x8 ./Peripheral/src/ch32v30x_adc.o
                0x0000000000007d88                ADC_GetCalibrationStatus
 .text.ADC_SoftwareStartConvCmd
                0x0000000000007d90       0x18 ./Peripheral/src/ch32v30x_adc.o
                0x0000000000007d90                ADC_SoftwareStartConvCmd
 .text.ADC_RegularChannelConfig
                0x0000000000007da8       0xb8 ./Peripheral/src/ch32v30x_adc.o
                0x0000000000007da8                ADC_RegularChannelConfig
 .text.ADC_AnalogWatchdogCmd
                0x0000000000007e60       0x12 ./Peripheral/src/ch32v30x_adc.o
                0x0000000000007e60                ADC_AnalogWatchdogCmd
 .text.ADC_AnalogWatchdogThresholdsConfig
                0x0000000000007e72        0x6 ./Peripheral/src/ch32v30x_adc.o
                0x0000000000007e72                ADC_AnalogWatchdogThresholdsConfig
 .text.ADC_AnalogWatchdogSingleChannelConfig
                0x0000000000007e78        0xa ./Peripheral/src/ch32v30x_adc.o
                0x0000000000007e78                ADC_AnalogWatchdogSingleChannelConfig
 .text.ADC_GetITStatus
                0x0000000000007e82       0x18 ./Peripheral/src/ch32v30x_adc.o
                0x0000000000007e82                ADC_GetITStatus
 .text.ADC_ClearITPendingBit
                0x0000000000007e9a        0xa ./Peripheral/src/ch32v30x_adc.o
                0x0000000000007e9a                ADC_ClearITPendingBit
 .text.ADC_BufferCmd
                0x0000000000007ea4       0x18 ./Peripheral/src/ch32v30x_adc.o
                0x0000000000007ea4                ADC_BufferCmd
 .text.Get_CalibrationValue
                0x0000000000007ebc      0x14a ./Peripheral/src/ch32v30x_adc.o
                0x0000000000007ebc                Get_CalibrationValue
 .text.BKP_WriteBackupRegister
                0x0000000000008006       0x1c ./Peripheral/src/ch32v30x_bkp.o
                0x0000000000008006                BKP_WriteBackupRegister
 .text.BKP_ReadBackupRegister
                0x0000000000008022       0x1c ./Peripheral/src/ch32v30x_bkp.o
                0x0000000000008022                BKP_ReadBackupRegister
 .text.DBGMCU_GetCHIPID
                0x000000000000803e        0xa ./Peripheral/src/ch32v30x_dbgmcu.o
                0x000000000000803e                DBGMCU_GetCHIPID
 .text.DMA_DeInit
                0x0000000000008048      0x134 ./Peripheral/src/ch32v30x_dma.o
                0x0000000000008048                DMA_DeInit
 .text.DMA_Init
                0x000000000000817c       0x38 ./Peripheral/src/ch32v30x_dma.o
                0x000000000000817c                DMA_Init
 .text.DMA_Cmd  0x00000000000081b4       0x14 ./Peripheral/src/ch32v30x_dma.o
                0x00000000000081b4                DMA_Cmd
 .text.DMA_GetCurrDataCounter
                0x00000000000081c8        0x8 ./Peripheral/src/ch32v30x_dma.o
                0x00000000000081c8                DMA_GetCurrDataCounter
 .text.EXTI_Init
                0x00000000000081d0       0x62 ./Peripheral/src/ch32v30x_exti.o
                0x00000000000081d0                EXTI_Init
 .text.EXTI_GetITStatus
                0x0000000000008232       0x1a ./Peripheral/src/ch32v30x_exti.o
                0x0000000000008232                EXTI_GetITStatus
 .text.EXTI_ClearITPendingBit
                0x000000000000824c        0xc ./Peripheral/src/ch32v30x_exti.o
                0x000000000000824c                EXTI_ClearITPendingBit
 .text.FLASH_Unlock
                0x0000000000008258       0x1a ./Peripheral/src/ch32v30x_flash.o
                0x0000000000008258                FLASH_Unlock
 .text.FLASH_Lock
                0x0000000000008272        0xe ./Peripheral/src/ch32v30x_flash.o
                0x0000000000008272                FLASH_Lock
 .text.FLASH_ClearFlag
                0x0000000000008280        0x8 ./Peripheral/src/ch32v30x_flash.o
                0x0000000000008280                FLASH_ClearFlag
 .text.FLASH_GetBank1Status
                0x0000000000008288       0x16 ./Peripheral/src/ch32v30x_flash.o
                0x0000000000008288                FLASH_GetBank1Status
 .text.FLASH_WaitForLastOperation
                0x000000000000829e       0x24 ./Peripheral/src/ch32v30x_flash.o
                0x000000000000829e                FLASH_WaitForLastOperation
 .text.FLASH_ProgramHalfWord
                0x00000000000082c2       0x34 ./Peripheral/src/ch32v30x_flash.o
                0x00000000000082c2                FLASH_ProgramHalfWord
 .text.FLASH_Unlock_Fast
                0x00000000000082f6       0x1e ./Peripheral/src/ch32v30x_flash.o
                0x00000000000082f6                FLASH_Unlock_Fast
 .text.FLASH_Lock_Fast
                0x0000000000008314        0xe ./Peripheral/src/ch32v30x_flash.o
                0x0000000000008314                FLASH_Lock_Fast
 .text.FLASH_ErasePage_Fast
                0x0000000000008322       0x4c ./Peripheral/src/ch32v30x_flash.o
                0x0000000000008322                FLASH_ErasePage_Fast
 .text.GPIO_Init
                0x000000000000836e       0xbc ./Peripheral/src/ch32v30x_gpio.o
                0x000000000000836e                GPIO_Init
 .text.GPIO_ReadInputDataBit
                0x000000000000842a        0xc ./Peripheral/src/ch32v30x_gpio.o
                0x000000000000842a                GPIO_ReadInputDataBit
 .text.GPIO_WriteBit
                0x0000000000008436        0xa ./Peripheral/src/ch32v30x_gpio.o
                0x0000000000008436                GPIO_WriteBit
 .text.GPIO_EXTILineConfig
                0x0000000000008440       0x2c ./Peripheral/src/ch32v30x_gpio.o
                0x0000000000008440                GPIO_EXTILineConfig
 .text.IWDG_WriteAccessCmd
                0x000000000000846c        0x8 ./Peripheral/src/ch32v30x_iwdg.o
                0x000000000000846c                IWDG_WriteAccessCmd
 .text.IWDG_SetPrescaler
                0x0000000000008474        0x8 ./Peripheral/src/ch32v30x_iwdg.o
                0x0000000000008474                IWDG_SetPrescaler
 .text.IWDG_SetReload
                0x000000000000847c        0x8 ./Peripheral/src/ch32v30x_iwdg.o
                0x000000000000847c                IWDG_SetReload
 .text.IWDG_ReloadCounter
                0x0000000000008484        0xe ./Peripheral/src/ch32v30x_iwdg.o
                0x0000000000008484                IWDG_ReloadCounter
 .text.IWDG_Enable
                0x0000000000008492       0x18 ./Peripheral/src/ch32v30x_iwdg.o
                0x0000000000008492                IWDG_Enable
 .text.NVIC_PriorityGroupConfig
                0x00000000000084aa        0x6 ./Peripheral/src/ch32v30x_misc.o
                0x00000000000084aa                NVIC_PriorityGroupConfig
 .text.NVIC_Init
                0x00000000000084b0       0x4e ./Peripheral/src/ch32v30x_misc.o
                0x00000000000084b0                NVIC_Init
 .text.PWR_BackupAccessCmd
                0x00000000000084fe       0x16 ./Peripheral/src/ch32v30x_pwr.o
                0x00000000000084fe                PWR_BackupAccessCmd
 .text.RCC_ADCCLKConfig
                0x0000000000008514       0x12 ./Peripheral/src/ch32v30x_rcc.o
                0x0000000000008514                RCC_ADCCLKConfig
 .text.RCC_LSEConfig
                0x0000000000008526       0x28 ./Peripheral/src/ch32v30x_rcc.o
                0x0000000000008526                RCC_LSEConfig
 .text.RCC_RTCCLKConfig
                0x000000000000854e        0xc ./Peripheral/src/ch32v30x_rcc.o
                0x000000000000854e                RCC_RTCCLKConfig
 .text.RCC_RTCCLKCmd
                0x000000000000855a       0x20 ./Peripheral/src/ch32v30x_rcc.o
                0x000000000000855a                RCC_RTCCLKCmd
 .text.RCC_GetClocksFreq
                0x000000000000857a       0xfe ./Peripheral/src/ch32v30x_rcc.o
                0x000000000000857a                RCC_GetClocksFreq
 .text.RCC_AHBPeriphClockCmd
                0x0000000000008678       0x1e ./Peripheral/src/ch32v30x_rcc.o
                0x0000000000008678                RCC_AHBPeriphClockCmd
 .text.RCC_APB2PeriphClockCmd
                0x0000000000008696       0x1e ./Peripheral/src/ch32v30x_rcc.o
                0x0000000000008696                RCC_APB2PeriphClockCmd
 .text.RCC_APB1PeriphClockCmd
                0x00000000000086b4       0x1e ./Peripheral/src/ch32v30x_rcc.o
                0x00000000000086b4                RCC_APB1PeriphClockCmd
 .text.RCC_APB2PeriphResetCmd
                0x00000000000086d2       0x1e ./Peripheral/src/ch32v30x_rcc.o
                0x00000000000086d2                RCC_APB2PeriphResetCmd
 .text.RCC_GetFlagStatus
                0x00000000000086f0       0x2e ./Peripheral/src/ch32v30x_rcc.o
                0x00000000000086f0                RCC_GetFlagStatus
 .text.RTC_EnterConfigMode
                0x000000000000871e       0x12 ./Peripheral/src/ch32v30x_rtc.o
                0x000000000000871e                RTC_EnterConfigMode
 .text.RTC_ExitConfigMode
                0x0000000000008730       0x18 ./Peripheral/src/ch32v30x_rtc.o
                0x0000000000008730                RTC_ExitConfigMode
 .text.RTC_GetCounter
                0x0000000000008748       0x62 ./Peripheral/src/ch32v30x_rtc.o
                0x0000000000008748                RTC_GetCounter
 .text.RTC_SetCounter
                0x00000000000087aa       0x26 ./Peripheral/src/ch32v30x_rtc.o
                0x00000000000087aa                RTC_SetCounter
 .text.RTC_SetPrescaler
                0x00000000000087d0       0x28 ./Peripheral/src/ch32v30x_rtc.o
                0x00000000000087d0                RTC_SetPrescaler
 .text.RTC_WaitForLastTask
                0x00000000000087f8       0x12 ./Peripheral/src/ch32v30x_rtc.o
                0x00000000000087f8                RTC_WaitForLastTask
 .text.RTC_WaitForSynchro
                0x000000000000880a       0x20 ./Peripheral/src/ch32v30x_rtc.o
                0x000000000000880a                RTC_WaitForSynchro
 .text.RTC_ClearFlag
                0x000000000000882a       0x14 ./Peripheral/src/ch32v30x_rtc.o
                0x000000000000882a                RTC_ClearFlag
 .text.RTC_GetITStatus
                0x000000000000883e       0x20 ./Peripheral/src/ch32v30x_rtc.o
                0x000000000000883e                RTC_GetITStatus
 .text.RTC_ClearITPendingBit
                0x000000000000885e        0x4 ./Peripheral/src/ch32v30x_rtc.o
                0x000000000000885e                RTC_ClearITPendingBit
 .text.USART_Init
                0x0000000000008862       0x8e ./Peripheral/src/ch32v30x_usart.o
                0x0000000000008862                USART_Init
 .text.USART_Cmd
                0x00000000000088f0       0x14 ./Peripheral/src/ch32v30x_usart.o
                0x00000000000088f0                USART_Cmd
 .text.USART_ITConfig
                0x0000000000008904       0x38 ./Peripheral/src/ch32v30x_usart.o
                0x0000000000008904                USART_ITConfig
 .text.USART_DMACmd
                0x000000000000893c       0x12 ./Peripheral/src/ch32v30x_usart.o
                0x000000000000893c                USART_DMACmd
 .text.USART_GetFlagStatus
                0x000000000000894e        0xa ./Peripheral/src/ch32v30x_usart.o
                0x000000000000894e                USART_GetFlagStatus
 .text.USART_GetITStatus
                0x0000000000008958       0x3e ./Peripheral/src/ch32v30x_usart.o
                0x0000000000008958                USART_GetITStatus
 .text.USART_ClearITPendingBit
                0x0000000000008996       0x14 ./Peripheral/src/ch32v30x_usart.o
                0x0000000000008996                USART_ClearITPendingBit
 .text.__get_MEPC
                0x00000000000089aa        0x6 ./Core/core_riscv.o
                0x00000000000089aa                __get_MEPC
 .text.__get_MCAUSE
                0x00000000000089b0        0x6 ./Core/core_riscv.o
                0x00000000000089b0                __get_MCAUSE
 .text.__get_MTVAL
                0x00000000000089b6        0x6 ./Core/core_riscv.o
                0x00000000000089b6                __get_MTVAL
 .text.__divdi3
                0x00000000000089bc      0x3e2 c:/mounriver/mounriver_studio/toolchain/risc-v embedded gcc12/bin/../lib/gcc/riscv-none-elf/12.2.0/rv32imac_xw/ilp32\libgcc.a(_divdi3.o)
                0x00000000000089bc                __divdi3
 .text.__moddi3
                0x0000000000008d9e      0x3c4 c:/mounriver/mounriver_studio/toolchain/risc-v embedded gcc12/bin/../lib/gcc/riscv-none-elf/12.2.0/rv32imac_xw/ilp32\libgcc.a(_moddi3.o)
                0x0000000000008d9e                __moddi3
 .text.__udivdi3
                0x0000000000009162      0x3a6 c:/mounriver/mounriver_studio/toolchain/risc-v embedded gcc12/bin/../lib/gcc/riscv-none-elf/12.2.0/rv32imac_xw/ilp32\libgcc.a(_udivdi3.o)
                0x0000000000009162                __udivdi3
 .text.__umoddi3
                0x0000000000009508      0x390 c:/mounriver/mounriver_studio/toolchain/risc-v embedded gcc12/bin/../lib/gcc/riscv-none-elf/12.2.0/rv32imac_xw/ilp32\libgcc.a(_umoddi3.o)
                0x0000000000009508                __umoddi3
 .text.__adddf3
                0x0000000000009898      0x6e8 c:/mounriver/mounriver_studio/toolchain/risc-v embedded gcc12/bin/../lib/gcc/riscv-none-elf/12.2.0/rv32imac_xw/ilp32\libgcc.a(adddf3.o)
                0x0000000000009898                __adddf3
 .text.__divdf3
                0x0000000000009f80      0x5ae c:/mounriver/mounriver_studio/toolchain/risc-v embedded gcc12/bin/../lib/gcc/riscv-none-elf/12.2.0/rv32imac_xw/ilp32\libgcc.a(divdf3.o)
                0x0000000000009f80                __divdf3
 .text.__eqdf2  0x000000000000a52e       0x6c c:/mounriver/mounriver_studio/toolchain/risc-v embedded gcc12/bin/../lib/gcc/riscv-none-elf/12.2.0/rv32imac_xw/ilp32\libgcc.a(eqdf2.o)
                0x000000000000a52e                __nedf2
                0x000000000000a52e                __eqdf2
 .text.__gedf2  0x000000000000a59a       0xbe c:/mounriver/mounriver_studio/toolchain/risc-v embedded gcc12/bin/../lib/gcc/riscv-none-elf/12.2.0/rv32imac_xw/ilp32\libgcc.a(gedf2.o)
                0x000000000000a59a                __gedf2
                0x000000000000a59a                __gtdf2
 .text.__ledf2  0x000000000000a658       0xbc c:/mounriver/mounriver_studio/toolchain/risc-v embedded gcc12/bin/../lib/gcc/riscv-none-elf/12.2.0/rv32imac_xw/ilp32\libgcc.a(ledf2.o)
                0x000000000000a658                __ledf2
                0x000000000000a658                __ltdf2
 .text.__muldf3
                0x000000000000a714      0x54a c:/mounriver/mounriver_studio/toolchain/risc-v embedded gcc12/bin/../lib/gcc/riscv-none-elf/12.2.0/rv32imac_xw/ilp32\libgcc.a(muldf3.o)
                0x000000000000a714                __muldf3
 .text.__subdf3
                0x000000000000ac5e      0x736 c:/mounriver/mounriver_studio/toolchain/risc-v embedded gcc12/bin/../lib/gcc/riscv-none-elf/12.2.0/rv32imac_xw/ilp32\libgcc.a(subdf3.o)
                0x000000000000ac5e                __subdf3
 .text.__fixdfsi
                0x000000000000b394       0x66 c:/mounriver/mounriver_studio/toolchain/risc-v embedded gcc12/bin/../lib/gcc/riscv-none-elf/12.2.0/rv32imac_xw/ilp32\libgcc.a(fixdfsi.o)
                0x000000000000b394                __fixdfsi
 .text.__floatsidf
                0x000000000000b3fa       0x70 c:/mounriver/mounriver_studio/toolchain/risc-v embedded gcc12/bin/../lib/gcc/riscv-none-elf/12.2.0/rv32imac_xw/ilp32\libgcc.a(floatsidf.o)
                0x000000000000b3fa                __floatsidf
 .text.__fixdfdi
                0x000000000000b46a       0xbc c:/mounriver/mounriver_studio/toolchain/risc-v embedded gcc12/bin/../lib/gcc/riscv-none-elf/12.2.0/rv32imac_xw/ilp32\libgcc.a(fixdfdi.o)
                0x000000000000b46a                __fixdfdi
 .text.__floatdidf
                0x000000000000b526      0x1aa c:/mounriver/mounriver_studio/toolchain/risc-v embedded gcc12/bin/../lib/gcc/riscv-none-elf/12.2.0/rv32imac_xw/ilp32\libgcc.a(floatdidf.o)
                0x000000000000b526                __floatdidf
 .text.__mulsf3
                0x000000000000b6d0      0x2d8 c:/mounriver/mounriver_studio/toolchain/risc-v embedded gcc12/bin/../lib/gcc/riscv-none-elf/12.2.0/rv32imac_xw/ilp32\libgcc.a(mulsf3.o)
                0x000000000000b6d0                __mulsf3
 .text.__fixunssfsi
                0x000000000000b9a8       0x52 c:/mounriver/mounriver_studio/toolchain/risc-v embedded gcc12/bin/../lib/gcc/riscv-none-elf/12.2.0/rv32imac_xw/ilp32\libgcc.a(fixunssfsi.o)
                0x000000000000b9a8                __fixunssfsi
 .text.__floatunsisf
                0x000000000000b9fa       0xbc c:/mounriver/mounriver_studio/toolchain/risc-v embedded gcc12/bin/../lib/gcc/riscv-none-elf/12.2.0/rv32imac_xw/ilp32\libgcc.a(floatunsisf.o)
                0x000000000000b9fa                __floatunsisf
 .text.__extendsfdf2
                0x000000000000bab6       0xa6 c:/mounriver/mounriver_studio/toolchain/risc-v embedded gcc12/bin/../lib/gcc/riscv-none-elf/12.2.0/rv32imac_xw/ilp32\libgcc.a(extendsfdf2.o)
                0x000000000000bab6                __extendsfdf2
 .text.__truncdfsf2
                0x000000000000bb5c      0x16c c:/mounriver/mounriver_studio/toolchain/risc-v embedded gcc12/bin/../lib/gcc/riscv-none-elf/12.2.0/rv32imac_xw/ilp32\libgcc.a(truncdfsf2.o)
                0x000000000000bb5c                __truncdfsf2
 .text.__clzsi2
                0x000000000000bcc8       0x68 c:/mounriver/mounriver_studio/toolchain/risc-v embedded gcc12/bin/../lib/gcc/riscv-none-elf/12.2.0/rv32imac_xw/ilp32\libgcc.a(_clzsi2.o)
                0x000000000000bcc8                __clzsi2
 .text.atoi     0x000000000000bd30        0x6 c:/mounriver/mounriver_studio/toolchain/risc-v embedded gcc12/bin/../lib/gcc/riscv-none-elf/12.2.0/../../../../riscv-none-elf/lib/rv32imac_xw/ilp32\libg_nano.a(lib_a-atoi.o)
                0x000000000000bd30                atoi
 .text.memcmp   0x000000000000bd36       0x24 c:/mounriver/mounriver_studio/toolchain/risc-v embedded gcc12/bin/../lib/gcc/riscv-none-elf/12.2.0/../../../../riscv-none-elf/lib/rv32imac_xw/ilp32\libg_nano.a(lib_a-memcmp.o)
                0x000000000000bd36                memcmp
 .text.strcat   0x000000000000bd5a       0x18 c:/mounriver/mounriver_studio/toolchain/risc-v embedded gcc12/bin/../lib/gcc/riscv-none-elf/12.2.0/../../../../riscv-none-elf/lib/rv32imac_xw/ilp32\libg_nano.a(lib_a-strcat.o)
                0x000000000000bd5a                strcat
 .text.strchr   0x000000000000bd72       0x18 c:/mounriver/mounriver_studio/toolchain/risc-v embedded gcc12/bin/../lib/gcc/riscv-none-elf/12.2.0/../../../../riscv-none-elf/lib/rv32imac_xw/ilp32\libg_nano.a(lib_a-strchr.o)
                0x000000000000bd72                strchr
 .text.strcpy   0x000000000000bd8a       0x10 c:/mounriver/mounriver_studio/toolchain/risc-v embedded gcc12/bin/../lib/gcc/riscv-none-elf/12.2.0/../../../../riscv-none-elf/lib/rv32imac_xw/ilp32\libg_nano.a(lib_a-strcpy.o)
                0x000000000000bd8a                strcpy
 .text.strlen   0x000000000000bd9a       0x10 c:/mounriver/mounriver_studio/toolchain/risc-v embedded gcc12/bin/../lib/gcc/riscv-none-elf/12.2.0/../../../../riscv-none-elf/lib/rv32imac_xw/ilp32\libg_nano.a(lib_a-strlen.o)
                0x000000000000bd9a                strlen
 .text.strncmp  0x000000000000bdaa       0x28 c:/mounriver/mounriver_studio/toolchain/risc-v embedded gcc12/bin/../lib/gcc/riscv-none-elf/12.2.0/../../../../riscv-none-elf/lib/rv32imac_xw/ilp32\libg_nano.a(lib_a-strncmp.o)
                0x000000000000bdaa                strncmp
 .text._strtol_l.constprop.0
                0x000000000000bdd2      0x13c c:/mounriver/mounriver_studio/toolchain/risc-v embedded gcc12/bin/../lib/gcc/riscv-none-elf/12.2.0/../../../../riscv-none-elf/lib/rv32imac_xw/ilp32\libg_nano.a(lib_a-strtol.o)
 .text.strtol   0x000000000000bf0e       0x12 c:/mounriver/mounriver_studio/toolchain/risc-v embedded gcc12/bin/../lib/gcc/riscv-none-elf/12.2.0/../../../../riscv-none-elf/lib/rv32imac_xw/ilp32\libg_nano.a(lib_a-strtol.o)
                0x000000000000bf0e                strtol
 .text.__errno  0x000000000000bf20        0xa c:/mounriver/mounriver_studio/toolchain/risc-v embedded gcc12/bin/../lib/gcc/riscv-none-elf/12.2.0/../../../../riscv-none-elf/lib/rv32imac_xw/ilp32\libg_nano.a(lib_a-errno.o)
                0x000000000000bf20                __errno
 *(.rodata)
 *fill*         0x000000000000bf2a        0x2 
 .rodata        0x000000000000bf2c       0x50 ./rtthread/components/finsh/cmd.o
 *(.rodata*)
 .rodata.rt_application_init.str1.4
                0x000000000000bf7c        0x5 ./rtthread/src/components.o
 *fill*         0x000000000000bf81        0x3 
 .rodata.rt_device_init.str1.4
                0x000000000000bf84       0x36 ./rtthread/src/device.o
 *fill*         0x000000000000bfba        0x2 
 .rodata.rt_thread_idle_init.str1.4
                0x000000000000bfbc        0x6 ./rtthread/src/idle.o
 *fill*         0x000000000000bfc2        0x2 
 .rodata.rt_show_version.str1.4
                0x000000000000bfc4       0x86 ./rtthread/src/kservice.o
 *fill*         0x000000000000c04a        0x2 
 .rodata.__lowest_bit_bitmap
                0x000000000000c04c      0x100 ./rtthread/src/kservice.o
                0x000000000000c04c                __lowest_bit_bitmap
 .rodata.list_mem.str1.4
                0x000000000000c14c       0x46 ./rtthread/src/mem.o
 *fill*         0x000000000000c192        0x2 
 .rodata.rt_system_heap_init.str1.4
                0x000000000000c194       0x42 ./rtthread/src/mem.o
 *fill*         0x000000000000c1d6        0x2 
 .rodata.rt_free.str1.4
                0x000000000000c1d8       0x4c ./rtthread/src/mem.o
 .rodata.name   0x000000000000c224       0x29 ./rtthread/src/mem.o
                0x000000000000c224                __fsym_list_mem_desc
                0x000000000000c244                __fsym_list_mem_name
 *fill*         0x000000000000c24d        0x3 
 .rodata.rt_schedule.str1.4
                0x000000000000c250       0x58 ./rtthread/src/scheduler.o
 .rodata.rt_system_timer_thread_init.str1.4
                0x000000000000c2a8        0x6 ./rtthread/src/timer.o
 *fill*         0x000000000000c2ae        0x2 
 .rodata.ulog_console_backend_init.str1.4
                0x000000000000c2b0        0x8 ./rtthread/components/utilities/ulog/backend/console_be.o
 .rodata.do_output.str1.4
                0x000000000000c2b8        0x3 ./rtthread/components/utilities/ulog/ulog.o
 *fill*         0x000000000000c2bb        0x1 
 .rodata.ulog_init.str1.4
                0x000000000000c2bc        0x5 ./rtthread/components/utilities/ulog/ulog.o
 *fill*         0x000000000000c2c1        0x3 
 .rodata.ulog_formater.str1.4
                0x000000000000c2c4        0x9 ./rtthread/components/utilities/ulog/ulog.o
                                         0x11 (size before relaxing)
 *fill*         0x000000000000c2cd        0x3 
 .rodata.ulog_hexdump.str1.4
                0x000000000000c2d0       0x27 ./rtthread/components/utilities/ulog/ulog.o
 *fill*         0x000000000000c2f7        0x1 
 .rodata.str1.4
                0x000000000000c2f8       0x23 ./rtthread/components/utilities/ulog/ulog.o
 *fill*         0x000000000000c31b        0x1 
 .rodata.color_output_info
                0x000000000000c31c       0x20 ./rtthread/components/utilities/ulog/ulog.o
 .rodata.level_output_info
                0x000000000000c33c       0x20 ./rtthread/components/utilities/ulog/ulog.o
 .rodata.print_floating_point.str1.4
                0x000000000000c35c       0x15 ./rtthread/components/rt_vsnprintf_full/rt_vsnprintf.o
 *fill*         0x000000000000c371        0x3 
 .rodata.rt_vsnprintf.str1.4
                0x000000000000c374        0xe ./rtthread/components/rt_vsnprintf_full/rt_vsnprintf.o
 *fill*         0x000000000000c382        0x2 
 .rodata.rt_vsnprintf
                0x000000000000c384       0x84 ./rtthread/components/rt_vsnprintf_full/rt_vsnprintf.o
 *fill*         0x000000000000c408        0x0 
 .rodata.powers_of_10
                0x000000000000c408       0x90 ./rtthread/components/rt_vsnprintf_full/rt_vsnprintf.o
 .rodata.clear.str1.4
                0x000000000000c498        0x8 ./rtthread/components/finsh/cmd.o
 .rodata.object_split.str1.4
                0x000000000000c4a0        0x2 ./rtthread/components/finsh/cmd.o
 *fill*         0x000000000000c4a2        0x2 
 .rodata.show_wait_queue.str1.4
                0x000000000000c4a4        0x3 ./rtthread/components/finsh/cmd.o
                                          0x6 (size before relaxing)
 *fill*         0x000000000000c4a7        0x1 
 .rodata.list_thread.str1.4
                0x000000000000c4a8       0xe8 ./rtthread/components/finsh/cmd.o
                                         0xf0 (size before relaxing)
 .rodata.list_sem.str1.4
                0x000000000000c590       0x60 ./rtthread/components/finsh/cmd.o
                                         0x64 (size before relaxing)
 .rodata.list_event.str1.4
                0x000000000000c5f0       0x76 ./rtthread/components/finsh/cmd.o
 *fill*         0x000000000000c666        0x2 
 .rodata.list_mutex.str1.4
                0x000000000000c668       0x63 ./rtthread/components/finsh/cmd.o
 *fill*         0x000000000000c6cb        0x1 
 .rodata.list_mailbox.str1.4
                0x000000000000c6cc       0x76 ./rtthread/components/finsh/cmd.o
 *fill*         0x000000000000c742        0x2 
 .rodata.list_msgqueue.str1.4
                0x000000000000c744       0x65 ./rtthread/components/finsh/cmd.o
 *fill*         0x000000000000c7a9        0x3 
 .rodata.list_memheap.str1.4
                0x000000000000c7ac       0x80 ./rtthread/components/finsh/cmd.o
 .rodata.list_mempool.str1.4
                0x000000000000c82c       0x8c ./rtthread/components/finsh/cmd.o
 .rodata.list_device.str1.4
                0x000000000000c8b8       0x67 ./rtthread/components/finsh/cmd.o
 *fill*         0x000000000000c91f        0x1 
 .rodata.list_timer.str1.4
                0x000000000000c920       0x95 ./rtthread/components/finsh/cmd.o
                                         0x9d (size before relaxing)
 *fill*         0x000000000000c9b5        0x3 
 .rodata.list.str1.4
                0x000000000000c9b8       0x25 ./rtthread/components/finsh/cmd.o
 *fill*         0x000000000000c9dd        0x3 
 .rodata.str1.4
                0x000000000000c9e0      0x11c ./rtthread/components/finsh/cmd.o
 .rodata.name   0x000000000000cafc      0x3db ./rtthread/components/finsh/cmd.o
                0x000000000000cafc                __fsym_list_desc
                0x000000000000cb18                __fsym_list_name
                0x000000000000cb20                __fsym___cmd_list_device_desc
                0x000000000000cb38                __fsym___cmd_list_device_name
                0x000000000000cb4c                __fsym_list_device_desc
                0x000000000000cb64                __fsym_list_device_name
                0x000000000000cb70                __fsym___cmd_list_timer_desc
                0x000000000000cb88                __fsym___cmd_list_timer_name
                0x000000000000cb9c                __fsym_list_timer_desc
                0x000000000000cbb4                __fsym_list_timer_name
                0x000000000000cbc0                __fsym___cmd_list_mempool_desc
                0x000000000000cbdc                __fsym___cmd_list_mempool_name
                0x000000000000cbf0                __fsym_list_mempool_desc
                0x000000000000cc0c                __fsym_list_mempool_name
                0x000000000000cc1c                __fsym___cmd_list_memheap_desc
                0x000000000000cc38                __fsym___cmd_list_memheap_name
                0x000000000000cc4c                __fsym_list_memheap_desc
                0x000000000000cc68                __fsym_list_memheap_name
                0x000000000000cc78                __fsym___cmd_list_msgqueue_desc
                0x000000000000cc98                __fsym___cmd_list_msgqueue_name
                0x000000000000ccac                __fsym_list_msgqueue_desc
                0x000000000000cccc                __fsym_list_msgqueue_name
                0x000000000000ccdc                __fsym___cmd_list_mailbox_desc
                0x000000000000ccf4                __fsym___cmd_list_mailbox_name
                0x000000000000cd08                __fsym_list_mailbox_desc
                0x000000000000cd20                __fsym_list_mailbox_name
                0x000000000000cd30                __fsym___cmd_list_mutex_desc
                0x000000000000cd48                __fsym___cmd_list_mutex_name
                0x000000000000cd5c                __fsym_list_mutex_desc
                0x000000000000cd74                __fsym_list_mutex_name
                0x000000000000cd80                __fsym___cmd_list_event_desc
                0x000000000000cd98                __fsym___cmd_list_event_name
                0x000000000000cdac                __fsym_list_event_desc
                0x000000000000cdc4                __fsym_list_event_name
                0x000000000000cdd0                __fsym___cmd_list_sem_desc
                0x000000000000cdec                __fsym___cmd_list_sem_name
                0x000000000000cdfc                __fsym_list_sem_desc
                0x000000000000ce18                __fsym_list_sem_name
                0x000000000000ce24                __fsym___cmd_list_thread_desc
                0x000000000000ce30                __fsym___cmd_list_thread_name
                0x000000000000ce44                __fsym_list_thread_desc
                0x000000000000ce50                __fsym_list_thread_name
                0x000000000000ce5c                __fsym___cmd_clear_desc
                0x000000000000ce70                __fsym___cmd_clear_name
                0x000000000000ce7c                __fsym_clear_desc
                0x000000000000ce90                __fsym_clear_name
                0x000000000000ce98                __fsym___cmd_reboot_desc
                0x000000000000ceac                __fsym___cmd_reboot_name
                0x000000000000cebc                __fsym_reboot_desc
                0x000000000000ced0                __fsym_reboot_name
 *fill*         0x000000000000ced7        0x1 
 .rodata.msh_help.str1.4
                0x000000000000ced8       0x30 ./rtthread/components/finsh/msh.o
                                         0x32 (size before relaxing)
 .rodata.msh_exec.str1.4
                0x000000000000cf08       0x3c ./rtthread/components/finsh/msh.o
 .rodata.msh_auto_complete.str1.4
                0x000000000000cf44       0x3c ./rtthread/components/finsh/msh.o
                                          0x4 (size before relaxing)
 .rodata.name   0x000000000000cf44       0x23 ./rtthread/components/finsh/msh.o
                0x000000000000cf44                __fsym___cmd_help_desc
                0x000000000000cf5c                __fsym___cmd_help_name
 *fill*         0x000000000000cf67        0x1 
 .rodata.name   0x000000000000cf68       0x55 ./rtthread/components/finsh/msh_cmd.o
                0x000000000000cf68                __fsym___cmd_free_desc
                0x000000000000cf8c                __fsym___cmd_free_name
                0x000000000000cf98                __fsym___cmd_ps_desc
                0x000000000000cfb4                __fsym___cmd_ps_name
 *fill*         0x000000000000cfbd        0x3 
 .rodata.finsh_system_init.str1.4
                0x000000000000cfc0       0x25 ./rtthread/components/finsh/shell.o
 *fill*         0x000000000000cfe5        0x3 
 .rodata.finsh_get_prompt.str1.4
                0x000000000000cfe8       0x12 ./rtthread/components/finsh/shell.o
 *fill*         0x000000000000cffa        0x2 
 .rodata.shell_handle_history.isra.0.str1.4
                0x000000000000cffc        0xd ./rtthread/components/finsh/shell.o
 *fill*         0x000000000000d009        0x3 
 .rodata.finsh_set_device.str1.4
                0x000000000000d00c       0x20 ./rtthread/components/finsh/shell.o
 .rodata.finsh_thread_entry.str1.4
                0x000000000000d02c       0x10 ./rtthread/components/finsh/shell.o
                                         0x1b (size before relaxing)
 .rodata.rt_serial_open.str1.4
                0x000000000000d03c       0x3b ./rtthread/components/drivers/serial/serial.o
 *fill*         0x000000000000d077        0x1 
 .rodata.name   0x000000000000d078       0x70 ./rtthread/components/drivers/misc/pin.o
                0x000000000000d078                __fsym_pinRead_desc
                0x000000000000d098                __fsym_pinRead_name
                0x000000000000d0a0                __fsym_pinWrite_desc
                0x000000000000d0bc                __fsym_pinWrite_name
                0x000000000000d0c8                __fsym_pinMode_desc
                0x000000000000d0e0                __fsym_pinMode_name
 .rodata.rt_hw_board_init.str1.4
                0x000000000000d0e8        0x6 ./rtthread/board.o
 *fill*         0x000000000000d0ee        0x2 
 .rodata.rt_hw_pin_init.str1.4
                0x000000000000d0f0        0x4 ./drivers/drv_gpio.o
 .rodata._ch32_pin_ops
                0x000000000000d0f4       0x18 ./drivers/drv_gpio.o
 .rodata.pin_irq_map
                0x000000000000d10c       0x80 ./drivers/drv_gpio.o
 .rodata.pins   0x000000000000d18c      0x3c0 ./drivers/drv_gpio.o
 .rodata.ch32_control.str1.4
                0x000000000000d54c        0xe ./drivers/drv_usart.o
 *fill*         0x000000000000d55a        0x2 
 .rodata.ch32_uart_ops
                0x000000000000d55c       0x14 ./drivers/drv_usart.o
 .rodata.str1.4
                0x000000000000d570        0xe ./drivers/drv_usart.o
                                         0x16 (size before relaxing)
 *fill*         0x000000000000d57e        0x2 
 .rodata.agile_led_create.str1.4
                0x000000000000d580       0x32 ./common/agile_led/agile_led.o
 *fill*         0x000000000000d5b2        0x2 
 .rodata.agile_led_env_init.str1.4
                0x000000000000d5b4        0x8 ./common/agile_led/agile_led.o
 .rodata.agile_led_auto_thread_init.str1.4
                0x000000000000d5bc        0x6 ./common/agile_led/agile_led.o
 *fill*         0x000000000000d5c2        0x2 
 .rodata.BSP_Button_thread.str1.4
                0x000000000000d5c4       0x23 ./bsp/src/bsp_button.o
 *fill*         0x000000000000d5e7        0x1 
 .rodata.common_btn_evt_cb.str1.4
                0x000000000000d5e8       0x2f ./bsp/src/bsp_button.o
 *fill*         0x000000000000d617        0x1 
 .rodata.flex_button_main.str1.4
                0x000000000000d618       0x2d ./bsp/src/bsp_button.o
 *fill*         0x000000000000d645        0x3 
 .rodata.str1.4
                0x000000000000d648      0x17c ./bsp/src/bsp_button.o
 .rodata.enum_btn_id_string
                0x000000000000d7c4       0x14 ./bsp/src/bsp_button.o
 .rodata.enum_event_string
                0x000000000000d7d8       0x30 ./bsp/src/bsp_button.o
 .rodata.Flash_GetMaxIndex_Records.str1.4
                0x000000000000d808       0x2e ./bsp/src/bsp_flash.o
 *fill*         0x000000000000d836        0x2 
 .rodata.TEST_Flash_GetMaxIndex_Records.str1.4
                0x000000000000d838       0x62 ./bsp/src/bsp_flash.o
 *fill*         0x000000000000d89a        0x2 
 .rodata.Flash_ErasePage_Records.isra.0.str1.4
                0x000000000000d89c       0x21 ./bsp/src/bsp_flash.o
 *fill*         0x000000000000d8bd        0x3 
 .rodata.Flash_Write.isra.0.str1.4
                0x000000000000d8c0       0x12 ./bsp/src/bsp_flash.o
 *fill*         0x000000000000d8d2        0x2 
 .rodata.Flash_Erase_Records.str1.4
                0x000000000000d8d4       0x18 ./bsp/src/bsp_flash.o
 .rodata.TEST_Flash_Erase_Records.str1.4
                0x000000000000d8ec       0x38 ./bsp/src/bsp_flash.o
 .rodata.Flash_GetNum_Records.str1.4
                0x000000000000d924       0x1e ./bsp/src/bsp_flash.o
 *fill*         0x000000000000d942        0x2 
 .rodata.TEST_Flash_GetNum_Records.str1.4
                0x000000000000d944       0x5d ./bsp/src/bsp_flash.o
 *fill*         0x000000000000d9a1        0x3 
 .rodata.Flash_Read_Record.str1.4
                0x000000000000d9a4       0xd3 ./bsp/src/bsp_flash.o