Archive member included to satisfy reference by file (symbol)

c:/mounriver/mounriver_studio/toolchain/risc-v embedded gcc12/bin/../lib/gcc/riscv-none-elf/12.2.0/rv32imafc_xw/ilp32f\libgcc.a(save-restore.o)
                              ./rt-thread/components/utilities/ulog/ulog.o (__riscv_save_12)
c:/mounriver/mounriver_studio/toolchain/risc-v embedded gcc12/bin/../lib/gcc/riscv-none-elf/12.2.0/../../../../riscv-none-elf/lib/rv32imafc_xw/ilp32f\libg_nano.a(lib_a-atoi.o)
                              ./rt-thread/components/drivers/misc/pin.o (atoi)
c:/mounriver/mounriver_studio/toolchain/risc-v embedded gcc12/bin/../lib/gcc/riscv-none-elf/12.2.0/../../../../riscv-none-elf/lib/rv32imafc_xw/ilp32f\libg_nano.a(lib_a-ctype_.o)
                              ./rt-thread/components/finsh/msh_parse.o (_ctype_)
c:/mounriver/mounriver_studio/toolchain/risc-v embedded gcc12/bin/../lib/gcc/riscv-none-elf/12.2.0/../../../../riscv-none-elf/lib/rv32imafc_xw/ilp32f\libg_nano.a(lib_a-memcmp.o)
                              ./rt-thread/components/finsh/shell.o (memcmp)
c:/mounriver/mounriver_studio/toolchain/risc-v embedded gcc12/bin/../lib/gcc/riscv-none-elf/12.2.0/../../../../riscv-none-elf/lib/rv32imafc_xw/ilp32f\libg_nano.a(lib_a-memset.o)
                              ./rt-thread/src/kservice.o (memset)
c:/mounriver/mounriver_studio/toolchain/risc-v embedded gcc12/bin/../lib/gcc/riscv-none-elf/12.2.0/../../../../riscv-none-elf/lib/rv32imafc_xw/ilp32f\libg_nano.a(lib_a-strcat.o)
                              ./rt-thread/components/finsh/shell.o (strcat)
c:/mounriver/mounriver_studio/toolchain/risc-v embedded gcc12/bin/../lib/gcc/riscv-none-elf/12.2.0/../../../../riscv-none-elf/lib/rv32imafc_xw/ilp32f\libg_nano.a(lib_a-strcmp.o)
                              ./rt-thread/components/finsh/cmd.o (strcmp)
c:/mounriver/mounriver_studio/toolchain/risc-v embedded gcc12/bin/../lib/gcc/riscv-none-elf/12.2.0/../../../../riscv-none-elf/lib/rv32imafc_xw/ilp32f\libg_nano.a(lib_a-strcpy.o)
                              ./rt-thread/components/finsh/shell.o (strcpy)
c:/mounriver/mounriver_studio/toolchain/risc-v embedded gcc12/bin/../lib/gcc/riscv-none-elf/12.2.0/../../../../riscv-none-elf/lib/rv32imafc_xw/ilp32f\libg_nano.a(lib_a-strlen.o)
                              ./rt-thread/components/finsh/msh.o (strlen)
c:/mounriver/mounriver_studio/toolchain/risc-v embedded gcc12/bin/../lib/gcc/riscv-none-elf/12.2.0/../../../../riscv-none-elf/lib/rv32imafc_xw/ilp32f\libg_nano.a(lib_a-strncat.o)
                              ./rt-thread/components/drivers/misc/pin.o (strncat)
c:/mounriver/mounriver_studio/toolchain/risc-v embedded gcc12/bin/../lib/gcc/riscv-none-elf/12.2.0/../../../../riscv-none-elf/lib/rv32imafc_xw/ilp32f\libg_nano.a(lib_a-strncmp.o)
                              ./rt-thread/components/finsh/msh.o (strncmp)
c:/mounriver/mounriver_studio/toolchain/risc-v embedded gcc12/bin/../lib/gcc/riscv-none-elf/12.2.0/../../../../riscv-none-elf/lib/rv32imafc_xw/ilp32f\libg_nano.a(lib_a-strncpy.o)
                              ./rt-thread/components/finsh/shell.o (strncpy)
c:/mounriver/mounriver_studio/toolchain/risc-v embedded gcc12/bin/../lib/gcc/riscv-none-elf/12.2.0/../../../../riscv-none-elf/lib/rv32imafc_xw/ilp32f\libg_nano.a(lib_a-strtol.o)
                              c:/mounriver/mounriver_studio/toolchain/risc-v embedded gcc12/bin/../lib/gcc/riscv-none-elf/12.2.0/../../../../riscv-none-elf/lib/rv32imafc_xw/ilp32f\libg_nano.a(lib_a-atoi.o) (_strtol_r)
c:/mounriver/mounriver_studio/toolchain/risc-v embedded gcc12/bin/../lib/gcc/riscv-none-elf/12.2.0/../../../../riscv-none-elf/lib/rv32imafc_xw/ilp32f\libg_nano.a(lib_a-errno.o)
                              c:/mounriver/mounriver_studio/toolchain/risc-v embedded gcc12/bin/../lib/gcc/riscv-none-elf/12.2.0/../../../../riscv-none-elf/lib/rv32imafc_xw/ilp32f\libg_nano.a(lib_a-strtol.o) (__errno)
c:/mounriver/mounriver_studio/toolchain/risc-v embedded gcc12/bin/../lib/gcc/riscv-none-elf/12.2.0/../../../../riscv-none-elf/lib/rv32imafc_xw/ilp32f\libg_nano.a(lib_a-impure.o)
                              c:/mounriver/mounriver_studio/toolchain/risc-v embedded gcc12/bin/../lib/gcc/riscv-none-elf/12.2.0/../../../../riscv-none-elf/lib/rv32imafc_xw/ilp32f\libg_nano.a(lib_a-strtol.o) (_impure_ptr)

Discarded input sections

 .group         0x0000000000000000        0xc ./rt-thread/src/clock.o
 .group         0x0000000000000000        0xc ./rt-thread/src/clock.o
 .group         0x0000000000000000        0xc ./rt-thread/src/clock.o
 .group         0x0000000000000000        0xc ./rt-thread/src/clock.o
 .group         0x0000000000000000        0xc ./rt-thread/src/clock.o
 .group         0x0000000000000000        0xc ./rt-thread/src/clock.o
 .group         0x0000000000000000        0xc ./rt-thread/src/clock.o
 .group         0x0000000000000000        0xc ./rt-thread/src/clock.o
 .group         0x0000000000000000        0xc ./rt-thread/src/clock.o
[...]
Memory Configuration

Name             Origin             Length             Attributes
FLASH            0x0000000000000000 0x0000000000040000 xr
RAM              0x0000000020000000 0x0000000000010000 xrw
*default*        0x0000000000000000 0xffffffffffffffff

Linker script and memory map

LOAD ./rt-thread/src/clock.o
LOAD ./rt-thread/src/components.o
LOAD ./rt-thread/src/device.o
LOAD ./rt-thread/src/idle.o
LOAD ./rt-thread/src/ipc.o
LOAD ./rt-thread/src/irq.o
LOAD ./rt-thread/src/kservice.o
LOAD ./rt-thread/src/mem.o
LOAD ./rt-thread/src/object.o
LOAD ./rt-thread/src/scheduler.o
LOAD ./rt-thread/src/thread.o
LOAD ./rt-thread/src/timer.o
LOAD ./rt-thread/components/utilities/ulog/backend/console_be.o
LOAD ./rt-thread/components/utilities/ulog/ulog.o
LOAD ./rt-thread/components/finsh/cmd.o
LOAD ./rt-thread/components/finsh/msh.o
LOAD ./rt-thread/components/finsh/msh_file.o
LOAD ./rt-thread/components/finsh/msh_parse.o
LOAD ./rt-thread/components/finsh/shell.o
LOAD ./rt-thread/components/drivers/serial/serial.o
LOAD ./rt-thread/components/drivers/misc/pin.o
LOAD ./rt-thread/components/drivers/ipc/completion.o
LOAD ./rt-thread/components/drivers/ipc/dataqueue.o
LOAD ./rt-thread/components/drivers/ipc/pipe.o
LOAD ./rt-thread/components/drivers/ipc/ringblk_buf.o
LOAD ./rt-thread/components/drivers/ipc/ringbuffer.o
LOAD ./rt-thread/components/drivers/ipc/waitqueue.o
LOAD ./rt-thread/components/drivers/ipc/workqueue.o
LOAD ./libraries/hal_libraries/ch32v303_hal/source/ch32v30x_adc.o
LOAD ./libraries/hal_libraries/ch32v303_hal/source/ch32v30x_bkp.o
LOAD ./libraries/hal_libraries/ch32v303_hal/source/ch32v30x_can.o
LOAD ./libraries/hal_libraries/ch32v303_hal/source/ch32v30x_crc.o
LOAD ./libraries/hal_libraries/ch32v303_hal/source/ch32v30x_dac.o
LOAD ./libraries/hal_libraries/ch32v303_hal/source/ch32v30x_dbgmcu.o
LOAD ./libraries/hal_libraries/ch32v303_hal/source/ch32v30x_dma.o
LOAD ./libraries/hal_libraries/ch32v303_hal/source/ch32v30x_dvp.o
LOAD ./libraries/hal_libraries/ch32v303_hal/source/ch32v30x_eth.o
LOAD ./libraries/hal_libraries/ch32v303_hal/source/ch32v30x_exti.o
LOAD ./libraries/hal_libraries/ch32v303_hal/source/ch32v30x_flash.o
LOAD ./libraries/hal_libraries/ch32v303_hal/source/ch32v30x_fsmc.o
LOAD ./libraries/hal_libraries/ch32v303_hal/source/ch32v30x_gpio.o
LOAD ./libraries/hal_libraries/ch32v303_hal/source/ch32v30x_i2c.o
LOAD ./libraries/hal_libraries/ch32v303_hal/source/ch32v30x_iwdg.o
LOAD ./libraries/hal_libraries/ch32v303_hal/source/ch32v30x_misc.o
LOAD ./libraries/hal_libraries/ch32v303_hal/source/ch32v30x_opa.o
LOAD ./libraries/hal_libraries/ch32v303_hal/source/ch32v30x_pwr.o
LOAD ./libraries/hal_libraries/ch32v303_hal/source/ch32v30x_rcc.o
LOAD ./libraries/hal_libraries/ch32v303_hal/source/ch32v30x_rng.o
LOAD ./libraries/hal_libraries/ch32v303_hal/source/ch32v30x_rtc.o
LOAD ./libraries/hal_libraries/ch32v303_hal/source/ch32v30x_sdio.o
LOAD ./libraries/hal_libraries/ch32v303_hal/source/ch32v30x_spi.o
LOAD ./libraries/hal_libraries/ch32v303_hal/source/ch32v30x_tim.o
LOAD ./libraries/hal_libraries/ch32v303_hal/source/ch32v30x_usart.o
LOAD ./libraries/hal_libraries/ch32v303_hal/source/ch32v30x_wwdg.o
LOAD ./libraries/hal_libraries/bmsis/source/ch32v30x_it.o
LOAD ./libraries/hal_libraries/bmsis/source/core_riscv.o
LOAD ./libraries/hal_libraries/bmsis/source/debug.o
LOAD ./libraries/hal_libraries/bmsis/source/startup_ch32v30x.o
LOAD ./libraries/hal_libraries/bmsis/source/system_ch32v30x.o
LOAD ./libraries/hal_drivers/drv_gpio.o
LOAD ./libraries/hal_drivers/drv_usart.o
LOAD ./libcpu/cpu/context_gcc.o
LOAD ./libcpu/cpu/cpuport.o
LOAD ./libcpu/cpu/interrupt_gcc.o
LOAD ./board/board.o
LOAD ./board/software_irq.o
LOAD ./applications/main.o
LOAD c:/mounriver/mounriver_studio/toolchain/risc-v embedded gcc12/bin/../lib/gcc/riscv-none-elf/12.2.0/../../../../riscv-none-elf/lib/rv32imafc_xw/ilp32f\libm_nano.a
LOAD c:/mounriver/mounriver_studio/toolchain/risc-v embedded gcc12/bin/../lib/gcc/riscv-none-elf/12.2.0/rv32imafc_xw/ilp32f\libgcc.a
LOAD c:/mounriver/mounriver_studio/toolchain/risc-v embedded gcc12/bin/../lib/gcc/riscv-none-elf/12.2.0/../../../../riscv-none-elf/lib/rv32imafc_xw/ilp32f\libg_nano.a
LOAD c:/mounriver/mounriver_studio/toolchain/risc-v embedded gcc12/bin/../lib/gcc/riscv-none-elf/12.2.0/../../../../riscv-none-elf/lib/rv32imafc_xw/ilp32f\libc_nano.a
LOAD c:/mounriver/mounriver_studio/toolchain/risc-v embedded gcc12/bin/../lib/gcc/riscv-none-elf/12.2.0/rv32imafc_xw/ilp32f\libgcc.a
START GROUP
LOAD c:/mounriver/mounriver_studio/toolchain/risc-v embedded gcc12/bin/../lib/gcc/riscv-none-elf/12.2.0/rv32imafc_xw/ilp32f\libgcc.a
LOAD c:/mounriver/mounriver_studio/toolchain/risc-v embedded gcc12/bin/../lib/gcc/riscv-none-elf/12.2.0/../../../../riscv-none-elf/lib/rv32imafc_xw/ilp32f\libc_nano.a
LOAD c:/mounriver/mounriver_studio/toolchain/risc-v embedded gcc12/bin/../lib/gcc/riscv-none-elf/12.2.0/../../../../riscv-none-elf/lib/rv32imafc_xw/ilp32f\libnosys.a
END GROUP
START GROUP
LOAD c:/mounriver/mounriver_studio/toolchain/risc-v embedded gcc12/bin/../lib/gcc/riscv-none-elf/12.2.0/rv32imafc_xw/ilp32f\libgcc.a
LOAD c:/mounriver/mounriver_studio/toolchain/risc-v embedded gcc12/bin/../lib/gcc/riscv-none-elf/12.2.0/../../../../riscv-none-elf/lib/rv32imafc_xw/ilp32f\libc_nano.a
LOAD c:/mounriver/mounriver_studio/toolchain/risc-v embedded gcc12/bin/../lib/gcc/riscv-none-elf/12.2.0/../../../../riscv-none-elf/lib/rv32imafc_xw/ilp32f\libnosys.a
END GROUP
                0x0000000000001000                __stack_size = 0x1000
                [!provide]                        PROVIDE (_stack_size = __stack_size)

.init           0x0000000000000000       0x38
                0x0000000000000000                _sinit = .
                0x0000000000000000                . = ALIGN (0x4)
 *(SORT_NONE(.init))
 .init          0x0000000000000000       0x38 ./libraries/hal_libraries/bmsis/source/startup_ch32v30x.o
                0x0000000000000000                _start
                0x0000000000000038                . = ALIGN (0x4)
                0x0000000000000038                _einit = .

.vector         0x0000000000000038      0x1c8
 *(.vector)
 .vector        0x0000000000000038      0x1a0 ./libraries/hal_libraries/bmsis/source/startup_ch32v30x.o
                0x0000000000000200                . = ALIGN (0x40)
 *fill*         0x00000000000001d8       0x28 

.text           0x0000000000000200     0x8cf0
                0x0000000000000200                . = ALIGN (0x4)
 *(.text)
 .text          0x0000000000000200       0xcc ./libcpu/cpu/context_gcc.o
                0x0000000000000200                rt_hw_context_switch_to
                0x000000000000021c                rt_hw_context_switch
                0x0000000000000276                rt_hw_context_switch_exit
 .text          0x00000000000002cc       0xde ./libcpu/cpu/interrupt_gcc.o
                0x00000000000002cc                SW_handler
 .text          0x00000000000003aa       0x60 c:/mounriver/mounriver_studio/toolchain/risc-v embedded gcc12/bin/../lib/gcc/riscv-none-elf/12.2.0/rv32imafc_xw/ilp32f\libgcc.a(save-restore.o)
                0x00000000000003aa                __riscv_save_12
                0x00000000000003b2                __riscv_save_9
                0x00000000000003b2                __riscv_save_11
                0x00000000000003b2                __riscv_save_10
                0x00000000000003b2                __riscv_save_8
                0x00000000000003c0                __riscv_save_4
                0x00000000000003c0                __riscv_save_6
                0x00000000000003c0                __riscv_save_5
                0x00000000000003c0                __riscv_save_7
                0x00000000000003da                __riscv_save_3
                0x00000000000003da                __riscv_save_2
                0x00000000000003da                __riscv_save_1
                0x00000000000003da                __riscv_save_0
                0x00000000000003e6                __riscv_restore_12
                0x00000000000003ea                __riscv_restore_11
                0x00000000000003ea                __riscv_restore_9
                0x00000000000003ea                __riscv_restore_10
                0x00000000000003ea                __riscv_restore_8
                0x00000000000003f4                __riscv_restore_5
                0x00000000000003f4                __riscv_restore_7
                0x00000000000003f4                __riscv_restore_6
                0x00000000000003f4                __riscv_restore_4
                0x00000000000003fe                __riscv_restore_3
                0x00000000000003fe                __riscv_restore_0
                0x00000000000003fe                __riscv_restore_2
                0x00000000000003fe                __riscv_restore_1
 .text          0x000000000000040a       0x10 c:/mounriver/mounriver_studio/toolchain/risc-v embedded gcc12/bin/../lib/gcc/riscv-none-elf/12.2.0/../../../../riscv-none-elf/lib/rv32imafc_xw/ilp32f\libg_nano.a(lib_a-memset.o)
                0x000000000000040a                memset
 .text          0x000000000000041a       0x14 c:/mounriver/mounriver_studio/toolchain/risc-v embedded gcc12/bin/../lib/gcc/riscv-none-elf/12.2.0/../../../../riscv-none-elf/lib/rv32imafc_xw/ilp32f\libg_nano.a(lib_a-strcmp.o)
                0x000000000000041a                strcmp
 *(.text.*)
 .text.rt_tick_get
                0x000000000000042e        0x6 ./rt-thread/src/clock.o
                0x000000000000042e                rt_tick_get
 .text.rt_tick_increase
                0x0000000000000434       0x50 ./rt-thread/src/clock.o
                0x0000000000000434                rt_tick_increase
 .text.rt_tick_from_millisecond
                0x0000000000000484       0x24 ./rt-thread/src/clock.o
                0x0000000000000484                rt_tick_from_millisecond
 .text.rti_start
                0x00000000000004a8        0x4 ./rt-thread/src/components.o
 .text.rti_end  0x00000000000004ac        0x4 ./rt-thread/src/components.o
 .text.rti_board_start
                0x00000000000004b0        0x4 ./rt-thread/src/components.o
 .text.rti_board_end
                0x00000000000004b4        0x4 ./rt-thread/src/components.o
 .text.rt_components_board_init
                0x00000000000004b8       0x36 ./rt-thread/src/components.o
                0x00000000000004b8                rt_components_board_init
 .text.rt_components_init
                0x00000000000004ee       0x40 ./rt-thread/src/components.o
                0x00000000000004ee                rt_components_init
 .text.main_thread_entry
                0x000000000000052e        0xc ./rt-thread/src/components.o
                0x000000000000052e                main_thread_entry
 .text.rt_application_init
                0x000000000000053a       0x3e ./rt-thread/src/components.o
                0x000000000000053a                rt_application_init
 .text.rtthread_startup
                0x0000000000000578       0x28 ./rt-thread/src/components.o
                0x0000000000000578                rtthread_startup
 .text.entry    0x00000000000005a0        0xa ./rt-thread/src/components.o
                0x00000000000005a0                entry
 .text.rt_device_find
                0x00000000000005aa        0x6 ./rt-thread/src/device.o
                0x00000000000005aa                rt_device_find
 .text.rt_device_register
                0x00000000000005b0       0x34 ./rt-thread/src/device.o
                0x00000000000005b0                rt_device_register
 .text.rt_device_open
                0x00000000000005e4       0xca ./rt-thread/src/device.o
                0x00000000000005e4                rt_device_open
 .text.rt_device_close
                0x00000000000006ae       0x68 ./rt-thread/src/device.o
                0x00000000000006ae                rt_device_close
 .text.rt_device_read
                0x0000000000000716       0x62 ./rt-thread/src/device.o
                0x0000000000000716                rt_device_read
 .text.rt_device_write
                0x0000000000000778       0x62 ./rt-thread/src/device.o
                0x0000000000000778                rt_device_write
 .text.rt_device_set_rx_indicate
                0x00000000000007da       0x44 ./rt-thread/src/device.o
                0x00000000000007da                rt_device_set_rx_indicate
 .text.rt_thread_defunct_enqueue
                0x000000000000081e       0x18 ./rt-thread/src/idle.o
                0x000000000000081e                rt_thread_defunct_enqueue
 .text.rt_thread_defunct_dequeue
                0x0000000000000836       0x30 ./rt-thread/src/idle.o
                0x0000000000000836                rt_thread_defunct_dequeue
 .text.rt_thread_idle_entry
                0x0000000000000866       0x56 ./rt-thread/src/idle.o
 .text.rt_thread_idle_init
                0x00000000000008bc       0x44 ./rt-thread/src/idle.o
                0x00000000000008bc                rt_thread_idle_init
 .text._ipc_list_resume.isra.0
                0x0000000000000900        0x6 ./rt-thread/src/ipc.o
 .text._ipc_list_suspend.isra.0
                0x0000000000000906       0x66 ./rt-thread/src/ipc.o
 .text.rt_sem_init
                0x000000000000096c       0x72 ./rt-thread/src/ipc.o
                0x000000000000096c                rt_sem_init
 .text.rt_sem_take
                0x00000000000009de      0x158 ./rt-thread/src/ipc.o
                0x00000000000009de                rt_sem_take
 .text.rt_sem_release
                0x0000000000000b36       0x86 ./rt-thread/src/ipc.o
                0x0000000000000b36                rt_sem_release
 .text.rt_mutex_init
                0x0000000000000bbc       0x46 ./rt-thread/src/ipc.o
                0x0000000000000bbc                rt_mutex_init
 .text.rt_mutex_take
                0x0000000000000c02      0x1a4 ./rt-thread/src/ipc.o
                0x0000000000000c02                rt_mutex_take
 .text.rt_mutex_release
                0x0000000000000da6      0x150 ./rt-thread/src/ipc.o
                0x0000000000000da6                rt_mutex_release
 .text.rt_interrupt_enter
                0x0000000000000ef6       0x2e ./rt-thread/src/irq.o
                0x0000000000000ef6                rt_interrupt_enter
 .text.rt_interrupt_leave
                0x0000000000000f24       0x2e ./rt-thread/src/irq.o
                0x0000000000000f24                rt_interrupt_leave
 .text.rt_interrupt_get_nest
                0x0000000000000f52       0x1a ./rt-thread/src/irq.o
                0x0000000000000f52                rt_interrupt_get_nest
 .text.print_number
                0x0000000000000f6c      0x1a0 ./rt-thread/src/kservice.o
 .text._heap_lock
                0x000000000000110c       0x1c ./rt-thread/src/kservice.o
 .text.rt_strerror
                0x0000000000001128       0x24 ./rt-thread/src/kservice.o
                0x0000000000001128                rt_strerror
 .text.rt_set_errno
                0x000000000000114c       0x1c ./rt-thread/src/kservice.o
                0x000000000000114c                rt_set_errno
 .text.rt_memset
                0x0000000000001168       0x82 ./rt-thread/src/kservice.o
                0x0000000000001168                rt_memset
 .text.rt_memcpy
                0x00000000000011ea       0x9e ./rt-thread/src/kservice.o
                0x00000000000011ea                rt_memcpy
 .text.rt_memmove
                0x0000000000001288       0x48 ./rt-thread/src/kservice.o
                0x0000000000001288                rt_memmove
 .text.rt_strncpy
                0x00000000000012d0       0x28 ./rt-thread/src/kservice.o
                0x00000000000012d0                rt_strncpy
 .text.rt_strncmp
                0x00000000000012f8       0x2e ./rt-thread/src/kservice.o
                0x00000000000012f8                rt_strncmp
 .text.rt_strcmp
                0x0000000000001326       0x1a ./rt-thread/src/kservice.o
                0x0000000000001326                rt_strcmp
 .text.rt_strlen
                0x0000000000001340       0x12 ./rt-thread/src/kservice.o
                0x0000000000001340                rt_strlen
 .text.rt_vsnprintf
                0x0000000000001352      0x37a ./rt-thread/src/kservice.o
                0x0000000000001352                rt_vsnprintf
 .text.rt_vsprintf
                0x00000000000016cc        0xa ./rt-thread/src/kservice.o
                0x00000000000016cc                rt_vsprintf
 .text.rt_sprintf
                0x00000000000016d6       0x1c ./rt-thread/src/kservice.o
                0x00000000000016d6                rt_sprintf
 .text.rt_console_get_device
                0x00000000000016f2        0x6 ./rt-thread/src/kservice.o
                0x00000000000016f2                rt_console_get_device
 .text.rt_console_set_device
                0x00000000000016f8       0x36 ./rt-thread/src/kservice.o
                0x00000000000016f8                rt_console_set_device
 .text.rt_hw_console_output
                0x000000000000172e        0x2 ./rt-thread/src/kservice.o
                0x000000000000172e                rt_hw_console_output
 .text.rt_kputs
                0x0000000000001730       0x2c ./rt-thread/src/kservice.o
                0x0000000000001730                rt_kputs
 .text.rt_kprintf
                0x000000000000175c       0x5c ./rt-thread/src/kservice.o
                0x000000000000175c                rt_kprintf
 .text.rt_show_version
                0x00000000000017b8       0x3a ./rt-thread/src/kservice.o
                0x00000000000017b8                rt_show_version
 .text.__rt_ffs
                0x00000000000017f2       0x4e ./rt-thread/src/kservice.o
                0x00000000000017f2                __rt_ffs
 .text.rt_assert_handler
                0x0000000000001840       0x2e ./rt-thread/src/kservice.o
                0x0000000000001840                rt_assert_handler
 .text.rt_system_heap_init
                0x000000000000186e       0x4a ./rt-thread/src/kservice.o
                0x000000000000186e                rt_system_heap_init
 .text._heap_unlock
                0x00000000000018b8       0x2a ./rt-thread/src/kservice.o
 .text.rt_malloc
                0x00000000000018e2       0x2c ./rt-thread/src/kservice.o
                0x00000000000018e2                rt_malloc
 .text.rt_calloc
                0x000000000000190e       0x24 ./rt-thread/src/kservice.o
                0x000000000000190e                rt_calloc
 .text.rt_free  0x0000000000001932       0x22 ./rt-thread/src/kservice.o
                0x0000000000001932                rt_free
 .text.rt_memory_info
                0x0000000000001954       0x36 ./rt-thread/src/kservice.o
                0x0000000000001954                rt_memory_info
 .text.plug_holes
                0x000000000000198a       0x8e ./rt-thread/src/mem.o
 .text.rt_smem_init
                0x0000000000001a18       0x98 ./rt-thread/src/mem.o
                0x0000000000001a18                rt_smem_init
 .text.rt_smem_alloc
                0x0000000000001ab0      0x162 ./rt-thread/src/mem.o
                0x0000000000001ab0                rt_smem_alloc
 .text.rt_smem_free
                0x0000000000001c12      0x110 ./rt-thread/src/mem.o
                0x0000000000001c12                rt_smem_free
 .text.rt_object_get_information
                0x0000000000001d22       0x2a ./rt-thread/src/object.o
                0x0000000000001d22                rt_object_get_information
 .text.rt_object_init
                0x0000000000001d4c       0x90 ./rt-thread/src/object.o
                0x0000000000001d4c                rt_object_init
 .text.rt_object_detach
                0x0000000000001ddc       0x46 ./rt-thread/src/object.o
                0x0000000000001ddc                rt_object_detach
 .text.rt_object_allocate
                0x0000000000001e22       0xa6 ./rt-thread/src/object.o
                0x0000000000001e22                rt_object_allocate
 .text.rt_object_delete
                0x0000000000001ec8       0x68 ./rt-thread/src/object.o
                0x0000000000001ec8                rt_object_delete
 .text.rt_object_is_systemobject
                0x0000000000001f30       0x26 ./rt-thread/src/object.o
                0x0000000000001f30                rt_object_is_systemobject
 .text.rt_object_get_type
                0x0000000000001f56       0x26 ./rt-thread/src/object.o
                0x0000000000001f56                rt_object_get_type
 .text.rt_object_find
                0x0000000000001f7c       0x78 ./rt-thread/src/object.o
                0x0000000000001f7c                rt_object_find
 .text.rt_system_scheduler_init
                0x0000000000001ff4       0x1c ./rt-thread/src/scheduler.o
                0x0000000000001ff4                rt_system_scheduler_init
 .text.rt_schedule_insert_thread
                0x0000000000002010       0x82 ./rt-thread/src/scheduler.o
                0x0000000000002010                rt_schedule_insert_thread
 .text.rt_schedule_remove_thread
                0x0000000000002092       0x5a ./rt-thread/src/scheduler.o
                0x0000000000002092                rt_schedule_remove_thread
 .text.rt_system_scheduler_start
                0x00000000000020ec       0x36 ./rt-thread/src/scheduler.o
                0x00000000000020ec                rt_system_scheduler_start
 .text.rt_schedule
                0x0000000000002122      0x13c ./rt-thread/src/scheduler.o
                0x0000000000002122                rt_schedule
 .text.rt_enter_critical
                0x000000000000225e       0x1a ./rt-thread/src/scheduler.o
                0x000000000000225e                rt_enter_critical
 .text.rt_exit_critical
                0x0000000000002278       0x36 ./rt-thread/src/scheduler.o
                0x0000000000002278                rt_exit_critical
 .text.rt_critical_level
                0x00000000000022ae        0x6 ./rt-thread/src/scheduler.o
                0x00000000000022ae                rt_critical_level
 .text._thread_exit
                0x00000000000022b4       0x36 ./rt-thread/src/thread.o
 .text._thread_init.constprop.0
                0x00000000000022ea       0xa0 ./rt-thread/src/thread.o
 .text._thread_timeout
                0x000000000000238a       0x8a ./rt-thread/src/thread.o
 .text.rt_thread_init
                0x0000000000002414       0x60 ./rt-thread/src/thread.o
                0x0000000000002414                rt_thread_init
 .text.rt_thread_self
                0x0000000000002474        0x6 ./rt-thread/src/thread.o
                0x0000000000002474                rt_thread_self
 .text.rt_thread_detach
                0x000000000000247a       0x90 ./rt-thread/src/thread.o
                0x000000000000247a                rt_thread_detach
 .text.rt_thread_create
                0x000000000000250a       0x44 ./rt-thread/src/thread.o
                0x000000000000250a                rt_thread_create
 .text.rt_thread_delete
                0x000000000000254e       0x90 ./rt-thread/src/thread.o
                0x000000000000254e                rt_thread_delete
 .text.rt_thread_suspend
                0x00000000000025de       0x9e ./rt-thread/src/thread.o
                0x00000000000025de                rt_thread_suspend
 .text.rt_thread_sleep
                0x000000000000267c       0x80 ./rt-thread/src/thread.o
                0x000000000000267c                rt_thread_sleep
 .text.rt_thread_delay
                0x00000000000026fc        0x4 ./rt-thread/src/thread.o
                0x00000000000026fc                rt_thread_delay
 .text.rt_thread_mdelay
                0x0000000000002700       0x10 ./rt-thread/src/thread.o
                0x0000000000002700                rt_thread_mdelay
 .text.rt_thread_resume
                0x0000000000002710       0x84 ./rt-thread/src/thread.o
                0x0000000000002710                rt_thread_resume
 .text.rt_thread_startup
                0x0000000000002794       0x80 ./rt-thread/src/thread.o
                0x0000000000002794                rt_thread_startup
 .text.rt_thread_control
                0x0000000000002814       0xc4 ./rt-thread/src/thread.o
                0x0000000000002814                rt_thread_control
 .text._timer_remove
                0x00000000000028d8       0x12 ./rt-thread/src/timer.o
 .text.rt_timer_init
                0x00000000000028ea       0x86 ./rt-thread/src/timer.o
                0x00000000000028ea                rt_timer_init
 .text.rt_timer_detach
                0x0000000000002970       0x7c ./rt-thread/src/timer.o
                0x0000000000002970                rt_timer_detach
 .text.rt_timer_start
                0x00000000000029ec       0xee ./rt-thread/src/timer.o
                0x00000000000029ec                rt_timer_start
 .text.rt_timer_stop
                0x0000000000002ada       0x6c ./rt-thread/src/timer.o
                0x0000000000002ada                rt_timer_stop
 .text.rt_timer_control
                0x0000000000002b46       0xb6 ./rt-thread/src/timer.o
                0x0000000000002b46                rt_timer_control
 .text.rt_timer_check
                0x0000000000002bfc       0xb6 ./rt-thread/src/timer.o
                0x0000000000002bfc                rt_timer_check
 .text.rt_soft_timer_check
                0x0000000000002cb2       0xc2 ./rt-thread/src/timer.o
                0x0000000000002cb2                rt_soft_timer_check
 .text._timer_thread_entry
                0x0000000000002d74       0x46 ./rt-thread/src/timer.o
 .text.rt_system_timer_init
                0x0000000000002dba        0xa ./rt-thread/src/timer.o
                0x0000000000002dba                rt_system_timer_init
 .text.rt_system_timer_thread_init
                0x0000000000002dc4       0x3a ./rt-thread/src/timer.o
                0x0000000000002dc4                rt_system_timer_thread_init
 .text.ulog_console_backend_output
                0x0000000000002dfe       0x34 ./rt-thread/components/utilities/ulog/backend/console_be.o
                0x0000000000002dfe                ulog_console_backend_output
 .text.ulog_console_backend_init
                0x0000000000002e32       0x26 ./rt-thread/components/utilities/ulog/backend/console_be.o
                0x0000000000002e32                ulog_console_backend_init
 .text.get_log_buf
                0x0000000000002e58       0x20 ./rt-thread/components/utilities/ulog/ulog.o
 .text.output_lock
                0x0000000000002e78       0x28 ./rt-thread/components/utilities/ulog/ulog.o
 .text.do_output
                0x0000000000002ea0       0xc4 ./rt-thread/components/utilities/ulog/ulog.o
 .text.output_unlock
                0x0000000000002f64       0x26 ./rt-thread/components/utilities/ulog/ulog.o
 .text.ulog_init
                0x0000000000002f8a       0x2c ./rt-thread/components/utilities/ulog/ulog.o
                0x0000000000002f8a                ulog_init
 .text.ulog_strcpy
                0x0000000000002fb6       0x62 ./rt-thread/components/utilities/ulog/ulog.o
                0x0000000000002fb6                ulog_strcpy
 .text.ulog_ultoa
                0x0000000000003018       0x54 ./rt-thread/components/utilities/ulog/ulog.o
                0x0000000000003018                ulog_ultoa
 .text.ulog_formater
                0x000000000000306c      0x1fa ./rt-thread/components/utilities/ulog/ulog.o
                0x000000000000306c                ulog_formater
 .text.ulog_voutput
                0x0000000000003266       0xb6 ./rt-thread/components/utilities/ulog/ulog.o
                0x0000000000003266                ulog_voutput
 .text.ulog_output
                0x000000000000331c       0x1a ./rt-thread/components/utilities/ulog/ulog.o
                0x000000000000331c                ulog_output
 .text.ulog_backend_register
                0x0000000000003336       0xa4 ./rt-thread/components/utilities/ulog/ulog.o
                0x0000000000003336                ulog_backend_register
 .text.rt_list_len
                0x00000000000033da       0x12 ./rt-thread/components/finsh/cmd.o
 .text.clear    0x00000000000033ec       0x14 ./rt-thread/components/finsh/cmd.o
 .text.show_wait_queue
                0x0000000000003400       0x34 ./rt-thread/components/finsh/cmd.o
 .text.version  0x0000000000003434        0xe ./rt-thread/components/finsh/cmd.o
                0x0000000000003434                version
 .text.list_get_next
                0x0000000000003442       0x68 ./rt-thread/components/finsh/cmd.o
 .text.object_split.constprop.0
                0x00000000000034aa       0x18 ./rt-thread/components/finsh/cmd.o
 .text.list_timer
                0x00000000000034c2       0xe0 ./rt-thread/components/finsh/cmd.o
                0x00000000000034c2                list_timer
 .text.list_thread
                0x00000000000035a2      0x14a ./rt-thread/components/finsh/cmd.o
                0x00000000000035a2                list_thread
 .text.list_sem
                0x00000000000036ec       0xde ./rt-thread/components/finsh/cmd.o
                0x00000000000036ec                list_sem
 .text.list_event
                0x00000000000037ca       0xd8 ./rt-thread/components/finsh/cmd.o
                0x00000000000037ca                list_event
 .text.list_mutex
                0x00000000000038a2       0xb2 ./rt-thread/components/finsh/cmd.o
                0x00000000000038a2                list_mutex
 .text.list_mailbox
                0x0000000000003954       0xe2 ./rt-thread/components/finsh/cmd.o
                0x0000000000003954                list_mailbox
 .text.list_msgqueue
                0x0000000000003a36       0xde ./rt-thread/components/finsh/cmd.o
                0x0000000000003a36                list_msgqueue
 .text.list_device
                0x0000000000003b14       0xc2 ./rt-thread/components/finsh/cmd.o
                0x0000000000003b14                list_device
 .text.cmd_list
                0x0000000000003bd6      0x116 ./rt-thread/components/finsh/cmd.o
                0x0000000000003bd6                cmd_list
 .text.msh_help
                0x0000000000003cec       0x3c ./rt-thread/components/finsh/msh.o
                0x0000000000003cec                msh_help
 .text.cmd_ps   0x0000000000003d28        0xe ./rt-thread/components/finsh/msh.o
                0x0000000000003d28                cmd_ps
 .text.cmd_free
                0x0000000000003d36       0x52 ./rt-thread/components/finsh/msh.o
                0x0000000000003d36                cmd_free
 .text.msh_exec
                0x0000000000003d88      0x18a ./rt-thread/components/finsh/msh.o
                0x0000000000003d88                msh_exec
 .text.msh_auto_complete
                0x0000000000003f12       0x8e ./rt-thread/components/finsh/msh.o
                0x0000000000003f12                msh_auto_complete
 .text.msh_isint
                0x0000000000003fa0       0x38 ./rt-thread/components/finsh/msh_parse.o
                0x0000000000003fa0                msh_isint
 .text.finsh_rx_ind
                0x0000000000003fd8       0x2c ./rt-thread/components/finsh/shell.o
 .text.finsh_get_prompt
                0x0000000000004004       0x4e ./rt-thread/components/finsh/shell.o
                0x0000000000004004                finsh_get_prompt
 .text.shell_handle_history.isra.0
                0x0000000000004052       0x28 ./rt-thread/components/finsh/shell.o
 .text.finsh_set_prompt_mode
                0x000000000000407a       0x38 ./rt-thread/components/finsh/shell.o
                0x000000000000407a                finsh_set_prompt_mode
 .text.finsh_system_init
                0x00000000000040b2       0x7c ./rt-thread/components/finsh/shell.o
                0x00000000000040b2                finsh_system_init
 .text.finsh_getchar
                0x000000000000412e       0x6a ./rt-thread/components/finsh/shell.o
                0x000000000000412e                finsh_getchar
 .text.finsh_set_device
                0x0000000000004198       0x98 ./rt-thread/components/finsh/shell.o
                0x0000000000004198                finsh_set_device
 .text.finsh_thread_entry
                0x0000000000004230      0x40c ./rt-thread/components/finsh/shell.o
                0x0000000000004230                finsh_thread_entry
 .text.rt_serial_control
                0x000000000000463c       0x92 ./rt-thread/components/drivers/serial/serial.o
 .text.rt_serial_init
                0x00000000000046ce       0x38 ./rt-thread/components/drivers/serial/serial.o
 .text.rt_serial_open
                0x0000000000004706      0x14c ./rt-thread/components/drivers/serial/serial.o
 .text.rt_serial_write
                0x0000000000004852       0xc4 ./rt-thread/components/drivers/serial/serial.o
 .text.rt_serial_read
                0x0000000000004916       0xde ./rt-thread/components/drivers/serial/serial.o
 .text.rt_serial_close
                0x00000000000049f4       0xbc ./rt-thread/components/drivers/serial/serial.o
 .text.rt_hw_serial_register
                0x0000000000004ab0       0x74 ./rt-thread/components/drivers/serial/serial.o
                0x0000000000004ab0                rt_hw_serial_register
 .text.rt_hw_serial_isr
                0x0000000000004b24       0xd2 ./rt-thread/components/drivers/serial/serial.o
                0x0000000000004b24                rt_hw_serial_isr
 .text._pin_control
                0x0000000000004bf6       0x34 ./rt-thread/components/drivers/misc/pin.o
 .text._pin_cmd_print_usage
                0x0000000000004c2a       0x58 ./rt-thread/components/drivers/misc/pin.o
 .text._pin_write
                0x0000000000004c82       0x44 ./rt-thread/components/drivers/misc/pin.o
 .text._pin_read
                0x0000000000004cc6       0x3e ./rt-thread/components/drivers/misc/pin.o
 .text.rt_device_pin_register
                0x0000000000004d04       0x4e ./rt-thread/components/drivers/misc/pin.o
                0x0000000000004d04                rt_device_pin_register
 .text.rt_pin_mode
                0x0000000000004d52       0x3c ./rt-thread/components/drivers/misc/pin.o
                0x0000000000004d52                rt_pin_mode
 .text.rt_pin_write
                0x0000000000004d8e       0x3c ./rt-thread/components/drivers/misc/pin.o
                0x0000000000004d8e                rt_pin_write
 .text.rt_pin_read
                0x0000000000004dca       0x38 ./rt-thread/components/drivers/misc/pin.o
                0x0000000000004dca                rt_pin_read
 .text.rt_pin_get
                0x0000000000004e02       0x48 ./rt-thread/components/drivers/misc/pin.o
                0x0000000000004e02                rt_pin_get
 .text._pin_cmd_conv
                0x0000000000004e4a       0x76 ./rt-thread/components/drivers/misc/pin.o
 .text._pin_cmd
                0x0000000000004ec0      0x1aa ./rt-thread/components/drivers/misc/pin.o
 .text.rt_completion_init
                0x000000000000506a       0x32 ./rt-thread/components/drivers/ipc/completion.o
                0x000000000000506a                rt_completion_init
 .text.rt_completion_wait
                0x000000000000509c      0x156 ./rt-thread/components/drivers/ipc/completion.o
                0x000000000000509c                rt_completion_wait
 .text.rt_completion_done
                0x00000000000051f2       0x52 ./rt-thread/components/drivers/ipc/completion.o
                0x00000000000051f2                rt_completion_done
 .text.EXTI_Init
                0x0000000000005244       0x62 ./libraries/hal_libraries/ch32v303_hal/source/ch32v30x_exti.o
                0x0000000000005244                EXTI_Init
 .text.EXTI_GetITStatus
                0x00000000000052a6       0x1a ./libraries/hal_libraries/ch32v303_hal/source/ch32v30x_exti.o
                0x00000000000052a6                EXTI_GetITStatus
 .text.EXTI_ClearITPendingBit
                0x00000000000052c0        0xc ./libraries/hal_libraries/ch32v303_hal/source/ch32v30x_exti.o
                0x00000000000052c0                EXTI_ClearITPendingBit
 .text.GPIO_Init
                0x00000000000052cc       0xbc ./libraries/hal_libraries/ch32v303_hal/source/ch32v30x_gpio.o
                0x00000000000052cc                GPIO_Init
 .text.GPIO_ReadInputDataBit
                0x0000000000005388        0xc ./libraries/hal_libraries/ch32v303_hal/source/ch32v30x_gpio.o
                0x0000000000005388                GPIO_ReadInputDataBit
 .text.GPIO_WriteBit
                0x0000000000005394        0xa ./libraries/hal_libraries/ch32v303_hal/source/ch32v30x_gpio.o
                0x0000000000005394                GPIO_WriteBit
 .text.GPIO_PinRemapConfig
                0x000000000000539e       0xee ./libraries/hal_libraries/ch32v303_hal/source/ch32v30x_gpio.o
                0x000000000000539e                GPIO_PinRemapConfig
 .text.GPIO_EXTILineConfig
                0x000000000000548c       0x2c ./libraries/hal_libraries/ch32v303_hal/source/ch32v30x_gpio.o
                0x000000000000548c                GPIO_EXTILineConfig
 .text.RCC_GetClocksFreq
                0x00000000000054b8       0xfa ./libraries/hal_libraries/ch32v303_hal/source/ch32v30x_rcc.o
                0x00000000000054b8                RCC_GetClocksFreq
 .text.RCC_APB2PeriphClockCmd
                0x00000000000055b2       0x1e ./libraries/hal_libraries/ch32v303_hal/source/ch32v30x_rcc.o
                0x00000000000055b2                RCC_APB2PeriphClockCmd
 .text.RCC_APB1PeriphClockCmd
                0x00000000000055d0       0x1e ./libraries/hal_libraries/ch32v303_hal/source/ch32v30x_rcc.o
                0x00000000000055d0                RCC_APB1PeriphClockCmd
 .text.USART_Init
                0x00000000000055ee       0x8e ./libraries/hal_libraries/ch32v303_hal/source/ch32v30x_usart.o
                0x00000000000055ee                USART_Init
 .text.USART_Cmd
                0x000000000000567c       0x14 ./libraries/hal_libraries/ch32v303_hal/source/ch32v30x_usart.o
                0x000000000000567c                USART_Cmd
 .text.USART_ITConfig
                0x0000000000005690       0x38 ./libraries/hal_libraries/ch32v303_hal/source/ch32v30x_usart.o
                0x0000000000005690                USART_ITConfig
 .text.USART_GetFlagStatus
                0x00000000000056c8        0xa ./libraries/hal_libraries/ch32v303_hal/source/ch32v30x_usart.o
                0x00000000000056c8                USART_GetFlagStatus
 .text.USART_GetITStatus
                0x00000000000056d2       0x3e ./libraries/hal_libraries/ch32v303_hal/source/ch32v30x_usart.o
                0x00000000000056d2                USART_GetITStatus
 .text.USART_ClearITPendingBit
                0x0000000000005710       0x14 ./libraries/hal_libraries/ch32v303_hal/source/ch32v30x_usart.o
                0x0000000000005710                USART_ClearITPendingBit
 .text.NMI_Handler
                0x0000000000005724       0x72 ./libraries/hal_libraries/bmsis/source/ch32v30x_it.o
                0x0000000000005724                NMI_Handler
 .text.HardFault_Handler
                0x0000000000005796       0x68 ./libraries/hal_libraries/bmsis/source/ch32v30x_it.o
                0x0000000000005796                HardFault_Handler
 .text.__get_MEPC
                0x00000000000057fe        0x6 ./libraries/hal_libraries/bmsis/source/core_riscv.o
                0x00000000000057fe                __get_MEPC
 .text.__get_MCAUSE
                0x0000000000005804        0x6 ./libraries/hal_libraries/bmsis/source/core_riscv.o
                0x0000000000005804                __get_MCAUSE
 .text.__get_MTVAL
                0x000000000000580a        0x6 ./libraries/hal_libraries/bmsis/source/core_riscv.o
                0x000000000000580a                __get_MTVAL
 .text.__get_SP
                0x0000000000005810        0x4 ./libraries/hal_libraries/bmsis/source/core_riscv.o
                0x0000000000005810                __get_SP
 .text.vector_handler
                0x0000000000005814       0xbe ./libraries/hal_libraries/bmsis/source/startup_ch32v30x.o
                0x0000000000005818                Ecall_M_Mode_Handler
                0x000000000000581a                Ecall_U_Mode_Handler
                0x000000000000581c                Break_Point_Handler
                0x0000000000005822                WWDG_IRQHandler
                0x0000000000005824                PVD_IRQHandler
                0x0000000000005826                TAMPER_IRQHandler
                0x0000000000005828                RTC_IRQHandler
                0x000000000000582a                FLASH_IRQHandler
                0x000000000000582c                RCC_IRQHandler
                0x0000000000005838                DMA1_Channel1_IRQHandler
                0x000000000000583a                DMA1_Channel2_IRQHandler
                0x000000000000583c                DMA1_Channel3_IRQHandler
                0x000000000000583e                DMA1_Channel4_IRQHandler
                0x0000000000005840                DMA1_Channel5_IRQHandler
                0x0000000000005842                DMA1_Channel6_IRQHandler
                0x0000000000005844                DMA1_Channel7_IRQHandler
                0x0000000000005846                ADC1_2_IRQHandler
                0x0000000000005848                USB_HP_CAN1_TX_IRQHandler
                0x000000000000584a                USB_LP_CAN1_RX0_IRQHandler
                0x000000000000584c                CAN1_RX1_IRQHandler
                0x000000000000584e                CAN1_SCE_IRQHandler
                0x0000000000005852                TIM1_BRK_IRQHandler
                0x0000000000005854                TIM1_UP_IRQHandler
                0x0000000000005856                TIM1_TRG_COM_IRQHandler
                0x0000000000005858                TIM1_CC_IRQHandler
                0x000000000000585a                TIM2_IRQHandler
                0x000000000000585c                TIM3_IRQHandler
                0x000000000000585e                TIM4_IRQHandler
                0x0000000000005860                I2C1_EV_IRQHandler
                0x0000000000005862                I2C1_ER_IRQHandler
                0x0000000000005864                I2C2_EV_IRQHandler
                0x0000000000005866                I2C2_ER_IRQHandler
                0x0000000000005868                SPI1_IRQHandler
                0x000000000000586a                SPI2_IRQHandler
                0x000000000000586e                USART2_IRQHandler
                0x0000000000005870                USART3_IRQHandler
                0x0000000000005872                EXTI15_10_IRQHandler
                0x0000000000005874                RTCAlarm_IRQHandler
                0x0000000000005876                USBWakeUp_IRQHandler
                0x0000000000005878                TIM8_BRK_IRQHandler
                0x000000000000587a                TIM8_UP_IRQHandler
                0x000000000000587c                TIM8_TRG_COM_IRQHandler
                0x000000000000587e                TIM8_CC_IRQHandler
                0x0000000000005880                RNG_IRQHandler
                0x0000000000005882                FSMC_IRQHandler
                0x0000000000005884                SDIO_IRQHandler
                0x0000000000005886                TIM5_IRQHandler
                0x0000000000005888                SPI3_IRQHandler
                0x000000000000588a                UART4_IRQHandler
                0x000000000000588c                UART5_IRQHandler
                0x000000000000588e                TIM6_IRQHandler
                0x0000000000005890                TIM7_IRQHandler
                0x0000000000005892                DMA2_Channel1_IRQHandler
                0x0000000000005894                DMA2_Channel2_IRQHandler
                0x0000000000005896                DMA2_Channel3_IRQHandler
                0x0000000000005898                DMA2_Channel4_IRQHandler
                0x000000000000589a                DMA2_Channel5_IRQHandler
                0x000000000000589c                ETH_IRQHandler
                0x000000000000589e                ETH_WKUP_IRQHandler
                0x00000000000058a0                CAN2_TX_IRQHandler
                0x00000000000058a2                CAN2_RX0_IRQHandler
                0x00000000000058a4                CAN2_RX1_IRQHandler
                0x00000000000058a6                CAN2_SCE_IRQHandler
                0x00000000000058a8                OTG_FS_IRQHandler
                0x00000000000058aa                USBHSWakeup_IRQHandler
                0x00000000000058ac                USBHS_IRQHandler
                0x00000000000058ae                DVP_IRQHandler
                0x00000000000058b0                UART6_IRQHandler
                0x00000000000058b2                UART7_IRQHandler
                0x00000000000058b4                UART8_IRQHandler
                0x00000000000058b6                TIM9_BRK_IRQHandler
                0x00000000000058b8                TIM9_UP_IRQHandler
                0x00000000000058ba                TIM9_TRG_COM_IRQHandler
                0x00000000000058bc                TIM9_CC_IRQHandler
                0x00000000000058be                TIM10_BRK_IRQHandler
                0x00000000000058c0                TIM10_UP_IRQHandler
                0x00000000000058c2                TIM10_TRG_COM_IRQHandler
                0x00000000000058c4                TIM10_CC_IRQHandler
                0x00000000000058c6                DMA2_Channel6_IRQHandler
                0x00000000000058c8                DMA2_Channel7_IRQHandler
                0x00000000000058ca                DMA2_Channel8_IRQHandler
                0x00000000000058cc                DMA2_Channel9_IRQHandler
                0x00000000000058ce                DMA2_Channel10_IRQHandler
                0x00000000000058d0                DMA2_Channel11_IRQHandler
 .text.handle_reset
                0x00000000000058d2       0x8c ./libraries/hal_libraries/bmsis/source/startup_ch32v30x.o
                0x00000000000058d2                handle_reset
 .text.SystemInit
                0x000000000000595e       0xea ./libraries/hal_libraries/bmsis/source/system_ch32v30x.o
                0x000000000000595e                SystemInit
 .text.NVIC_DisableIRQ
                0x0000000000005a48       0x1a ./libraries/hal_drivers/drv_gpio.o
 .text.bit2bitno
                0x0000000000005a62       0x24 ./libraries/hal_drivers/drv_gpio.o
 .text.rt_hw_pin_init
                0x0000000000005a86       0x46 ./libraries/hal_drivers/drv_gpio.o
                0x0000000000005a86                rt_hw_pin_init
 .text.ch32_pin_get
                0x0000000000005acc       0x78 ./libraries/hal_drivers/drv_gpio.o
 .text.ch32_pin_dettach_irq
                0x0000000000005b44       0x62 ./libraries/hal_drivers/drv_gpio.o
 .text.ch32_pin_attach_irq
                0x0000000000005ba6       0x8c ./libraries/hal_drivers/drv_gpio.o
 .text.ch32_pin_mode
                0x0000000000005c32       0x68 ./libraries/hal_drivers/drv_gpio.o
 .text.ch32_pin_irq_enable
                0x0000000000005c9a      0x18c ./libraries/hal_drivers/drv_gpio.o
 .text.ch32_pin_read
                0x0000000000005e26       0x3a ./libraries/hal_drivers/drv_gpio.o
 .text.ch32_pin_write
                0x0000000000005e60       0x2a ./libraries/hal_drivers/drv_gpio.o
 .text.HAL_GPIO_EXTI_Callback
                0x0000000000005e8a       0x24 ./libraries/hal_drivers/drv_gpio.o
                0x0000000000005e8a                HAL_GPIO_EXTI_Callback
 .text.EXTI0_IRQHandler
                0x0000000000005eae       0x7c ./libraries/hal_drivers/drv_gpio.o
                0x0000000000005eae                EXTI0_IRQHandler
 .text.EXTI1_IRQHandler
                0x0000000000005f2a       0x7c ./libraries/hal_drivers/drv_gpio.o
                0x0000000000005f2a                EXTI1_IRQHandler
 .text.EXTI2_IRQHandler
                0x0000000000005fa6       0x7c ./libraries/hal_drivers/drv_gpio.o
                0x0000000000005fa6                EXTI2_IRQHandler
 .text.EXTI3_IRQHandler
                0x0000000000006022       0x7c ./libraries/hal_drivers/drv_gpio.o
                0x0000000000006022                EXTI3_IRQHandler
 .text.EXTI4_IRQHandler
                0x000000000000609e       0x7c ./libraries/hal_drivers/drv_gpio.o
                0x000000000000609e                EXTI4_IRQHandler
 .text.EXTI9_5_IRQHandler
                0x000000000000611a       0xcc ./libraries/hal_drivers/drv_gpio.o
                0x000000000000611a                EXTI9_5_IRQHandler
 .text.ch32dma_transmit
                0x00000000000061e6        0x4 ./libraries/hal_drivers/drv_usart.o
 .text.ch32_getc
                0x00000000000061ea       0x3e ./libraries/hal_drivers/drv_usart.o
 .text.ch32_putc
                0x0000000000006228       0x3e ./libraries/hal_drivers/drv_usart.o
 .text.ch32_control
                0x0000000000006266       0x7a ./libraries/hal_drivers/drv_usart.o
 .text.ch32_configure
                0x00000000000062e0      0x10e ./libraries/hal_drivers/drv_usart.o
 .text.USART1_IRQHandler
                0x00000000000063ee       0xac ./libraries/hal_drivers/drv_usart.o
                0x00000000000063ee                USART1_IRQHandler
 .text.rt_hw_usart_init
                0x000000000000649a       0x84 ./libraries/hal_drivers/drv_usart.o
                0x000000000000649a                rt_hw_usart_init
 .text.rt_hw_stack_init
                0x000000000000651e       0x32 ./libcpu/cpu/cpuport.o
                0x000000000000651e                rt_hw_stack_init
 .text.sw_setpend
                0x0000000000006550       0x10 ./libcpu/cpu/cpuport.o
                0x0000000000006550                sw_setpend
 .text.sw_clearpend
                0x0000000000006560        0xe ./libcpu/cpu/cpuport.o
                0x0000000000006560                sw_clearpend
 .text.rt_hw_interrupt_disable
                0x000000000000656e        0xc ./libcpu/cpu/cpuport.o
                0x000000000000656e                rt_hw_interrupt_disable
 .text.rt_hw_interrupt_enable
                0x000000000000657a        0x6 ./libcpu/cpu/cpuport.o
                0x000000000000657a                rt_hw_interrupt_enable
 .text.rt_hw_context_switch_interrupt
                0x0000000000006580       0x18 ./libcpu/cpu/cpuport.o
                0x0000000000006580                rt_hw_context_switch_interrupt
 .text.rt_hw_board_init
                0x0000000000006598       0x72 ./board/board.o
                0x0000000000006598                rt_hw_board_init
 .text.SysTick_Handler
                0x000000000000660a       0x74 ./board/board.o
                0x000000000000660a                SysTick_Handler
 .text.led      0x000000000000667e       0x62 ./applications/main.o
                0x000000000000667e                led
 .text.startup.main
                0x00000000000066e0       0x38 ./applications/main.o
                0x00000000000066e0                main
 .text.atoi     0x0000000000006718        0x6 c:/mounriver/mounriver_studio/toolchain/risc-v embedded gcc12/bin/../lib/gcc/riscv-none-elf/12.2.0/../../../../riscv-none-elf/lib/rv32imafc_xw/ilp32f\libg_nano.a(lib_a-atoi.o)
                0x0000000000006718                atoi
 .text.memcmp   0x000000000000671e       0x24 c:/mounriver/mounriver_studio/toolchain/risc-v embedded gcc12/bin/../lib/gcc/riscv-none-elf/12.2.0/../../../../riscv-none-elf/lib/rv32imafc_xw/ilp32f\libg_nano.a(lib_a-memcmp.o)
                0x000000000000671e                memcmp
 .text.strcat   0x0000000000006742       0x18 c:/mounriver/mounriver_studio/toolchain/risc-v embedded gcc12/bin/../lib/gcc/riscv-none-elf/12.2.0/../../../../riscv-none-elf/lib/rv32imafc_xw/ilp32f\libg_nano.a(lib_a-strcat.o)
                0x0000000000006742                strcat
 .text.strcpy   0x000000000000675a       0x10 c:/mounriver/mounriver_studio/toolchain/risc-v embedded gcc12/bin/../lib/gcc/riscv-none-elf/12.2.0/../../../../riscv-none-elf/lib/rv32imafc_xw/ilp32f\libg_nano.a(lib_a-strcpy.o)
                0x000000000000675a                strcpy
 .text.strlen   0x000000000000676a       0x10 c:/mounriver/mounriver_studio/toolchain/risc-v embedded gcc12/bin/../lib/gcc/riscv-none-elf/12.2.0/../../../../riscv-none-elf/lib/rv32imafc_xw/ilp32f\libg_nano.a(lib_a-strlen.o)
                0x000000000000676a                strlen
 .text.strncat  0x000000000000677a       0x2a c:/mounriver/mounriver_studio/toolchain/risc-v embedded gcc12/bin/../lib/gcc/riscv-none-elf/12.2.0/../../../../riscv-none-elf/lib/rv32imafc_xw/ilp32f\libg_nano.a(lib_a-strncat.o)
                0x000000000000677a                strncat
 .text.strncmp  0x00000000000067a4       0x28 c:/mounriver/mounriver_studio/toolchain/risc-v embedded gcc12/bin/../lib/gcc/riscv-none-elf/12.2.0/../../../../riscv-none-elf/lib/rv32imafc_xw/ilp32f\libg_nano.a(lib_a-strncmp.o)
                0x00000000000067a4                strncmp
 .text.strncpy  0x00000000000067cc       0x22 c:/mounriver/mounriver_studio/toolchain/risc-v embedded gcc12/bin/../lib/gcc/riscv-none-elf/12.2.0/../../../../riscv-none-elf/lib/rv32imafc_xw/ilp32f\libg_nano.a(lib_a-strncpy.o)
                0x00000000000067cc                strncpy
 .text._strtol_l.constprop.0
                0x00000000000067ee      0x13c c:/mounriver/mounriver_studio/toolchain/risc-v embedded gcc12/bin/../lib/gcc/riscv-none-elf/12.2.0/../../../../riscv-none-elf/lib/rv32imafc_xw/ilp32f\libg_nano.a(lib_a-strtol.o)
 .text.strtol   0x000000000000692a        0xe c:/mounriver/mounriver_studio/toolchain/risc-v embedded gcc12/bin/../lib/gcc/riscv-none-elf/12.2.0/../../../../riscv-none-elf/lib/rv32imafc_xw/ilp32f\libg_nano.a(lib_a-strtol.o)
                0x000000000000692a                strtol
 .text.__errno  0x0000000000006938        0x6 c:/mounriver/mounriver_studio/toolchain/risc-v embedded gcc12/bin/../lib/gcc/riscv-none-elf/12.2.0/../../../../riscv-none-elf/lib/rv32imafc_xw/ilp32f\libg_nano.a(lib_a-errno.o)
                0x0000000000006938                __errno
 *(.rodata)
 *(.rodata*)
 *fill*         0x000000000000693e        0x2 
 .rodata.rt_components_board_init.str1.4
                0x0000000000006940       0x1a ./rt-thread/src/components.o
 *fill*         0x000000000000695a        0x2 
 .rodata.rt_components_init.str1.4
                0x000000000000695c       0x1f ./rt-thread/src/components.o
 *fill*         0x000000000000697b        0x1 
 .rodata.rt_application_init.str1.4
                0x000000000000697c       0x17 ./rt-thread/src/components.o
 *fill*         0x0000000000006993        0x1 
 .rodata.__FUNCTION__.0
                0x0000000000006994       0x14 ./rt-thread/src/components.o
 .rodata.__rti_rti_board_end_name
                0x00000000000069a8        0xe ./rt-thread/src/components.o
                0x00000000000069a8                __rti_rti_board_end_name
 *fill*         0x00000000000069b6        0x2 
 .rodata.__rti_rti_board_start_name
                0x00000000000069b8       0x10 ./rt-thread/src/components.o
                0x00000000000069b8                __rti_rti_board_start_name
 .rodata.__rti_rti_start_name
                0x00000000000069c8        0xa ./rt-thread/src/components.o
                0x00000000000069c8                __rti_rti_start_name
 *fill*         0x00000000000069d2        0x2 
 .rodata.rt_device_unregister.str1.4
                0x00000000000069d4       0x74 ./rt-thread/src/device.o
 .rodata.rt_device_init.str1.4
                0x0000000000006a48       0x36 ./rt-thread/src/device.o
 *fill*         0x0000000000006a7e        0x2 
 .rodata.rt_device_open.str1.4
                0x0000000000006a80       0x14 ./rt-thread/src/device.o
 .rodata.__FUNCTION__.1
                0x0000000000006a94       0x1a ./rt-thread/src/device.o
 *fill*         0x0000000000006aae        0x2 
 .rodata.__FUNCTION__.3
                0x0000000000006ab0       0x10 ./rt-thread/src/device.o
 .rodata.__FUNCTION__.4
                0x0000000000006ac0        0xf ./rt-thread/src/device.o
 *fill*         0x0000000000006acf        0x1 
 .rodata.__FUNCTION__.5
                0x0000000000006ad0       0x10 ./rt-thread/src/device.o
 .rodata.__FUNCTION__.6
                0x0000000000006ae0        0xf ./rt-thread/src/device.o
 *fill*         0x0000000000006aef        0x1 
 .rodata.rt_thread_idle_init.str1.4
                0x0000000000006af0        0x8 ./rt-thread/src/idle.o
 .rodata._ipc_list_suspend.isra.0.str1.4
                0x0000000000006af8        0x2 ./rt-thread/src/ipc.o
 *fill*         0x0000000000006afa        0x2 
 .rodata.rt_sem_init.str1.4
                0x0000000000006afc       0x5d ./rt-thread/src/ipc.o
 *fill*         0x0000000000006b59        0x3 
 .rodata.rt_sem_detach.str1.4
                0x0000000000006b5c       0x77 ./rt-thread/src/ipc.o
 *fill*         0x0000000000006bd3        0x1 
 .rodata.rt_sem_create.str1.4
                0x0000000000006bd4       0x27 ./rt-thread/src/ipc.o
 *fill*         0x0000000000006bfb        0x1 
 .rodata.rt_sem_take.str1.4
                0x0000000000006bfc       0x63 ./rt-thread/src/ipc.o
 *fill*         0x0000000000006c5f        0x1 
 .rodata.rt_mutex_init.str1.4
                0x0000000000006c60       0x11 ./rt-thread/src/ipc.o
 *fill*         0x0000000000006c71        0x3 
 .rodata.rt_mutex_detach.str1.4
                0x0000000000006c74       0x75 ./rt-thread/src/ipc.o
 *fill*         0x0000000000006ce9        0x3 
 .rodata.__FUNCTION__.24
                0x0000000000006cec       0x11 ./rt-thread/src/ipc.o
 *fill*         0x0000000000006cfd        0x3 
 .rodata.__FUNCTION__.25
                0x0000000000006d00        0xe ./rt-thread/src/ipc.o
 *fill*         0x0000000000006d0e        0x2 
 .rodata.__FUNCTION__.29
                0x0000000000006d10        0xe ./rt-thread/src/ipc.o
 *fill*         0x0000000000006d1e        0x2 
 .rodata.__FUNCTION__.31
                0x0000000000006d20        0xf ./rt-thread/src/ipc.o
 *fill*         0x0000000000006d2f        0x1 
 .rodata.__FUNCTION__.32
                0x0000000000006d30       0x12 ./rt-thread/src/ipc.o
 *fill*         0x0000000000006d42        0x2 
 .rodata.__FUNCTION__.33
                0x0000000000006d44        0xc ./rt-thread/src/ipc.o
 .rodata.__FUNCTION__.37
                0x0000000000006d50        0xc ./rt-thread/src/ipc.o
 .rodata.rt_strerror.str1.4
                0x0000000000006d5c        0x8 ./rt-thread/src/kservice.o
 .rodata.rt_vsnprintf.str1.4
                0x0000000000006d64        0x7 ./rt-thread/src/kservice.o
 *fill*         0x0000000000006d6b        0x1 
 .rodata.rt_vsnprintf
                0x0000000000006d6c       0x58 ./rt-thread/src/kservice.o
 .rodata.rt_show_version.str1.4
                0x0000000000006dc4       0x96 ./rt-thread/src/kservice.o
 *fill*         0x0000000000006e5a        0x2 
 .rodata.rt_assert_handler.str1.4
                0x0000000000006e5c       0x37 ./rt-thread/src/kservice.o
 *fill*         0x0000000000006e93        0x1 
 .rodata.rt_system_heap_init.str1.4
                0x0000000000006e94       0x1d ./rt-thread/src/kservice.o
 *fill*         0x0000000000006eb1        0x3 
 .rodata._heap_unlock.str1.4
                0x0000000000006eb4       0x10 ./rt-thread/src/kservice.o
 .rodata.__FUNCTION__.0
                0x0000000000006ec4        0xd ./rt-thread/src/kservice.o
 *fill*         0x0000000000006ed1        0x3 
 .rodata.__FUNCTION__.1
                0x0000000000006ed4       0x14 ./rt-thread/src/kservice.o
 .rodata.small_digits.3
                0x0000000000006ee8       0x11 ./rt-thread/src/kservice.o
 *fill*         0x0000000000006ef9        0x3 
 .rodata.large_digits.4
                0x0000000000006efc       0x11 ./rt-thread/src/kservice.o
 *fill*         0x0000000000006f0d        0x3 
 .rodata.__lowest_bit_bitmap
                0x0000000000006f10      0x100 ./rt-thread/src/kservice.o
                0x0000000000006f10                __lowest_bit_bitmap
 .rodata.str1.4
                0x0000000000007010       0x4f ./rt-thread/src/kservice.o
 *fill*         0x000000000000705f        0x1 
 .rodata.rt_errno_strs
                0x0000000000007060       0x30 ./rt-thread/src/kservice.o
 .rodata.plug_holes.str1.4
                0x0000000000007090       0x52 ./rt-thread/src/mem.o
 *fill*         0x00000000000070e2        0x2 
 .rodata.rt_smem_init.str1.4
                0x00000000000070e4       0x42 ./rt-thread/src/mem.o
 *fill*         0x0000000000007126        0x2 
 .rodata.rt_smem_detach.str1.4
                0x0000000000007128       0x62 ./rt-thread/src/mem.o
                                         0x72 (size before relaxing)
 *fill*         0x000000000000718a        0x2 
 .rodata.rt_smem_alloc.str1.4
                0x000000000000718c       0xcb ./rt-thread/src/mem.o
 *fill*         0x0000000000007257        0x1 
 .rodata.rt_smem_free.str1.4
                0x0000000000007258      0x183 ./rt-thread/src/mem.o
 *fill*         0x00000000000073db        0x1 
 .rodata.__FUNCTION__.0
                0x00000000000073dc        0xd ./rt-thread/src/mem.o
 *fill*         0x00000000000073e9        0x3 
 .rodata.__FUNCTION__.1
                0x00000000000073ec        0xb ./rt-thread/src/mem.o
 *fill*         0x00000000000073f7        0x1 
 .rodata.__FUNCTION__.3
                0x00000000000073f8        0xe ./rt-thread/src/mem.o
 *fill*         0x0000000000007406        0x2 
 .rodata.rt_object_init.str1.4
                0x0000000000007408       0x26 ./rt-thread/src/object.o
 *fill*         0x000000000000742e        0x2 
 .rodata.rt_object_detach.str1.4
                0x0000000000007430       0x12 ./rt-thread/src/object.o
 .rodata.rt_object_allocate.str1.4
                0x0000000000007442       0x2a ./rt-thread/src/object.o
 *fill*         0x0000000000007442        0x2 
 .rodata.rt_object_delete.str1.4
                0x0000000000007444       0x29 ./rt-thread/src/object.o
 *fill*         0x000000000000746d        0x3 
 .rodata.__FUNCTION__.0
                0x0000000000007470        0xf ./rt-thread/src/object.o
 *fill*         0x000000000000747f        0x1 
 .rodata.__FUNCTION__.1
                0x0000000000007480       0x13 ./rt-thread/src/object.o
 *fill*         0x0000000000007493        0x1 
 .rodata.__FUNCTION__.2
                0x0000000000007494       0x1a ./rt-thread/src/object.o
 *fill*         0x00000000000074ae        0x2 
 .rodata.__FUNCTION__.3
                0x00000000000074b0       0x11 ./rt-thread/src/object.o
 *fill*         0x00000000000074c1        0x3 
 .rodata.__FUNCTION__.4
                0x00000000000074c4       0x13 ./rt-thread/src/object.o
 *fill*         0x00000000000074d7        0x1 
 .rodata.__FUNCTION__.5
                0x00000000000074d8       0x11 ./rt-thread/src/object.o
 *fill*         0x00000000000074e9        0x3 
 .rodata.__FUNCTION__.6
                0x00000000000074ec        0xf ./rt-thread/src/object.o
 *fill*         0x00000000000074fb        0x1 
 .rodata.rt_schedule_insert_thread.str1.4
                0x00000000000074fc       0x12 ./rt-thread/src/scheduler.o
 *fill*         0x000000000000750e        0x2 
 .rodata.rt_schedule.str1.4
                0x0000000000007510       0x51 ./rt-thread/src/scheduler.o
 *fill*         0x0000000000007561        0x3 
 .rodata.__FUNCTION__.0
                0x0000000000007564       0x1a ./rt-thread/src/scheduler.o
 *fill*         0x000000000000757e        0x2 
 .rodata.__FUNCTION__.1
                0x0000000000007580       0x1a ./rt-thread/src/scheduler.o
 *fill*         0x000000000000759a        0x2 
 .rodata._thread_init.constprop.0.str1.4
                0x000000000000759c       0x22 ./rt-thread/src/thread.o
 *fill*         0x00000000000075be        0x2 
 .rodata._thread_timeout.str1.4
                0x00000000000075c0       0x7e ./rt-thread/src/thread.o
                                         0x92 (size before relaxing)
 *fill*         0x000000000000763e        0x2 
 .rodata.rt_thread_init.str1.4
                0x0000000000007640       0x17 ./rt-thread/src/thread.o
 *fill*         0x0000000000007657        0x1 
 .rodata.rt_thread_detach.str1.4
                0x0000000000007658       0x2f ./rt-thread/src/thread.o
 *fill*         0x0000000000007687        0x1 
 .rodata.rt_thread_delete.str1.4
                0x0000000000007688       0x3b ./rt-thread/src/thread.o
 *fill*         0x00000000000076c3        0x1 
 .rodata.rt_thread_suspend.str1.4
                0x00000000000076c4       0x1b ./rt-thread/src/thread.o
 *fill*         0x00000000000076df        0x1 
 .rodata.rt_thread_startup.str1.4
                0x00000000000076e0       0x37 ./rt-thread/src/thread.o
 *fill*         0x0000000000007717        0x1 
 .rodata.__FUNCTION__.0
                0x0000000000007718       0x11 ./rt-thread/src/thread.o
 *fill*         0x0000000000007729        0x3 
 .rodata.__FUNCTION__.1
                0x000000000000772c       0x12 ./rt-thread/src/thread.o
 *fill*         0x000000000000773e        0x2 
 .rodata.__FUNCTION__.2
                0x0000000000007740       0x12 ./rt-thread/src/thread.o
 *fill*         0x0000000000007752        0x2 
 .rodata.__FUNCTION__.4
                0x0000000000007754       0x10 ./rt-thread/src/thread.o
 .rodata.__FUNCTION__.5
                0x0000000000007764       0x11 ./rt-thread/src/thread.o
 *fill*         0x0000000000007775        0x3 
 .rodata.__FUNCTION__.6
                0x0000000000007778       0x11 ./rt-thread/src/thread.o
 *fill*         0x0000000000007789        0x3 
 .rodata.__FUNCTION__.7
                0x000000000000778c       0x12 ./rt-thread/src/thread.o
 *fill*         0x000000000000779e        0x2 
 .rodata.__FUNCTION__.8
                0x00000000000077a0       0x10 ./rt-thread/src/thread.o
 .rodata.__FUNCTION__.9
                0x00000000000077b0        0xd ./rt-thread/src/thread.o
 *fill*         0x00000000000077bd        0x3 
 .rodata.__FUNCTION__.10
                0x00000000000077c0        0xf ./rt-thread/src/thread.o
 *fill*         0x00000000000077cf        0x1 
 .rodata.rt_timer_init.str1.4
                0x00000000000077d0       0x3f ./rt-thread/src/timer.o
 *fill*         0x000000000000780f        0x1 
 .rodata.rt_timer_detach.str1.4
                0x0000000000007810       0x66 ./rt-thread/src/timer.o
 *fill*         0x0000000000007876        0x2 
 .rodata.rt_timer_control.str1.4
                0x0000000000007878       0x26 ./rt-thread/src/timer.o
 *fill*         0x000000000000789e        0x2 
 .rodata.rt_timer_control
                0x00000000000078a0       0x18 ./rt-thread/src/timer.o
 .rodata.rt_system_timer_thread_init.str1.4
                0x00000000000078b8        0x6 ./rt-thread/src/timer.o
 *fill*         0x00000000000078be        0x2 
 .rodata.__FUNCTION__.0
                0x00000000000078c0       0x11 ./rt-thread/src/timer.o
 *fill*         0x00000000000078d1        0x3 
 .rodata.__FUNCTION__.1
                0x00000000000078d4        0xe ./rt-thread/src/timer.o
 *fill*         0x00000000000078e2        0x2 
 .rodata.__FUNCTION__.3
                0x00000000000078e4        0xf ./rt-thread/src/timer.o
 *fill*         0x00000000000078f3        0x1 
 .rodata.__FUNCTION__.6
                0x00000000000078f4       0x10 ./rt-thread/src/timer.o
 .rodata.__FUNCTION__.7
                0x0000000000007904        0xe ./rt-thread/src/timer.o
 *fill*         0x0000000000007912        0x2 
 .rodata.ulog_console_backend_init.str1.4
                0x0000000000007914        0x8 ./rt-thread/components/utilities/ulog/backend/console_be.o
 .rodata.__rti_ulog_console_backend_init_name
                0x000000000000791c       0x1a ./rt-thread/components/utilities/ulog/backend/console_be.o
                0x000000000000791c                __rti_ulog_console_backend_init_name
 *fill*         0x0000000000007936        0x2 
 .rodata.get_log_buf.str1.4
                0x0000000000007938       0x51 ./rt-thread/components/utilities/ulog/ulog.o
 *fill*         0x0000000000007989        0x3 
 .rodata.do_output.str1.4
                0x000000000000798c        0x3 ./rt-thread/components/utilities/ulog/ulog.o
 *fill*         0x000000000000798f        0x1 
 .rodata.ulog_init.str1.4
                0x0000000000007990        0x5 ./rt-thread/components/utilities/ulog/ulog.o
 *fill*         0x0000000000007995        0x3 
 .rodata.ulog_strcpy.str1.4
                0x0000000000007998        0x8 ./rt-thread/components/utilities/ulog/ulog.o
 .rodata.ulog_formater.str1.4
                0x00000000000079a0       0x35 ./rt-thread/components/utilities/ulog/ulog.o
                                         0x3d (size before relaxing)
 *fill*         0x00000000000079d5        0x3 
 .rodata.ulog_raw.str1.4
                0x00000000000079d8        0xd ./rt-thread/components/utilities/ulog/ulog.o
                                         0x11 (size before relaxing)
 *fill*         0x00000000000079e5        0x3 
 .rodata.ulog_backend_register.str1.4
                0x00000000000079e8       0x20 ./rt-thread/components/utilities/ulog/ulog.o
 .rodata.__FUNCTION__.3
                0x0000000000007a08       0x16 ./rt-thread/components/utilities/ulog/ulog.o
 *fill*         0x0000000000007a1e        0x2 
 .rodata.__FUNCTION__.8
                0x0000000000007a20        0xd ./rt-thread/components/utilities/ulog/ulog.o
 *fill*         0x0000000000007a2d        0x3 
 .rodata.__FUNCTION__.13
                0x0000000000007a30        0xe ./rt-thread/components/utilities/ulog/ulog.o
 *fill*         0x0000000000007a3e        0x2 
 .rodata.__FUNCTION__.14
                0x0000000000007a40        0xc ./rt-thread/components/utilities/ulog/ulog.o
 .rodata.__rti_ulog_init_name
                0x0000000000007a4c        0xa ./rt-thread/components/utilities/ulog/ulog.o
                0x0000000000007a4c                __rti_ulog_init_name
 *fill*         0x0000000000007a56        0x2 
 .rodata.str1.4
                0x0000000000007a58       0x23 ./rt-thread/components/utilities/ulog/ulog.o
 *fill*         0x0000000000007a7b        0x1 
 .rodata.color_output_info
                0x0000000000007a7c       0x20 ./rt-thread/components/utilities/ulog/ulog.o
 .rodata.level_output_info
                0x0000000000007a9c       0x20 ./rt-thread/components/utilities/ulog/ulog.o
 .rodata.clear.str1.4
                0x0000000000007abc        0x8 ./rt-thread/components/finsh/cmd.o
 .rodata.show_wait_queue.str1.4
                0x0000000000007ac4        0xa ./rt-thread/components/finsh/cmd.o
 *fill*         0x0000000000007ace        0x2 
 .rodata.object_split.constprop.0.str1.4
                0x0000000000007ad0        0x2 ./rt-thread/components/finsh/cmd.o
 *fill*         0x0000000000007ad2        0x2 
 .rodata.list_timer.str1.4
                0x0000000000007ad4       0xc9 ./rt-thread/components/finsh/cmd.o
                                         0xd1 (size before relaxing)
 *fill*         0x0000000000007b9d        0x3 
 .rodata.list_thread.str1.4
                0x0000000000007ba0       0xfa ./rt-thread/components/finsh/cmd.o
 *fill*         0x0000000000007c9a        0x2 
 .rodata.list_sem.str1.4
                0x0000000000007c9c       0x60 ./rt-thread/components/finsh/cmd.o
                                         0x64 (size before relaxing)
 .rodata.list_event.str1.4
                0x0000000000007cfc       0x76 ./rt-thread/components/finsh/cmd.o
 *fill*         0x0000000000007d72        0x2 
 .rodata.list_mutex.str1.4
                0x0000000000007d74       0x63 ./rt-thread/components/finsh/cmd.o
 *fill*         0x0000000000007dd7        0x1 
 .rodata.list_mailbox.str1.4
                0x0000000000007dd8       0x76 ./rt-thread/components/finsh/cmd.o
 *fill*         0x0000000000007e4e        0x2 
 .rodata.list_msgqueue.str1.4
                0x0000000000007e50       0x65 ./rt-thread/components/finsh/cmd.o
 *fill*         0x0000000000007eb5        0x3 
 .rodata.list_device.str1.4
                0x0000000000007eb8       0x6f ./rt-thread/components/finsh/cmd.o
 *fill*         0x0000000000007f27        0x1 
 .rodata.cmd_list.str1.4
                0x0000000000007f28      0x113 ./rt-thread/components/finsh/cmd.o
 *fill*         0x000000000000803b        0x1 
 .rodata.name   0x000000000000803c      0x18e ./rt-thread/components/finsh/cmd.o
                0x000000000000803c                __fsym_list_desc
                0x000000000000804c                __fsym_list_name
                0x0000000000008054                __fsym_list_device_desc
                0x000000000000806c                __fsym_list_device_name
                0x0000000000008078                __fsym_list_timer_desc
                0x0000000000008090                __fsym_list_timer_name
                0x000000000000809c                __fsym_list_msgqueue_desc
                0x00000000000080bc                __fsym_list_msgqueue_name
                0x00000000000080cc                __fsym_list_mailbox_desc
                0x00000000000080e4                __fsym_list_mailbox_name
                0x00000000000080f4                __fsym_list_mutex_desc
                0x000000000000810c                __fsym_list_mutex_name
                0x0000000000008118                __fsym_list_event_desc
                0x0000000000008130                __fsym_list_event_name
                0x000000000000813c                __fsym_list_sem_desc
                0x0000000000008158                __fsym_list_sem_name
                0x0000000000008164                __fsym_list_thread_desc
                0x0000000000008170                __fsym_list_thread_name
                0x000000000000817c                __fsym_version_desc
                0x00000000000081a0                __fsym_version_name
                0x00000000000081a8                __fsym_clear_desc
                0x00000000000081c4                __fsym_clear_name
 *fill*         0x00000000000081ca        0x2 
 .rodata.str1.4
                0x00000000000081cc      0x1a3 ./rt-thread/components/finsh/cmd.o
 *fill*         0x000000000000836f        0x1 
 .rodata.device_type_str
                0x0000000000008370       0x78 ./rt-thread/components/finsh/cmd.o
 .rodata.msh_help.str1.4
                0x00000000000083e8       0x28 ./rt-thread/components/finsh/msh.o
                                         0x2a (size before relaxing)
 .rodata.cmd_free.str1.4
                0x0000000000008410       0x3f ./rt-thread/components/finsh/msh.o
 *fill*         0x000000000000844f        0x1 
 .rodata.msh_exec.str1.4
                0x0000000000008450       0x3c ./rt-thread/components/finsh/msh.o
 .rodata.msh_auto_complete.str1.4
                0x000000000000848c       0x3c ./rt-thread/components/finsh/msh.o
                                          0x4 (size before relaxing)
 .rodata.name   0x000000000000848c       0x6d ./rt-thread/components/finsh/msh.o
                0x000000000000848c                __fsym_free_desc
                0x00000000000084b4                __fsym_free_name
                0x00000000000084bc                __fsym_ps_desc
                0x00000000000084d8                __fsym_ps_name
                0x00000000000084dc                __fsym_help_desc
                0x00000000000084f4                __fsym_help_name
 *fill*         0x00000000000084f9        0x3 
 .rodata.finsh_rx_ind.str1.4
                0x00000000000084fc       0x11 ./rt-thread/components/finsh/shell.o
 *fill*         0x000000000000850d        0x3 
 .rodata.finsh_get_prompt.str1.4
                0x0000000000008510        0xa ./rt-thread/components/finsh/shell.o
 *fill*         0x000000000000851a        0x2 
 .rodata.shell_handle_history.isra.0.str1.4
                0x000000000000851c        0xd ./rt-thread/components/finsh/shell.o
 *fill*         0x0000000000008529        0x3 
 .rodata.finsh_system_init.str1.4
                0x000000000000852c       0x25 ./rt-thread/components/finsh/shell.o
 *fill*         0x0000000000008551        0x3 
 .rodata.finsh_set_device.str1.4
                0x0000000000008554       0x20 ./rt-thread/components/finsh/shell.o
 .rodata.finsh_thread_entry.str1.4
                0x0000000000008574       0x14 ./rt-thread/components/finsh/shell.o
                                         0x1b (size before relaxing)
 .rodata.__FUNCTION__.3
                0x0000000000008588        0xd ./rt-thread/components/finsh/shell.o
 *fill*         0x0000000000008595        0x3 
 .rodata.__FUNCTION__.4
                0x0000000000008598       0x11 ./rt-thread/components/finsh/shell.o
 *fill*         0x00000000000085a9        0x3 
 .rodata.__FUNCTION__.5
                0x00000000000085ac        0xe ./rt-thread/components/finsh/shell.o
 *fill*         0x00000000000085ba        0x2 
 .rodata.__FUNCTION__.6
                0x00000000000085bc       0x16 ./rt-thread/components/finsh/shell.o
 *fill*         0x00000000000085d2        0x2 
 .rodata.__rti_finsh_system_init_name
                0x00000000000085d4       0x12 ./rt-thread/components/finsh/shell.o
                0x00000000000085d4                __rti_finsh_system_init_name
 .rodata.rt_serial_control.str1.4
                0x00000000000085e6        0xf ./rt-thread/components/drivers/serial/serial.o
 *fill*         0x00000000000085e6        0x2 
 .rodata.rt_serial_open.str1.4
                0x00000000000085e8       0x27 ./rt-thread/components/drivers/serial/serial.o
 *fill*         0x000000000000860f        0x1 
 .rodata.rt_serial_write.str1.4
                0x0000000000008610        0xe ./rt-thread/components/drivers/serial/serial.o
 *fill*         0x000000000000861e        0x2 
 .rodata.rt_hw_serial_register.str1.4
                0x0000000000008620       0x12 ./rt-thread/components/drivers/serial/serial.o
 *fill*         0x0000000000008632        0x2 
 .rodata.__FUNCTION__.1
                0x0000000000008634       0x11 ./rt-thread/components/drivers/serial/serial.o
 *fill*         0x0000000000008645        0x3 
 .rodata.__FUNCTION__.2
                0x0000000000008648        0xf ./rt-thread/components/drivers/serial/serial.o
 *fill*         0x0000000000008657        0x1 
 .rodata.__FUNCTION__.3
                0x0000000000008658        0xf ./rt-thread/components/drivers/serial/serial.o
 *fill*         0x0000000000008667        0x1 
 .rodata.__FUNCTION__.4
                0x0000000000008668       0x10 ./rt-thread/components/drivers/serial/serial.o
 .rodata.__FUNCTION__.6
                0x0000000000008678        0xf ./rt-thread/components/drivers/serial/serial.o
 *fill*         0x0000000000008687        0x1 
 .rodata.__FUNCTION__.7
                0x0000000000008688        0xf ./rt-thread/components/drivers/serial/serial.o
 *fill*         0x0000000000008697        0x1 
 .rodata.__FUNCTION__.9
                0x0000000000008698        0xf ./rt-thread/components/drivers/serial/serial.o
 *fill*         0x00000000000086a7        0x1 
 .rodata.__FUNCTION__.10
                0x00000000000086a8       0x10 ./rt-thread/components/drivers/serial/serial.o
 .rodata.__FUNCTION__.11
                0x00000000000086b8       0x12 ./rt-thread/components/drivers/serial/serial.o
 *fill*         0x00000000000086ca        0x2 
 .rodata.__FUNCTION__.12
                0x00000000000086cc       0x16 ./rt-thread/components/drivers/serial/serial.o
 *fill*         0x00000000000086e2        0x2 
 .rodata._pin_control.str1.4
                0x00000000000086e4        0xf ./rt-thread/components/drivers/misc/pin.o
 *fill*         0x00000000000086f3        0x1 
 .rodata._pin_cmd_print_usage.str1.4
                0x00000000000086f4      0x1d0 ./rt-thread/components/drivers/misc/pin.o
 .rodata.rt_pin_attach_irq.str1.4
                0x00000000000088c4       0x17 ./rt-thread/components/drivers/misc/pin.o
 *fill*         0x00000000000088db        0x1 
 .rodata._pin_cmd.str1.4
                0x00000000000088dc       0xb4 ./rt-thread/components/drivers/misc/pin.o
 .rodata.__FUNCTION__.0
                0x0000000000008990        0xb ./rt-thread/components/drivers/misc/pin.o
 *fill*         0x000000000000899b        0x1 
 .rodata.__FUNCTION__.1
                0x000000000000899c        0xc ./rt-thread/components/drivers/misc/pin.o
 .rodata.__FUNCTION__.2
                0x00000000000089a8        0xd ./rt-thread/components/drivers/misc/pin.o
 *fill*         0x00000000000089b5        0x3 
 .rodata.__FUNCTION__.3
                0x00000000000089b8        0xc ./rt-thread/components/drivers/misc/pin.o
 .rodata.__FUNCTION__.7
                0x00000000000089c4        0xa ./rt-thread/components/drivers/misc/pin.o
 *fill*         0x00000000000089ce        0x2 
 .rodata.__FUNCTION__.8
                0x00000000000089d0        0xb ./rt-thread/components/drivers/misc/pin.o
 *fill*         0x00000000000089db        0x1 
 .rodata.__FUNCTION__.9
                0x00000000000089dc        0xd ./rt-thread/components/drivers/misc/pin.o
 *fill*         0x00000000000089e9        0x3 
 .rodata.name   0x00000000000089ec       0x14 ./rt-thread/components/drivers/misc/pin.o
                0x00000000000089ec                __fsym_pin_desc
                0x00000000000089fc                __fsym_pin_name
 .rodata.rt_completion_init.str1.4
                0x0000000000008a00       0x16 ./rt-thread/components/drivers/ipc/completion.o
 *fill*         0x0000000000008a16        0x2 
 .rodata.rt_completion_wait.str1.4
                0x0000000000008a18       0x2f ./rt-thread/components/drivers/ipc/completion.o
                                         0xbf (size before relaxing)
 *fill*         0x0000000000008a47        0x1 
 .rodata.__FUNCTION__.0
                0x0000000000008a48       0x13 ./rt-thread/components/drivers/ipc/completion.o
 *fill*         0x0000000000008a5b        0x1 
 .rodata.__FUNCTION__.1
                0x0000000000008a5c       0x13 ./rt-thread/components/drivers/ipc/completion.o
 *fill*         0x0000000000008a6f        0x1 
 .rodata.__FUNCTION__.2
                0x0000000000008a70       0x13 ./rt-thread/components/drivers/ipc/completion.o
 *fill*         0x0000000000008a83        0x1 
 .rodata.NMI_Handler.str1.4
                0x0000000000008a84        0xf ./libraries/hal_libraries/bmsis/source/ch32v30x_it.o
 *fill*         0x0000000000008a93        0x1 
 .rodata.HardFault_Handler.str1.4
                0x0000000000008a94       0x35 ./libraries/hal_libraries/bmsis/source/ch32v30x_it.o
 *fill*         0x0000000000008ac9        0x3 
 .rodata.rt_hw_pin_init.str1.4
                0x0000000000008acc        0x4 ./libraries/hal_drivers/drv_gpio.o
 .rodata.__rti_rt_hw_pin_init_name
                0x0000000000008ad0        0xf ./libraries/hal_drivers/drv_gpio.o
                0x0000000000008ad0                __rti_rt_hw_pin_init_name
 *fill*         0x0000000000008adf        0x1 
 .rodata._ch32_pin_ops
                0x0000000000008ae0       0x1c ./libraries/hal_drivers/drv_gpio.o
 .rodata.pin_irq_map
                0x0000000000008afc       0x80 ./libraries/hal_drivers/drv_gpio.o
 .rodata.ch32_getc.str1.4
                0x0000000000008b7c       0x12 ./libraries/hal_drivers/drv_usart.o
 .rodata.ch32_configure.str1.4
                0x0000000000008b7c        0xf ./libraries/hal_drivers/drv_usart.o
 *fill*         0x0000000000008b8b        0x1 
 .rodata.USART1_IRQHandler.str1.4
                0x0000000000008b8c       0x10 ./libraries/hal_drivers/drv_usart.o
 .rodata.rt_hw_usart_init.str1.4
                0x0000000000008b9c       0x51 ./libraries/hal_drivers/drv_usart.o
 *fill*         0x0000000000008bed        0x3 
 .rodata.__FUNCTION__.0
                0x0000000000008bf0        0xf ./libraries/hal_drivers/drv_usart.o
 *fill*         0x0000000000008bff        0x1 
 .rodata.__FUNCTION__.1
                0x0000000000008c00        0xd ./libraries/hal_drivers/drv_usart.o
 *fill*         0x0000000000008c0d        0x3 
 .rodata.__FUNCTION__.2
                0x0000000000008c10        0xa ./libraries/hal_drivers/drv_usart.o
 *fill*         0x0000000000008c1a        0x2 
 .rodata.__FUNCTION__.3
                0x0000000000008c1c        0xa ./libraries/hal_drivers/drv_usart.o
 *fill*         0x0000000000008c26        0x2 
 .rodata.__FUNCTION__.4
                0x0000000000008c28       0x11 ./libraries/hal_drivers/drv_usart.o
 *fill*         0x0000000000008c39        0x3 
 .rodata.__FUNCTION__.5
                0x0000000000008c3c        0x9 ./libraries/hal_drivers/drv_usart.o
 *fill*         0x0000000000008c45        0x3 
 .rodata.ch32_uart_ops
                0x0000000000008c48       0x14 ./libraries/hal_drivers/drv_usart.o
 .rodata.str1.4
                0x0000000000008c5c        0x6 ./libraries/hal_drivers/drv_usart.o
 .rodata.rt_hw_board_init.str1.4
                0x0000000000008c62        0x6 ./board/board.o
 *fill*         0x0000000000008c62        0x2 
 .rodata.led.str1.4
                0x0000000000008c64       0x32 ./applications/main.o
 *fill*         0x0000000000008c96        0x2 
 .rodata.main.str1.4
                0x0000000000008c98       0x30 ./applications/main.o
 .rodata.name   0x0000000000008cc8       0x24 ./applications/main.o
                0x0000000000008cc8                __fsym_led_desc
                0x0000000000008ce8                __fsym_led_name
 .rodata._ctype_
                0x0000000000008cec      0x101 c:/mounriver/mounriver_studio/toolchain/risc-v embedded gcc12/bin/../lib/gcc/riscv-none-elf/12.2.0/../../../../riscv-none-elf/lib/rv32imafc_xw/ilp32f\libg_nano.a(lib_a-ctype_.o)
                0x0000000000008cec                _ctype_
 *(.gnu.linkonce.t.*)
                0x0000000000008df0                . = ALIGN (0x4)
 *fill*         0x0000000000008ded        0x3 
                0x0000000000008df0                __fsymtab_start = .
 *(FSymTab)
 FSymTab        0x0000000000008df0       0x84 ./rt-thread/components/finsh/cmd.o
                0x0000000000008df0                __fsym_list
                0x0000000000008dfc                __fsym_list_device
                0x0000000000008e08                __fsym_list_timer
                0x0000000000008e14                __fsym_list_msgqueue
                0x0000000000008e20                __fsym_list_mailbox
                0x0000000000008e2c                __fsym_list_mutex
                0x0000000000008e38                __fsym_list_event
                0x0000000000008e44                __fsym_list_sem
                0x0000000000008e50                __fsym_list_thread
                0x0000000000008e5c                __fsym_version
                0x0000000000008e68                __fsym_clear
 FSymTab        0x0000000000008e74       0x24 ./rt-thread/components/finsh/msh.o
                0x0000000000008e74                __fsym_free
                0x0000000000008e80                __fsym_ps
                0x0000000000008e8c                __fsym_help
 FSymTab        0x0000000000008e98        0xc ./rt-thread/components/drivers/misc/pin.o
                0x0000000000008e98                __fsym_pin
 FSymTab        0x0000000000008ea4        0xc ./applications/main.o
                0x0000000000008ea4                __fsym_led
                0x0000000000008eb0                __fsymtab_end = .
                0x0000000000008eb0                . = ALIGN (0x4)
                0x0000000000008eb0                __vsymtab_start = .
 *(VSymTab)
                0x0000000000008eb0                __vsymtab_end = .
                0x0000000000008eb0                . = ALIGN (0x4)
                0x0000000000008eb0                . = ALIGN (0x4)
                0x0000000000008eb0                __rt_init_start = .
 *(SORT_BY_NAME(.rti_fn*))
 .rti_fn.0      0x0000000000008eb0        0x8 ./rt-thread/src/components.o
                0x0000000000008eb0                __rt_init_desc_rti_start
 .rti_fn.0.end  0x0000000000008eb8        0x8 ./rt-thread/src/components.o
                0x0000000000008eb8                __rt_init_desc_rti_board_start
 .rti_fn.1      0x0000000000008ec0        0x8 ./rt-thread/components/utilities/ulog/ulog.o
                0x0000000000008ec0                __rt_init_desc_ulog_init
 .rti_fn.1      0x0000000000008ec8        0x8 ./libraries/hal_drivers/drv_gpio.o
                0x0000000000008ec8                __rt_init_desc_rt_hw_pin_init
 .rti_fn.1.end  0x0000000000008ed0        0x8 ./rt-thread/src/components.o
                0x0000000000008ed0                __rt_init_desc_rti_board_end
 .rti_fn.2      0x0000000000008ed8        0x8 ./rt-thread/components/utilities/ulog/backend/console_be.o
                0x0000000000008ed8                __rt_init_desc_ulog_console_backend_init
 .rti_fn.6      0x0000000000008ee0        0x8 ./rt-thread/components/finsh/shell.o
                0x0000000000008ee0                __rt_init_desc_finsh_system_init
 .rti_fn.6.end  0x0000000000008ee8        0x8 ./rt-thread/src/components.o
                0x0000000000008ee8                __rt_init_desc_rti_end
                0x0000000000008ef0                __rt_init_end = .
                0x0000000000008ef0                . = ALIGN (0x4)
                0x0000000000008ef0                . = ALIGN (0x4)
                0x0000000000008ef0                __rtmsymtab_start = .
 *(RTMSymTab)
                0x0000000000008ef0                __rtmsymtab_end = .
                0x0000000000008ef0                . = ALIGN (0x4)

.rela.dyn       0x0000000000008ef0        0x0
 .rela.text.finsh_system_init
                0x0000000000008ef0        0x0 ./rt-thread/src/clock.o
 .rela.init     0x0000000000008ef0        0x0 ./rt-thread/src/clock.o
 .rela.vector   0x0000000000008ef0        0x0 ./rt-thread/src/clock.o
 .rela.text.handle_reset
                0x0000000000008ef0        0x0 ./rt-thread/src/clock.o
 .rela.text     0x0000000000008ef0        0x0 ./rt-thread/src/clock.o
 .rela.text.rt_hw_board_init
                0x0000000000008ef0        0x0 ./rt-thread/src/clock.o
 .rela.data.impure_data
                0x0000000000008ef0        0x0 ./rt-thread/src/clock.o

.fini           0x0000000000008ef0        0x0
 *(SORT_NONE(.fini))
                0x0000000000008ef0                . = ALIGN (0x4)
                [!provide]                        PROVIDE (_etext = .)
                [!provide]                        PROVIDE (_eitcm = .)

.preinit_array  0x0000000000008ef0        0x0
                [!provide]                        PROVIDE (__preinit_array_start = .)
 *(.preinit_array)
                [!provide]                        PROVIDE (__preinit_array_end = .)

.init_array     0x0000000000008ef0        0x0
                [!provide]                        PROVIDE (__init_array_start = .)
 *(SORT_BY_INIT_PRIORITY(.init_array.*) SORT_BY_INIT_PRIORITY(.ctors.*))
 *(.init_array EXCLUDE_FILE(*crtend?.o *crtend.o *crtbegin?.o *crtbegin.o) .ctors)
                [!provide]                        PROVIDE (__init_array_end = .)

.fini_array     0x0000000000008ef0        0x0
                [!provide]                        PROVIDE (__fini_array_start = .)
 *(SORT_BY_INIT_PRIORITY(.fini_array.*) SORT_BY_INIT_PRIORITY(.dtors.*))
 *(.fini_array EXCLUDE_FILE(*crtend?.o *crtend.o *crtbegin?.o *crtbegin.o) .dtors)
                [!provide]                        PROVIDE (__fini_array_end = .)

.ctors
 *crtbegin.o(.ctors)
 *crtbegin?.o(.ctors)
 *(EXCLUDE_FILE(*crtend?.o *crtend.o) .ctors)
 *(SORT_BY_NAME(.ctors.*))
 *(.ctors)

.dtors
 *crtbegin.o(.dtors)
 *crtbegin?.o(.dtors)
 *(EXCLUDE_FILE(*crtend?.o *crtend.o) .dtors)
 *(SORT_BY_NAME(.dtors.*))
 *(.dtors)

.dalign         0x0000000020000000        0x0 load address 0x0000000000008ef0
                0x0000000020000000                . = ALIGN (0x4)
                0x0000000020000000                PROVIDE (_data_vma = .)

.dlalign        0x0000000000008ef0        0x0
                0x0000000000008ef0                . = ALIGN (0x4)
                0x0000000000008ef0                PROVIDE (_data_lma = .)

.data           0x0000000020000000      0x208 load address 0x0000000000008ef0
 *(.gnu.linkonce.r.*)
 *(.data .data.*)
 .data._object_container
                0x0000000020000000       0x90 ./rt-thread/src/object.o
 .data.APBAHBPrescTable
                0x0000000020000090       0x10 ./libraries/hal_libraries/ch32v303_hal/source/ch32v30x_rcc.o
 .data.pin_irq_hdr_tab
                0x00000000200000a0       0xc0 ./libraries/hal_drivers/drv_gpio.o
 .data.uart_config
                0x0000000020000160        0xc ./libraries/hal_drivers/drv_usart.o
 .data.uart_hw_config
                0x000000002000016c       0x1c ./libraries/hal_drivers/drv_usart.o
 .data.impure_data
                0x0000000020000188       0x60 c:/mounriver/mounriver_studio/toolchain/risc-v embedded gcc12/bin/../lib/gcc/riscv-none-elf/12.2.0/../../../../riscv-none-elf/lib/rv32imafc_xw/ilp32f\libg_nano.a(lib_a-impure.o)
 *(.gnu.linkonce.d.*)
                0x00000000200001e8                . = ALIGN (0x8)
                0x00000000200009e8                PROVIDE (__global_pointer$ = (. + 0x800))
 *(.sdata .sdata.*)
 .sdata._rt_thread_defunct
                0x00000000200001e8        0x8 ./rt-thread/src/idle.o
 .sdata._soft_timer_status
                0x00000000200001f0        0x1 ./rt-thread/src/timer.o
 *fill*         0x00000000200001f1        0x3 
 .sdata.ADCPrescTable
                0x00000000200001f4        0x4 ./libraries/hal_libraries/ch32v303_hal/source/ch32v30x_rcc.o
 .sdata.SystemCoreClock
                0x00000000200001f8        0x4 ./libraries/hal_libraries/bmsis/source/system_ch32v30x.o
                0x00000000200001f8                SystemCoreClock
 .sdata._impure_ptr
                0x00000000200001fc        0x4 c:/mounriver/mounriver_studio/toolchain/risc-v embedded gcc12/bin/../lib/gcc/riscv-none-elf/12.2.0/../../../../riscv-none-elf/lib/rv32imafc_xw/ilp32f\libg_nano.a(lib_a-impure.o)
                0x00000000200001fc                _impure_ptr
 *(.sdata2.*)
 *(.gnu.linkonce.s.*)
                0x0000000020000200                . = ALIGN (0x8)
 *(.srodata.cst16)
 *(.srodata.cst8)
 *(.srodata.cst4)
 *(.srodata.cst2)
 *(.srodata .srodata.*)
 .srodata.__rti_rti_end_name
                0x0000000020000200        0x8 ./rt-thread/src/components.o
                0x0000000020000200                __rti_rti_end_name
                0x0000000020000208                . = ALIGN (0x4)
                0x0000000020000208                PROVIDE (_edata = .)

.bss            0x0000000020000208      0x97c load address 0x00000000000090f8
                0x0000000020000208                . = ALIGN (0x4)
                0x0000000020000208                PROVIDE (_sbss = .)
 *(.sbss*)
 .sbss.rt_tick_hook
                0x0000000020000208        0x4 ./rt-thread/src/clock.o
 .sbss.rt_tick  0x000000002000020c        0x4 ./rt-thread/src/clock.o
 .sbss.rt_interrupt_nest
                0x0000000020000210        0x1 ./rt-thread/src/irq.o
                0x0000000020000210                rt_interrupt_nest